<?xml version="1.0" encoding="ISO-8859-1" ?>
<link_info>
   <banner>TMS320C2000 Linker Unix v18.12.4.LTS</banner>
   <copyright>Copyright (c) 1996-2018 Texas Instruments Incorporated</copyright>
   <link_time>0x5e7bef81</link_time>
   <link_errors>0x0</link_errors>
   <output_file>sd_card.out</output_file>
   <entry_point>
      <name>_c_int00</name>
      <address>0x857ff</address>
   </entry_point>
   <input_file_list>
      <input_file id="fl-2">
         <path>./</path>
         <kind>object</kind>
         <file>C2000_Main.obj</file>
         <name>C2000_Main.obj</name>
      </input_file>
      <input_file id="fl-3">
         <path>./Common/</path>
         <kind>object</kind>
         <file>AIC23.obj</file>
         <name>AIC23.obj</name>
      </input_file>
      <input_file id="fl-4">
         <path>./Common/</path>
         <kind>object</kind>
         <file>DSP.obj</file>
         <name>DSP.obj</name>
      </input_file>
      <input_file id="fl-5">
         <path>./Common/</path>
         <kind>object</kind>
         <file>F2837xD_Adc.obj</file>
         <name>F2837xD_Adc.obj</name>
      </input_file>
      <input_file id="fl-6">
         <path>./Common/</path>
         <kind>object</kind>
         <file>F2837xD_CodeStartBranch.obj</file>
         <name>F2837xD_CodeStartBranch.obj</name>
      </input_file>
      <input_file id="fl-7">
         <path>./Common/</path>
         <kind>object</kind>
         <file>F2837xD_CpuTimers.obj</file>
         <name>F2837xD_CpuTimers.obj</name>
      </input_file>
      <input_file id="fl-8">
         <path>./Common/</path>
         <kind>object</kind>
         <file>F2837xD_DBGIER.obj</file>
         <name>F2837xD_DBGIER.obj</name>
      </input_file>
      <input_file id="fl-9">
         <path>./Common/</path>
         <kind>object</kind>
         <file>F2837xD_DefaultISR.obj</file>
         <name>F2837xD_DefaultISR.obj</name>
      </input_file>
      <input_file id="fl-a">
         <path>./Common/</path>
         <kind>object</kind>
         <file>F2837xD_Dma.obj</file>
         <name>F2837xD_Dma.obj</name>
      </input_file>
      <input_file id="fl-b">
         <path>./Common/</path>
         <kind>object</kind>
         <file>F2837xD_ECap.obj</file>
         <name>F2837xD_ECap.obj</name>
      </input_file>
      <input_file id="fl-c">
         <path>./Common/</path>
         <kind>object</kind>
         <file>F2837xD_EPwm.obj</file>
         <name>F2837xD_EPwm.obj</name>
      </input_file>
      <input_file id="fl-d">
         <path>./Common/</path>
         <kind>object</kind>
         <file>F2837xD_EQep.obj</file>
         <name>F2837xD_EQep.obj</name>
      </input_file>
      <input_file id="fl-e">
         <path>./Common/</path>
         <kind>object</kind>
         <file>F2837xD_Emif.obj</file>
         <name>F2837xD_Emif.obj</name>
      </input_file>
      <input_file id="fl-f">
         <path>./Common/</path>
         <kind>object</kind>
         <file>F2837xD_Gpio.obj</file>
         <name>F2837xD_Gpio.obj</name>
      </input_file>
      <input_file id="fl-10">
         <path>./Common/</path>
         <kind>object</kind>
         <file>F2837xD_I2C.obj</file>
         <name>F2837xD_I2C.obj</name>
      </input_file>
      <input_file id="fl-11">
         <path>./Common/</path>
         <kind>object</kind>
         <file>F2837xD_Ipc.obj</file>
         <name>F2837xD_Ipc.obj</name>
      </input_file>
      <input_file id="fl-12">
         <path>./Common/</path>
         <kind>object</kind>
         <file>F2837xD_Ipc_Driver.obj</file>
         <name>F2837xD_Ipc_Driver.obj</name>
      </input_file>
      <input_file id="fl-13">
         <path>./Common/</path>
         <kind>object</kind>
         <file>F2837xD_Ipc_Driver_Lite.obj</file>
         <name>F2837xD_Ipc_Driver_Lite.obj</name>
      </input_file>
      <input_file id="fl-14">
         <path>./Common/</path>
         <kind>object</kind>
         <file>F2837xD_Ipc_Driver_Util.obj</file>
         <name>F2837xD_Ipc_Driver_Util.obj</name>
      </input_file>
      <input_file id="fl-15">
         <path>./Common/</path>
         <kind>object</kind>
         <file>F2837xD_Mcbsp.obj</file>
         <name>F2837xD_Mcbsp.obj</name>
      </input_file>
      <input_file id="fl-16">
         <path>./Common/</path>
         <kind>object</kind>
         <file>F2837xD_PieCtrl.obj</file>
         <name>F2837xD_PieCtrl.obj</name>
      </input_file>
      <input_file id="fl-17">
         <path>./Common/</path>
         <kind>object</kind>
         <file>F2837xD_PieVect.obj</file>
         <name>F2837xD_PieVect.obj</name>
      </input_file>
      <input_file id="fl-18">
         <path>./Common/</path>
         <kind>object</kind>
         <file>F2837xD_Sci.obj</file>
         <name>F2837xD_Sci.obj</name>
      </input_file>
      <input_file id="fl-19">
         <path>./Common/</path>
         <kind>object</kind>
         <file>F2837xD_Spi.obj</file>
         <name>F2837xD_Spi.obj</name>
      </input_file>
      <input_file id="fl-1a">
         <path>./Common/</path>
         <kind>object</kind>
         <file>F2837xD_SysCtrl.obj</file>
         <name>F2837xD_SysCtrl.obj</name>
      </input_file>
      <input_file id="fl-1b">
         <path>./Common/</path>
         <kind>object</kind>
         <file>F2837xD_TempSensorConv.obj</file>
         <name>F2837xD_TempSensorConv.obj</name>
      </input_file>
      <input_file id="fl-1c">
         <path>./Common/</path>
         <kind>object</kind>
         <file>F2837xD_Upp.obj</file>
         <name>F2837xD_Upp.obj</name>
      </input_file>
      <input_file id="fl-1d">
         <path>./Common/</path>
         <kind>object</kind>
         <file>F2837xD_sci_io.obj</file>
         <name>F2837xD_sci_io.obj</name>
      </input_file>
      <input_file id="fl-1e">
         <path>./Common/</path>
         <kind>object</kind>
         <file>F2837xD_sdfm_drivers.obj</file>
         <name>F2837xD_sdfm_drivers.obj</name>
      </input_file>
      <input_file id="fl-1f">
         <path>./Common/</path>
         <kind>object</kind>
         <file>F2837xD_struct.obj</file>
         <name>F2837xD_struct.obj</name>
      </input_file>
      <input_file id="fl-20">
         <path>./Common/</path>
         <kind>object</kind>
         <file>F2837xD_usDelay.obj</file>
         <name>F2837xD_usDelay.obj</name>
      </input_file>
      <input_file id="fl-21">
         <path>./Common/</path>
         <kind>object</kind>
         <file>Fapi_UserDefinedFunctions.obj</file>
         <name>Fapi_UserDefinedFunctions.obj</name>
      </input_file>
      <input_file id="fl-22">
         <path>./Common/</path>
         <kind>object</kind>
         <file>OneToOneI2CDriver.obj</file>
         <name>OneToOneI2CDriver.obj</name>
      </input_file>
      <input_file id="fl-23">
         <path>./Common/</path>
         <kind>object</kind>
         <file>RFFT_f32.obj</file>
         <name>RFFT_f32.obj</name>
      </input_file>
      <input_file id="fl-24">
         <path>./Common/</path>
         <kind>object</kind>
         <file>RFFT_f32_sincostable.obj</file>
         <name>RFFT_f32_sincostable.obj</name>
      </input_file>
      <input_file id="fl-25">
         <path>./Common/</path>
         <kind>object</kind>
         <file>RFFT_f32s_mag.obj</file>
         <name>RFFT_f32s_mag.obj</name>
      </input_file>
      <input_file id="fl-26">
         <path>./Common/</path>
         <kind>object</kind>
         <file>adc.obj</file>
         <name>adc.obj</name>
      </input_file>
      <input_file id="fl-27">
         <path>./Common/</path>
         <kind>object</kind>
         <file>cputimer.obj</file>
         <name>cputimer.obj</name>
      </input_file>
      <input_file id="fl-28">
         <path>./Common/</path>
         <kind>object</kind>
         <file>ff.obj</file>
         <name>ff.obj</name>
      </input_file>
      <input_file id="fl-29">
         <path>./Common/</path>
         <kind>object</kind>
         <file>interrupt.obj</file>
         <name>interrupt.obj</name>
      </input_file>
      <input_file id="fl-2a">
         <path>./Common/</path>
         <kind>object</kind>
         <file>lawOfCos.obj</file>
         <name>lawOfCos.obj</name>
      </input_file>
      <input_file id="fl-2b">
         <path>./Common/</path>
         <kind>object</kind>
         <file>mmc_F2837x.obj</file>
         <name>mmc_F2837x.obj</name>
      </input_file>
      <input_file id="fl-2c">
         <path>./Common/</path>
         <kind>object</kind>
         <file>sel_q.obj</file>
         <name>sel_q.obj</name>
      </input_file>
      <input_file id="fl-2d">
         <path>./Header/</path>
         <kind>object</kind>
         <file>F2837xD_GlobalVariableDefs.obj</file>
         <name>F2837xD_GlobalVariableDefs.obj</name>
      </input_file>
      <input_file id="fl-32">
         <kind>object</kind>
         <file>&lt;internal&gt;</file>
         <name>&lt;internal&gt;</name>
      </input_file>
      <input_file id="fl-3e">
         <path>/Applications/ti/ccs930/ccs/tools/compiler/ti-cgt-c2000_18.12.4.LTS/lib/</path>
         <kind>archive</kind>
         <file>rts2800_fpu32.lib</file>
         <name>e_powf.c.obj</name>
      </input_file>
      <input_file id="fl-3f">
         <path>/Applications/ti/ccs930/ccs/tools/compiler/ti-cgt-c2000_18.12.4.LTS/lib/</path>
         <kind>archive</kind>
         <file>rts2800_fpu32.lib</file>
         <name>e_sqrtf.c.obj</name>
      </input_file>
      <input_file id="fl-40">
         <path>/Applications/ti/ccs930/ccs/tools/compiler/ti-cgt-c2000_18.12.4.LTS/lib/</path>
         <kind>archive</kind>
         <file>rts2800_fpu32.lib</file>
         <name>s_scalbnf.c.obj</name>
      </input_file>
      <input_file id="fl-41">
         <path>/Applications/ti/ccs930/ccs/tools/compiler/ti-cgt-c2000_18.12.4.LTS/lib/</path>
         <kind>archive</kind>
         <file>rts2800_fpu32.lib</file>
         <name>boot28.asm.obj</name>
      </input_file>
      <input_file id="fl-42">
         <path>/Applications/ti/ccs930/ccs/tools/compiler/ti-cgt-c2000_18.12.4.LTS/lib/</path>
         <kind>archive</kind>
         <file>rts2800_fpu32.lib</file>
         <name>fs_div28.asm.obj</name>
      </input_file>
      <input_file id="fl-43">
         <path>/Applications/ti/ccs930/ccs/tools/compiler/ti-cgt-c2000_18.12.4.LTS/lib/</path>
         <kind>archive</kind>
         <file>rts2800_fpu32.lib</file>
         <name>ll_aox28.asm.obj</name>
      </input_file>
      <input_file id="fl-44">
         <path>/Applications/ti/ccs930/ccs/tools/compiler/ti-cgt-c2000_18.12.4.LTS/lib/</path>
         <kind>archive</kind>
         <file>rts2800_fpu32.lib</file>
         <name>cpy_tbl.c.obj</name>
      </input_file>
      <input_file id="fl-45">
         <path>/Applications/ti/ccs930/ccs/tools/compiler/ti-cgt-c2000_18.12.4.LTS/lib/</path>
         <kind>archive</kind>
         <file>rts2800_fpu32.lib</file>
         <name>memcpy.c.obj</name>
      </input_file>
      <input_file id="fl-46">
         <path>/Applications/ti/ccs930/ccs/tools/compiler/ti-cgt-c2000_18.12.4.LTS/lib/</path>
         <kind>archive</kind>
         <file>rts2800_fpu32.lib</file>
         <name>pre_init.c.obj</name>
      </input_file>
      <input_file id="fl-47">
         <path>/Applications/ti/ccs930/ccs/tools/compiler/ti-cgt-c2000_18.12.4.LTS/lib/</path>
         <kind>archive</kind>
         <file>rts2800_fpu32.lib</file>
         <name>startup.c.obj</name>
      </input_file>
      <input_file id="fl-48">
         <path>/Applications/ti/ccs930/ccs/tools/compiler/ti-cgt-c2000_18.12.4.LTS/lib/</path>
         <kind>archive</kind>
         <file>rts2800_fpu32.lib</file>
         <name>exit.c.obj</name>
      </input_file>
      <input_file id="fl-49">
         <path>/Applications/ti/ccs930/ccs/tools/compiler/ti-cgt-c2000_18.12.4.LTS/lib/</path>
         <kind>archive</kind>
         <file>rts2800_fpu32.lib</file>
         <name>_lock.c.obj</name>
      </input_file>
      <input_file id="fl-4a">
         <path>/Applications/ti/ccs930/ccs/tools/compiler/ti-cgt-c2000_18.12.4.LTS/lib/</path>
         <kind>archive</kind>
         <file>rts2800_fpu32.lib</file>
         <name>args_main.c.obj</name>
      </input_file>
      <input_file id="fl-4b">
         <path>/Applications/ti/ccs930/ccs/tools/compiler/ti-cgt-c2000_18.12.4.LTS/lib/</path>
         <kind>archive</kind>
         <file>rts2800_fpu32.lib</file>
         <name>memcmp.c.obj</name>
      </input_file>
      <input_file id="fl-4c">
         <path>/Applications/ti/ccs930/ccs/tools/compiler/ti-cgt-c2000_18.12.4.LTS/lib/</path>
         <kind>archive</kind>
         <file>rts2800_fpu32.lib</file>
         <name>memset.c.obj</name>
      </input_file>
      <input_file id="fl-4d">
         <path>/Applications/ti/ccs930/ccs/tools/compiler/ti-cgt-c2000_18.12.4.LTS/lib/</path>
         <kind>archive</kind>
         <file>rts2800_fpu32.lib</file>
         <name>errno.c.obj</name>
      </input_file>
      <input_file id="fl-4e">
         <path>/Applications/ti/ccs930/ccs/tools/compiler/ti-cgt-c2000_18.12.4.LTS/lib/</path>
         <kind>archive</kind>
         <file>rts2800_fpu32.lib</file>
         <name>s_copysignf.c.obj</name>
      </input_file>
   </input_file_list>
   <object_component_list>
      <object_component id="oc-85">
         <name>.cinit</name>
         <load_address>0x82000</load_address>
         <run_address>0x82000</run_address>
         <size>0x24</size>
         <input_file_ref idref="fl-2"/>
      </object_component>
      <object_component id="oc-197">
         <name>.cinit:_TRIP_SEL</name>
         <load_address>0x82024</load_address>
         <run_address>0x82024</run_address>
         <size>0x21</size>
         <input_file_ref idref="fl-1f"/>
      </object_component>
      <object_component id="oc-1c1">
         <name>.cinit:_EPWM</name>
         <load_address>0x82045</load_address>
         <run_address>0x82045</run_address>
         <size>0x1d</size>
         <input_file_ref idref="fl-1f"/>
      </object_component>
      <object_component id="oc-190">
         <name>.cinit:_ECAP</name>
         <load_address>0x82062</load_address>
         <run_address>0x82062</run_address>
         <size>0x11</size>
         <input_file_ref idref="fl-1f"/>
      </object_component>
      <object_component id="oc-20a">
         <name>.cinit</name>
         <load_address>0x82073</load_address>
         <run_address>0x82073</run_address>
         <size>0xe</size>
         <input_file_ref idref="fl-48"/>
      </object_component>
      <object_component id="oc-1b6">
         <name>.cinit:_ADC</name>
         <load_address>0x82081</load_address>
         <run_address>0x82081</run_address>
         <size>0xd</size>
         <input_file_ref idref="fl-1f"/>
      </object_component>
      <object_component id="oc-19c">
         <name>.cinit:_EQEP</name>
         <load_address>0x8208e</load_address>
         <run_address>0x8208e</run_address>
         <size>0xb</size>
         <input_file_ref idref="fl-1f"/>
      </object_component>
      <object_component id="oc-17e">
         <name>.cinit:_SPI</name>
         <load_address>0x82099</load_address>
         <run_address>0x82099</run_address>
         <size>0xb</size>
         <input_file_ref idref="fl-1f"/>
      </object_component>
      <object_component id="oc-1bc">
         <name>.cinit:_SDFM</name>
         <load_address>0x820a4</load_address>
         <run_address>0x820a4</run_address>
         <size>0x9</size>
         <input_file_ref idref="fl-1f"/>
      </object_component>
      <object_component id="oc-161">
         <name>.cinit</name>
         <load_address>0x820ad</load_address>
         <run_address>0x820ad</run_address>
         <size>0x8</size>
         <input_file_ref idref="fl-2b"/>
      </object_component>
      <object_component id="oc-1a0">
         <name>.cinit:_I2C</name>
         <load_address>0x820b5</load_address>
         <run_address>0x820b5</run_address>
         <size>0x7</size>
         <input_file_ref idref="fl-1f"/>
      </object_component>
      <object_component id="oc-1a6">
         <name>.cinit:_MCBSP</name>
         <load_address>0x820bc</load_address>
         <run_address>0x820bc</run_address>
         <size>0x7</size>
         <input_file_ref idref="fl-1f"/>
      </object_component>
      <object_component id="oc-179">
         <name>.cinit:_SCI</name>
         <load_address>0x820c3</load_address>
         <run_address>0x820c3</run_address>
         <size>0x7</size>
         <input_file_ref idref="fl-1f"/>
      </object_component>
      <object_component id="oc-233">
         <name>.cinit:_order</name>
         <load_address>0x820ca</load_address>
         <run_address>0x820ca</run_address>
         <size>0x6</size>
         <input_file_ref idref="fl-2"/>
      </object_component>
      <object_component id="oc-241">
         <name>.cinit:__lock</name>
         <load_address>0x820d0</load_address>
         <run_address>0x820d0</run_address>
         <size>0x5</size>
         <input_file_ref idref="fl-49"/>
      </object_component>
      <object_component id="oc-24d">
         <name>.cinit:__unlock</name>
         <load_address>0x820d5</load_address>
         <run_address>0x820d5</run_address>
         <size>0x5</size>
         <input_file_ref idref="fl-49"/>
      </object_component>
      <object_component id="oc-119">
         <name>.cinit</name>
         <load_address>0x820da</load_address>
         <run_address>0x820da</run_address>
         <size>0x4</size>
         <input_file_ref idref="fl-1d"/>
      </object_component>
      <object_component id="oc-225">
         <name>.cinit</name>
         <load_address>0x820de</load_address>
         <run_address>0x820de</run_address>
         <size>0x4</size>
         <input_file_ref idref="fl-4d"/>
      </object_component>
      <object_component id="oc-24a">
         <name>.text</name>
         <load_address>0x820e4</load_address>
         <run_address>0x820e4</run_address>
         <size>0x1084</size>
         <input_file_ref idref="fl-28"/>
      </object_component>
      <object_component id="oc-b0">
         <name>.text:retain</name>
         <load_address>0x83168</load_address>
         <run_address>0x83168</run_address>
         <size>0x590</size>
         <input_file_ref idref="fl-9"/>
      </object_component>
      <object_component id="oc-245">
         <name>.text</name>
         <load_address>0x836f8</load_address>
         <run_address>0x836f8</run_address>
         <size>0x49a</size>
         <input_file_ref idref="fl-1a"/>
      </object_component>
      <object_component id="oc-253">
         <name>.text</name>
         <load_address>0x83b92</load_address>
         <run_address>0x83b92</run_address>
         <size>0x42c</size>
         <input_file_ref idref="fl-2b"/>
      </object_component>
      <object_component id="oc-250">
         <name>.text</name>
         <load_address>0x83fbe</load_address>
         <run_address>0x83fbe</run_address>
         <size>0x42</size>
         <input_file_ref idref="fl-3"/>
      </object_component>
      <object_component id="oc-242">
         <name>.text</name>
         <load_address>0x84000</load_address>
         <run_address>0x84000</run_address>
         <size>0x3a7</size>
         <input_file_ref idref="fl-4"/>
      </object_component>
      <object_component id="oc-257">
         <name>.text</name>
         <load_address>0x843a7</load_address>
         <run_address>0x843a7</run_address>
         <size>0x369</size>
         <input_file_ref idref="fl-3e"/>
      </object_component>
      <object_component id="oc-24b">
         <name>.text</name>
         <load_address>0x84710</load_address>
         <run_address>0x84710</run_address>
         <size>0x315</size>
         <input_file_ref idref="fl-2a"/>
      </object_component>
      <object_component id="oc-244">
         <name>.text</name>
         <load_address>0x84a25</load_address>
         <run_address>0x84a25</run_address>
         <size>0x244</size>
         <input_file_ref idref="fl-f"/>
      </object_component>
      <object_component id="oc-234">
         <name>.text</name>
         <load_address>0x84c69</load_address>
         <run_address>0x84c69</run_address>
         <size>0x1c6</size>
         <input_file_ref idref="fl-2"/>
      </object_component>
      <object_component id="oc-24f">
         <name>.text</name>
         <load_address>0x84e2f</load_address>
         <run_address>0x84e2f</run_address>
         <size>0x1b8</size>
         <input_file_ref idref="fl-15"/>
      </object_component>
      <object_component id="oc-8a">
         <name>.text:retain</name>
         <load_address>0x84fe7</load_address>
         <run_address>0x84fe7</run_address>
         <size>0x191</size>
         <input_file_ref idref="fl-2"/>
      </object_component>
      <object_component id="oc-249">
         <name>.text</name>
         <load_address>0x85178</load_address>
         <run_address>0x85178</run_address>
         <size>0x171</size>
         <input_file_ref idref="fl-14"/>
      </object_component>
      <object_component id="oc-22f">
         <name>.text</name>
         <load_address>0x852e9</load_address>
         <run_address>0x852e9</run_address>
         <size>0x1</size>
         <input_file_ref idref="fl-47"/>
      </object_component>
      <object_component id="oc-135">
         <name>.text</name>
         <load_address>0x852ea</load_address>
         <run_address>0x852ea</run_address>
         <size>0x11d</size>
         <input_file_ref idref="fl-23"/>
      </object_component>
      <object_component id="oc-13f">
         <name>.text</name>
         <load_address>0x85408</load_address>
         <run_address>0x85408</run_address>
         <size>0xfe</size>
         <input_file_ref idref="fl-25"/>
      </object_component>
      <object_component id="oc-248">
         <name>.text</name>
         <load_address>0x85506</load_address>
         <run_address>0x85506</run_address>
         <size>0xfd</size>
         <input_file_ref idref="fl-c"/>
      </object_component>
      <object_component id="oc-24e">
         <name>.text</name>
         <load_address>0x85603</load_address>
         <run_address>0x85603</run_address>
         <size>0xa0</size>
         <input_file_ref idref="fl-22"/>
      </object_component>
      <object_component id="oc-1eb">
         <name>.text</name>
         <load_address>0x856a3</load_address>
         <run_address>0x856a3</run_address>
         <size>0x88</size>
         <input_file_ref idref="fl-42"/>
      </object_component>
      <object_component id="oc-243">
         <name>.text</name>
         <load_address>0x8572b</load_address>
         <run_address>0x8572b</run_address>
         <size>0x7c</size>
         <input_file_ref idref="fl-7"/>
      </object_component>
      <object_component id="oc-261">
         <name>.text</name>
         <load_address>0x857a7</load_address>
         <run_address>0x857a7</run_address>
         <size>0x58</size>
         <input_file_ref idref="fl-40"/>
      </object_component>
      <object_component id="oc-83">
         <name>.text</name>
         <load_address>0x857ff</load_address>
         <run_address>0x857ff</run_address>
         <size>0x56</size>
         <input_file_ref idref="fl-41"/>
      </object_component>
      <object_component id="oc-231">
         <name>.text</name>
         <load_address>0x85855</load_address>
         <run_address>0x85855</run_address>
         <size>0x29</size>
         <input_file_ref idref="fl-48"/>
      </object_component>
      <object_component id="oc-246">
         <name>.text</name>
         <load_address>0x8587e</load_address>
         <run_address>0x8587e</run_address>
         <size>0x28</size>
         <input_file_ref idref="fl-16"/>
      </object_component>
      <object_component id="oc-25d">
         <name>.text</name>
         <load_address>0x858a6</load_address>
         <run_address>0x858a6</run_address>
         <size>0x27</size>
         <input_file_ref idref="fl-3f"/>
      </object_component>
      <object_component id="oc-247">
         <name>.text</name>
         <load_address>0x858cd</load_address>
         <run_address>0x858cd</run_address>
         <size>0x26</size>
         <input_file_ref idref="fl-17"/>
      </object_component>
      <object_component id="oc-22e">
         <name>.text</name>
         <load_address>0x858f3</load_address>
         <run_address>0x858f3</run_address>
         <size>0x24</size>
         <input_file_ref idref="fl-44"/>
      </object_component>
      <object_component id="oc-23f">
         <name>.text</name>
         <load_address>0x85917</load_address>
         <run_address>0x85917</run_address>
         <size>0x1d</size>
         <input_file_ref idref="fl-45"/>
      </object_component>
      <object_component id="oc-230">
         <name>.text</name>
         <load_address>0x85934</load_address>
         <run_address>0x85934</run_address>
         <size>0x19</size>
         <input_file_ref idref="fl-4a"/>
      </object_component>
      <object_component id="oc-1f0">
         <name>.text</name>
         <load_address>0x8594d</load_address>
         <run_address>0x8594d</run_address>
         <size>0x18</size>
         <input_file_ref idref="fl-43"/>
      </object_component>
      <object_component id="oc-254">
         <name>.text</name>
         <load_address>0x85965</load_address>
         <run_address>0x85965</run_address>
         <size>0x13</size>
         <input_file_ref idref="fl-4b"/>
      </object_component>
      <object_component id="oc-262">
         <name>.text</name>
         <load_address>0x85978</load_address>
         <run_address>0x85978</run_address>
         <size>0x11</size>
         <input_file_ref idref="fl-4e"/>
      </object_component>
      <object_component id="oc-24c">
         <name>.text</name>
         <load_address>0x85989</load_address>
         <run_address>0x85989</run_address>
         <size>0x9</size>
         <input_file_ref idref="fl-49"/>
      </object_component>
      <object_component id="oc-255">
         <name>.text</name>
         <load_address>0x85992</load_address>
         <run_address>0x85992</run_address>
         <size>0x7</size>
         <input_file_ref idref="fl-4c"/>
      </object_component>
      <object_component id="oc-aa">
         <name>.text</name>
         <load_address>0x85999</load_address>
         <run_address>0x85999</run_address>
         <size>0x3</size>
         <input_file_ref idref="fl-8"/>
      </object_component>
      <object_component id="oc-22d">
         <name>.text</name>
         <load_address>0x8599c</load_address>
         <run_address>0x8599c</run_address>
         <size>0x2</size>
         <input_file_ref idref="fl-46"/>
      </object_component>
      <object_component id="oc-9f">
         <name>codestart</name>
         <load_address>0x80000</load_address>
         <run_address>0x80000</run_address>
         <size>0x2</size>
         <input_file_ref idref="fl-6"/>
      </object_component>
      <object_component id="oc-251">
         <name>.TI.ramfunc</name>
         <load_address>0x86000</load_address>
         <run_address>0x8000</run_address>
         <size>0x37</size>
         <input_file_ref idref="fl-1a"/>
      </object_component>
      <object_component id="oc-126">
         <name>.TI.ramfunc</name>
         <load_address>0x86037</load_address>
         <run_address>0x8037</run_address>
         <size>0x4</size>
         <input_file_ref idref="fl-20"/>
      </object_component>
      <object_component id="oc-1e5">
         <name>.stack</name>
         <uninitialized>true</uninitialized>
         <run_address>0x400</run_address>
         <size>0x0</size>
         <input_file_ref idref="fl-41"/>
      </object_component>
      <object_component id="oc-2eb">
         <name>.stack</name>
         <uninitialized>true</uninitialized>
         <run_address>0x400</run_address>
         <size>0x0</size>
      </object_component>
      <object_component id="oc-86">
         <name>.ebss</name>
         <uninitialized>true</uninitialized>
         <run_address>0xa800</run_address>
         <size>0x498</size>
         <input_file_ref idref="fl-2"/>
      </object_component>
      <object_component id="oc-238">
         <name>.ebss:_TRIP_SEL</name>
         <uninitialized>true</uninitialized>
         <run_address>0xac98</run_address>
         <size>0x1e</size>
         <input_file_ref idref="fl-1f"/>
      </object_component>
      <object_component id="oc-23c">
         <name>.ebss:_ADC</name>
         <uninitialized>true</uninitialized>
         <run_address>0xacb6</run_address>
         <size>0xa</size>
         <input_file_ref idref="fl-1f"/>
      </object_component>
      <object_component id="oc-23e">
         <name>.ebss:_EPWM</name>
         <uninitialized>true</uninitialized>
         <run_address>0xacc0</run_address>
         <size>0x1a</size>
         <input_file_ref idref="fl-1f"/>
      </object_component>
      <object_component id="oc-a5">
         <name>.ebss</name>
         <uninitialized>true</uninitialized>
         <run_address>0xacda</run_address>
         <size>0x18</size>
         <input_file_ref idref="fl-7"/>
      </object_component>
      <object_component id="oc-237">
         <name>.ebss:_ECAP</name>
         <uninitialized>true</uninitialized>
         <run_address>0xacf2</run_address>
         <size>0xe</size>
         <input_file_ref idref="fl-1f"/>
      </object_component>
      <object_component id="oc-239">
         <name>.ebss:_EQEP</name>
         <uninitialized>true</uninitialized>
         <run_address>0xad00</run_address>
         <size>0x8</size>
         <input_file_ref idref="fl-1f"/>
      </object_component>
      <object_component id="oc-25a">
         <name>.ebss:_Inverse</name>
         <uninitialized>true</uninitialized>
         <run_address>0xad08</run_address>
         <size>0x8</size>
         <input_file_ref idref="fl-2a"/>
      </object_component>
      <object_component id="oc-259">
         <name>.ebss:_Jac</name>
         <uninitialized>true</uninitialized>
         <run_address>0xad10</run_address>
         <size>0x8</size>
         <input_file_ref idref="fl-2a"/>
      </object_component>
      <object_component id="oc-236">
         <name>.ebss:_SPI</name>
         <uninitialized>true</uninitialized>
         <run_address>0xad18</run_address>
         <size>0x8</size>
         <input_file_ref idref="fl-1f"/>
      </object_component>
      <object_component id="oc-10e">
         <name>.ebss</name>
         <uninitialized>true</uninitialized>
         <run_address>0xad20</run_address>
         <size>0x6</size>
         <input_file_ref idref="fl-1b"/>
      </object_component>
      <object_component id="oc-23d">
         <name>.ebss:_SDFM</name>
         <uninitialized>true</uninitialized>
         <run_address>0xad26</run_address>
         <size>0x6</size>
         <input_file_ref idref="fl-1f"/>
      </object_component>
      <object_component id="oc-20b">
         <name>.ebss</name>
         <uninitialized>true</uninitialized>
         <run_address>0xad2c</run_address>
         <size>0x6</size>
         <input_file_ref idref="fl-48"/>
      </object_component>
      <object_component id="oc-162">
         <name>.ebss</name>
         <uninitialized>true</uninitialized>
         <run_address>0xad32</run_address>
         <size>0x5</size>
         <input_file_ref idref="fl-2b"/>
      </object_component>
      <object_component id="oc-11a">
         <name>.ebss</name>
         <uninitialized>true</uninitialized>
         <run_address>0xad37</run_address>
         <size>0x1</size>
         <input_file_ref idref="fl-1d"/>
      </object_component>
      <object_component id="oc-258">
         <name>.ebss:_F</name>
         <uninitialized>true</uninitialized>
         <run_address>0xad38</run_address>
         <size>0x4</size>
         <input_file_ref idref="fl-2a"/>
      </object_component>
      <object_component id="oc-256">
         <name>.ebss:_FatFs</name>
         <uninitialized>true</uninitialized>
         <run_address>0xad3c</run_address>
         <size>0x4</size>
         <input_file_ref idref="fl-28"/>
      </object_component>
      <object_component id="oc-23a">
         <name>.ebss:_I2C</name>
         <uninitialized>true</uninitialized>
         <run_address>0xad40</run_address>
         <size>0x4</size>
         <input_file_ref idref="fl-1f"/>
      </object_component>
      <object_component id="oc-23b">
         <name>.ebss:_MCBSP</name>
         <uninitialized>true</uninitialized>
         <run_address>0xad44</run_address>
         <size>0x4</size>
         <input_file_ref idref="fl-1f"/>
      </object_component>
      <object_component id="oc-25b">
         <name>.ebss:_Result</name>
         <uninitialized>true</uninitialized>
         <run_address>0xad48</run_address>
         <size>0x4</size>
         <input_file_ref idref="fl-2a"/>
      </object_component>
      <object_component id="oc-235">
         <name>.ebss:_SCI</name>
         <uninitialized>true</uninitialized>
         <run_address>0xad4c</run_address>
         <size>0x4</size>
         <input_file_ref idref="fl-1f"/>
      </object_component>
      <object_component id="oc-232">
         <name>.ebss:_order</name>
         <uninitialized>true</uninitialized>
         <run_address>0xad50</run_address>
         <size>0x3</size>
         <input_file_ref idref="fl-2"/>
      </object_component>
      <object_component id="oc-14f">
         <name>.ebss</name>
         <uninitialized>true</uninitialized>
         <run_address>0xad53</run_address>
         <size>0x1</size>
         <input_file_ref idref="fl-28"/>
      </object_component>
      <object_component id="oc-240">
         <name>.ebss:__lock</name>
         <uninitialized>true</uninitialized>
         <run_address>0xad54</run_address>
         <size>0x2</size>
         <input_file_ref idref="fl-49"/>
      </object_component>
      <object_component id="oc-25c">
         <name>.ebss:__unlock</name>
         <uninitialized>true</uninitialized>
         <run_address>0xad56</run_address>
         <size>0x2</size>
         <input_file_ref idref="fl-49"/>
      </object_component>
      <object_component id="oc-15b">
         <name>.ebss</name>
         <uninitialized>true</uninitialized>
         <run_address>0xad58</run_address>
         <size>0x1</size>
         <input_file_ref idref="fl-2a"/>
      </object_component>
      <object_component id="oc-226">
         <name>.ebss</name>
         <uninitialized>true</uninitialized>
         <run_address>0xad59</run_address>
         <size>0x1</size>
         <input_file_ref idref="fl-4d"/>
      </object_component>
      <object_component id="oc-252">
         <name>.econst:_PieVectTableInit</name>
         <load_address>0x90000</load_address>
         <run_address>0x90000</run_address>
         <size>0x1c0</size>
         <input_file_ref idref="fl-17"/>
      </object_component>
      <object_component id="oc-1d5">
         <name>.econst</name>
         <load_address>0x901c0</load_address>
         <run_address>0x901c0</run_address>
         <size>0x32</size>
         <input_file_ref idref="fl-3e"/>
      </object_component>
      <object_component id="oc-8b">
         <name>.econst:.string</name>
         <load_address>0x901f2</load_address>
         <run_address>0x901f2</run_address>
         <size>0xb</size>
         <input_file_ref idref="fl-2"/>
      </object_component>
      <object_component id="oc-150">
         <name>.econst:.string</name>
         <load_address>0x901fe</load_address>
         <run_address>0x901fe</run_address>
         <size>0xa</size>
         <input_file_ref idref="fl-28"/>
      </object_component>
      <object_component id="oc-1e0">
         <name>.econst</name>
         <load_address>0x90208</load_address>
         <run_address>0x90208</run_address>
         <size>0x6</size>
         <input_file_ref idref="fl-40"/>
      </object_component>
      <object_component id="oc-25e">
         <name>.econst:_bp</name>
         <load_address>0x9020e</load_address>
         <run_address>0x9020e</run_address>
         <size>0x4</size>
         <input_file_ref idref="fl-3e"/>
      </object_component>
      <object_component id="oc-260">
         <name>.econst:_dp_h</name>
         <load_address>0x90212</load_address>
         <run_address>0x90212</run_address>
         <size>0x4</size>
         <input_file_ref idref="fl-3e"/>
      </object_component>
      <object_component id="oc-25f">
         <name>.econst:_dp_l</name>
         <load_address>0x90216</load_address>
         <run_address>0x90216</run_address>
         <size>0x4</size>
         <input_file_ref idref="fl-3e"/>
      </object_component>
      <object_component id="oc-1e6">
         <name>.reset</name>
         <load_address>0x3fffc0</load_address>
         <run_address>0x3fffc0</run_address>
         <size>0x2</size>
         <input_file_ref idref="fl-41"/>
      </object_component>
      <object_component id="oc-89">
         <name>ramgs2</name>
         <uninitialized>true</uninitialized>
         <run_address>0xe000</run_address>
         <size>0x800</size>
         <input_file_ref idref="fl-2"/>
      </object_component>
      <object_component id="oc-87">
         <name>SHARERAMGS0</name>
         <uninitialized>true</uninitialized>
         <run_address>0xc000</run_address>
         <size>0x100</size>
         <input_file_ref idref="fl-2"/>
      </object_component>
      <object_component id="oc-88">
         <name>SHARERAMGS1</name>
         <uninitialized>true</uninitialized>
         <run_address>0xd000</run_address>
         <size>0x100</size>
         <input_file_ref idref="fl-2"/>
      </object_component>
      <object_component id="oc-e2">
         <name>PUTBUFFER</name>
         <uninitialized>true</uninitialized>
         <run_address>0x3fc00</run_address>
         <size>0x80</size>
         <input_file_ref idref="fl-12"/>
      </object_component>
      <object_component id="oc-de">
         <name>PUTWRITEIDX</name>
         <uninitialized>true</uninitialized>
         <run_address>0x3fc80</run_address>
         <size>0x4</size>
         <input_file_ref idref="fl-12"/>
      </object_component>
      <object_component id="oc-e1">
         <name>GETREADIDX</name>
         <uninitialized>true</uninitialized>
         <run_address>0x3fc84</run_address>
         <size>0x4</size>
         <input_file_ref idref="fl-12"/>
      </object_component>
      <object_component id="oc-e3">
         <name>GETBUFFER</name>
         <uninitialized>true</uninitialized>
         <run_address>0x3f800</run_address>
         <size>0x80</size>
         <input_file_ref idref="fl-12"/>
      </object_component>
      <object_component id="oc-e0">
         <name>GETWRITEIDX</name>
         <uninitialized>true</uninitialized>
         <run_address>0x3f880</run_address>
         <size>0x4</size>
         <input_file_ref idref="fl-12"/>
      </object_component>
      <object_component id="oc-df">
         <name>PUTREADIDX</name>
         <uninitialized>true</uninitialized>
         <run_address>0x3f884</run_address>
         <size>0x4</size>
         <input_file_ref idref="fl-12"/>
      </object_component>
      <object_component id="oc-1d2">
         <name>PieVectTableFile</name>
         <uninitialized>true</uninitialized>
         <run_address>0xd00</run_address>
         <size>0x1c0</size>
         <input_file_ref idref="fl-2d"/>
      </object_component>
      <object_component id="oc-168">
         <name>EmuBModeVar</name>
         <uninitialized>true</uninitialized>
         <run_address>0xd00</run_address>
         <size>0x1</size>
         <input_file_ref idref="fl-2d"/>
      </object_component>
      <object_component id="oc-169">
         <name>EmuBootPinsVar</name>
         <uninitialized>true</uninitialized>
         <run_address>0xd01</run_address>
         <size>0x1</size>
         <input_file_ref idref="fl-2d"/>
      </object_component>
      <object_component id="oc-181">
         <name>AdcaResultFile</name>
         <uninitialized>true</uninitialized>
         <run_address>0xb00</run_address>
         <size>0x18</size>
         <input_file_ref idref="fl-2d"/>
      </object_component>
      <object_component id="oc-182">
         <name>AdcbResultFile</name>
         <uninitialized>true</uninitialized>
         <run_address>0xb20</run_address>
         <size>0x18</size>
         <input_file_ref idref="fl-2d"/>
      </object_component>
      <object_component id="oc-183">
         <name>AdccResultFile</name>
         <uninitialized>true</uninitialized>
         <run_address>0xb40</run_address>
         <size>0x18</size>
         <input_file_ref idref="fl-2d"/>
      </object_component>
      <object_component id="oc-184">
         <name>AdcdResultFile</name>
         <uninitialized>true</uninitialized>
         <run_address>0xb60</run_address>
         <size>0x18</size>
         <input_file_ref idref="fl-2d"/>
      </object_component>
      <object_component id="oc-1b5">
         <name>AdcaRegsFile</name>
         <uninitialized>true</uninitialized>
         <run_address>0x7400</run_address>
         <size>0x80</size>
         <input_file_ref idref="fl-2d"/>
      </object_component>
      <object_component id="oc-1b7">
         <name>AdcbRegsFile</name>
         <uninitialized>true</uninitialized>
         <run_address>0x7480</run_address>
         <size>0x80</size>
         <input_file_ref idref="fl-2d"/>
      </object_component>
      <object_component id="oc-1b8">
         <name>AdccRegsFile</name>
         <uninitialized>true</uninitialized>
         <run_address>0x7500</run_address>
         <size>0x80</size>
         <input_file_ref idref="fl-2d"/>
      </object_component>
      <object_component id="oc-1b9">
         <name>AdcdRegsFile</name>
         <uninitialized>true</uninitialized>
         <run_address>0x7580</run_address>
         <size>0x80</size>
         <input_file_ref idref="fl-2d"/>
      </object_component>
      <object_component id="oc-1b1">
         <name>AnalogSubsysRegsFile</name>
         <uninitialized>true</uninitialized>
         <run_address>0x5d180</run_address>
         <size>0x48</size>
         <input_file_ref idref="fl-2d"/>
      </object_component>
      <object_component id="oc-1ce">
         <name>CanaRegsFile</name>
         <uninitialized>true</uninitialized>
         <run_address>0x48000</run_address>
         <size>0x164</size>
         <input_file_ref idref="fl-2d"/>
      </object_component>
      <object_component id="oc-1cf">
         <name>CanbRegsFile</name>
         <uninitialized>true</uninitialized>
         <run_address>0x4a000</run_address>
         <size>0x164</size>
         <input_file_ref idref="fl-2d"/>
      </object_component>
      <object_component id="oc-1ac">
         <name>Cla1RegsFile</name>
         <uninitialized>true</uninitialized>
         <run_address>0x1400</run_address>
         <size>0x3e</size>
         <input_file_ref idref="fl-2d"/>
      </object_component>
      <object_component id="oc-16d">
         <name>Cla1SoftIntRegsFile</name>
         <uninitialized>true</uninitialized>
         <run_address>0xce0</run_address>
         <size>0x4</size>
         <input_file_ref idref="fl-2d"/>
      </object_component>
      <object_component id="oc-187">
         <name>Cmpss1RegsFile</name>
         <uninitialized>true</uninitialized>
         <run_address>0x5c80</run_address>
         <size>0x20</size>
         <input_file_ref idref="fl-2d"/>
      </object_component>
      <object_component id="oc-188">
         <name>Cmpss2RegsFile</name>
         <uninitialized>true</uninitialized>
         <run_address>0x5ca0</run_address>
         <size>0x20</size>
         <input_file_ref idref="fl-2d"/>
      </object_component>
      <object_component id="oc-189">
         <name>Cmpss3RegsFile</name>
         <uninitialized>true</uninitialized>
         <run_address>0x5cc0</run_address>
         <size>0x20</size>
         <input_file_ref idref="fl-2d"/>
      </object_component>
      <object_component id="oc-18a">
         <name>Cmpss4RegsFile</name>
         <uninitialized>true</uninitialized>
         <run_address>0x5ce0</run_address>
         <size>0x20</size>
         <input_file_ref idref="fl-2d"/>
      </object_component>
      <object_component id="oc-18b">
         <name>Cmpss5RegsFile</name>
         <uninitialized>true</uninitialized>
         <run_address>0x5d00</run_address>
         <size>0x20</size>
         <input_file_ref idref="fl-2d"/>
      </object_component>
      <object_component id="oc-18c">
         <name>Cmpss6RegsFile</name>
         <uninitialized>true</uninitialized>
         <run_address>0x5d20</run_address>
         <size>0x20</size>
         <input_file_ref idref="fl-2d"/>
      </object_component>
      <object_component id="oc-18d">
         <name>Cmpss7RegsFile</name>
         <uninitialized>true</uninitialized>
         <run_address>0x5d40</run_address>
         <size>0x20</size>
         <input_file_ref idref="fl-2d"/>
      </object_component>
      <object_component id="oc-18e">
         <name>Cmpss8RegsFile</name>
         <uninitialized>true</uninitialized>
         <run_address>0x5d60</run_address>
         <size>0x20</size>
         <input_file_ref idref="fl-2d"/>
      </object_component>
      <object_component id="oc-173">
         <name>CpuTimer0RegsFile</name>
         <uninitialized>true</uninitialized>
         <run_address>0xc00</run_address>
         <size>0x8</size>
         <input_file_ref idref="fl-2d"/>
      </object_component>
      <object_component id="oc-174">
         <name>CpuTimer1RegsFile</name>
         <uninitialized>true</uninitialized>
         <run_address>0xc08</run_address>
         <size>0x8</size>
         <input_file_ref idref="fl-2d"/>
      </object_component>
      <object_component id="oc-175">
         <name>CpuTimer2RegsFile</name>
         <uninitialized>true</uninitialized>
         <run_address>0xc10</run_address>
         <size>0x8</size>
         <input_file_ref idref="fl-2d"/>
      </object_component>
      <object_component id="oc-170">
         <name>DacaRegsFile</name>
         <uninitialized>true</uninitialized>
         <run_address>0x5c00</run_address>
         <size>0x8</size>
         <input_file_ref idref="fl-2d"/>
      </object_component>
      <object_component id="oc-171">
         <name>DacbRegsFile</name>
         <uninitialized>true</uninitialized>
         <run_address>0x5c10</run_address>
         <size>0x8</size>
         <input_file_ref idref="fl-2d"/>
      </object_component>
      <object_component id="oc-172">
         <name>DaccRegsFile</name>
         <uninitialized>true</uninitialized>
         <run_address>0x5c20</run_address>
         <size>0x8</size>
         <input_file_ref idref="fl-2d"/>
      </object_component>
      <object_component id="oc-1a2">
         <name>DcsmZ1RegsFile</name>
         <uninitialized>true</uninitialized>
         <run_address>0x5f000</run_address>
         <size>0x24</size>
         <input_file_ref idref="fl-2d"/>
      </object_component>
      <object_component id="oc-1a3">
         <name>DcsmZ2RegsFile</name>
         <uninitialized>true</uninitialized>
         <run_address>0x5f040</run_address>
         <size>0x24</size>
         <input_file_ref idref="fl-2d"/>
      </object_component>
      <object_component id="oc-176">
         <name>DcsmCommonRegsFile</name>
         <uninitialized>true</uninitialized>
         <run_address>0x5f070</run_address>
         <size>0x8</size>
         <input_file_ref idref="fl-2d"/>
      </object_component>
      <object_component id="oc-1bf">
         <name>DmaRegsFile</name>
         <uninitialized>true</uninitialized>
         <run_address>0x1000</run_address>
         <size>0xe0</size>
         <input_file_ref idref="fl-2d"/>
      </object_component>
      <object_component id="oc-185">
         <name>DmaClaSrcSelRegsFile</name>
         <uninitialized>true</uninitialized>
         <run_address>0x7980</run_address>
         <size>0x1a</size>
         <input_file_ref idref="fl-2d"/>
      </object_component>
      <object_component id="oc-18f">
         <name>ECap1RegsFile</name>
         <uninitialized>true</uninitialized>
         <run_address>0x5000</run_address>
         <size>0x20</size>
         <input_file_ref idref="fl-2d"/>
      </object_component>
      <object_component id="oc-191">
         <name>ECap2RegsFile</name>
         <uninitialized>true</uninitialized>
         <run_address>0x5020</run_address>
         <size>0x20</size>
         <input_file_ref idref="fl-2d"/>
      </object_component>
      <object_component id="oc-192">
         <name>ECap3RegsFile</name>
         <uninitialized>true</uninitialized>
         <run_address>0x5040</run_address>
         <size>0x20</size>
         <input_file_ref idref="fl-2d"/>
      </object_component>
      <object_component id="oc-193">
         <name>ECap4RegsFile</name>
         <uninitialized>true</uninitialized>
         <run_address>0x5060</run_address>
         <size>0x20</size>
         <input_file_ref idref="fl-2d"/>
      </object_component>
      <object_component id="oc-194">
         <name>ECap5RegsFile</name>
         <uninitialized>true</uninitialized>
         <run_address>0x5080</run_address>
         <size>0x20</size>
         <input_file_ref idref="fl-2d"/>
      </object_component>
      <object_component id="oc-195">
         <name>ECap6RegsFile</name>
         <uninitialized>true</uninitialized>
         <run_address>0x50a0</run_address>
         <size>0x20</size>
         <input_file_ref idref="fl-2d"/>
      </object_component>
      <object_component id="oc-1b3">
         <name>Emif1RegsFile</name>
         <uninitialized>true</uninitialized>
         <run_address>0x47000</run_address>
         <size>0x70</size>
         <input_file_ref idref="fl-2d"/>
      </object_component>
      <object_component id="oc-1b4">
         <name>Emif2RegsFile</name>
         <uninitialized>true</uninitialized>
         <run_address>0x47800</run_address>
         <size>0x70</size>
         <input_file_ref idref="fl-2d"/>
      </object_component>
      <object_component id="oc-1c0">
         <name>EPwm1RegsFile</name>
         <uninitialized>true</uninitialized>
         <run_address>0x4000</run_address>
         <size>0x100</size>
         <input_file_ref idref="fl-2d"/>
      </object_component>
      <object_component id="oc-1c2">
         <name>EPwm2RegsFile</name>
         <uninitialized>true</uninitialized>
         <run_address>0x4100</run_address>
         <size>0x100</size>
         <input_file_ref idref="fl-2d"/>
      </object_component>
      <object_component id="oc-1c3">
         <name>EPwm3RegsFile</name>
         <uninitialized>true</uninitialized>
         <run_address>0x4200</run_address>
         <size>0x100</size>
         <input_file_ref idref="fl-2d"/>
      </object_component>
      <object_component id="oc-1c4">
         <name>EPwm4RegsFile</name>
         <uninitialized>true</uninitialized>
         <run_address>0x4300</run_address>
         <size>0x100</size>
         <input_file_ref idref="fl-2d"/>
      </object_component>
      <object_component id="oc-1c5">
         <name>EPwm5RegsFile</name>
         <uninitialized>true</uninitialized>
         <run_address>0x4400</run_address>
         <size>0x100</size>
         <input_file_ref idref="fl-2d"/>
      </object_component>
      <object_component id="oc-1c6">
         <name>EPwm6RegsFile</name>
         <uninitialized>true</uninitialized>
         <run_address>0x4500</run_address>
         <size>0x100</size>
         <input_file_ref idref="fl-2d"/>
      </object_component>
      <object_component id="oc-1c7">
         <name>EPwm7RegsFile</name>
         <uninitialized>true</uninitialized>
         <run_address>0x4600</run_address>
         <size>0x100</size>
         <input_file_ref idref="fl-2d"/>
      </object_component>
      <object_component id="oc-1c8">
         <name>EPwm8RegsFile</name>
         <uninitialized>true</uninitialized>
         <run_address>0x4700</run_address>
         <size>0x100</size>
         <input_file_ref idref="fl-2d"/>
      </object_component>
      <object_component id="oc-1c9">
         <name>EPwm9RegsFile</name>
         <uninitialized>true</uninitialized>
         <run_address>0x4800</run_address>
         <size>0x100</size>
         <input_file_ref idref="fl-2d"/>
      </object_component>
      <object_component id="oc-1ca">
         <name>EPwm10RegsFile</name>
         <uninitialized>true</uninitialized>
         <run_address>0x4900</run_address>
         <size>0x100</size>
         <input_file_ref idref="fl-2d"/>
      </object_component>
      <object_component id="oc-1cb">
         <name>EPwm11RegsFile</name>
         <uninitialized>true</uninitialized>
         <run_address>0x4a00</run_address>
         <size>0x100</size>
         <input_file_ref idref="fl-2d"/>
      </object_component>
      <object_component id="oc-1cc">
         <name>EPwm12RegsFile</name>
         <uninitialized>true</uninitialized>
         <run_address>0x4b00</run_address>
         <size>0x100</size>
         <input_file_ref idref="fl-2d"/>
      </object_component>
      <object_component id="oc-1ad">
         <name>EPwmXbarRegsFile</name>
         <uninitialized>true</uninitialized>
         <run_address>0x7a00</run_address>
         <size>0x40</size>
         <input_file_ref idref="fl-2d"/>
      </object_component>
      <object_component id="oc-19b">
         <name>EQep1RegsFile</name>
         <uninitialized>true</uninitialized>
         <run_address>0x5100</run_address>
         <size>0x22</size>
         <input_file_ref idref="fl-2d"/>
      </object_component>
      <object_component id="oc-19d">
         <name>EQep2RegsFile</name>
         <uninitialized>true</uninitialized>
         <run_address>0x5140</run_address>
         <size>0x22</size>
         <input_file_ref idref="fl-2d"/>
      </object_component>
      <object_component id="oc-19e">
         <name>EQep3RegsFile</name>
         <uninitialized>true</uninitialized>
         <run_address>0x5180</run_address>
         <size>0x22</size>
         <input_file_ref idref="fl-2d"/>
      </object_component>
      <object_component id="oc-1d1">
         <name>Flash0CtrlRegsFile</name>
         <uninitialized>true</uninitialized>
         <run_address>0x5f800</run_address>
         <size>0x182</size>
         <input_file_ref idref="fl-2d"/>
      </object_component>
      <object_component id="oc-1a8">
         <name>Flash0EccRegsFile</name>
         <uninitialized>true</uninitialized>
         <run_address>0x5fb00</run_address>
         <size>0x28</size>
         <input_file_ref idref="fl-2d"/>
      </object_component>
      <object_component id="oc-1d0">
         <name>GpioCtrlRegsFile</name>
         <uninitialized>true</uninitialized>
         <run_address>0x7c00</run_address>
         <size>0x180</size>
         <input_file_ref idref="fl-2d"/>
      </object_component>
      <object_component id="oc-1aa">
         <name>GpioDataRegsFile</name>
         <uninitialized>true</uninitialized>
         <run_address>0x7f00</run_address>
         <size>0x30</size>
         <input_file_ref idref="fl-2d"/>
      </object_component>
      <object_component id="oc-1ae">
         <name>OutputXbarRegsFile</name>
         <uninitialized>true</uninitialized>
         <run_address>0x7a80</run_address>
         <size>0x40</size>
         <input_file_ref idref="fl-2d"/>
      </object_component>
      <object_component id="oc-19f">
         <name>I2caRegsFile</name>
         <uninitialized>true</uninitialized>
         <run_address>0x7300</run_address>
         <size>0x22</size>
         <input_file_ref idref="fl-2d"/>
      </object_component>
      <object_component id="oc-1a1">
         <name>I2cbRegsFile</name>
         <uninitialized>true</uninitialized>
         <run_address>0x7340</run_address>
         <size>0x22</size>
         <input_file_ref idref="fl-2d"/>
      </object_component>
      <object_component id="oc-196">
         <name>InputXbarRegsFile</name>
         <uninitialized>true</uninitialized>
         <run_address>0x7900</run_address>
         <size>0x20</size>
         <input_file_ref idref="fl-2d"/>
      </object_component>
      <object_component id="oc-198">
         <name>XbarRegsFile</name>
         <uninitialized>true</uninitialized>
         <run_address>0x7920</run_address>
         <size>0x20</size>
         <input_file_ref idref="fl-2d"/>
      </object_component>
      <object_component id="oc-1a4">
         <name>IpcRegsFile</name>
         <uninitialized>true</uninitialized>
         <run_address>0x50000</run_address>
         <size>0x24</size>
         <input_file_ref idref="fl-2d"/>
      </object_component>
      <object_component id="oc-16a">
         <name>FlashPumpSemaphoreRegsFile</name>
         <uninitialized>true</uninitialized>
         <run_address>0x50024</run_address>
         <size>0x2</size>
         <input_file_ref idref="fl-2d"/>
      </object_component>
      <object_component id="oc-16b">
         <name>RomPrefetchRegsFile</name>
         <uninitialized>true</uninitialized>
         <run_address>0x5e608</run_address>
         <size>0x2</size>
         <input_file_ref idref="fl-2d"/>
      </object_component>
      <object_component id="oc-1ba">
         <name>MemCfgRegsFile</name>
         <uninitialized>true</uninitialized>
         <run_address>0x5f400</run_address>
         <size>0x80</size>
         <input_file_ref idref="fl-2d"/>
      </object_component>
      <object_component id="oc-199">
         <name>Emif1ConfigRegsFile</name>
         <uninitialized>true</uninitialized>
         <run_address>0x5f480</run_address>
         <size>0x20</size>
         <input_file_ref idref="fl-2d"/>
      </object_component>
      <object_component id="oc-19a">
         <name>Emif2ConfigRegsFile</name>
         <uninitialized>true</uninitialized>
         <run_address>0x5f4a0</run_address>
         <size>0x20</size>
         <input_file_ref idref="fl-2d"/>
      </object_component>
      <object_component id="oc-1af">
         <name>AccessProtectionRegsFile</name>
         <uninitialized>true</uninitialized>
         <run_address>0x5f4c0</run_address>
         <size>0x40</size>
         <input_file_ref idref="fl-2d"/>
      </object_component>
      <object_component id="oc-1b0">
         <name>MemoryErrorRegsFile</name>
         <uninitialized>true</uninitialized>
         <run_address>0x5f500</run_address>
         <size>0x40</size>
         <input_file_ref idref="fl-2d"/>
      </object_component>
      <object_component id="oc-16c">
         <name>RomWaitStateRegsFile</name>
         <uninitialized>true</uninitialized>
         <run_address>0x5f540</run_address>
         <size>0x2</size>
         <input_file_ref idref="fl-2d"/>
      </object_component>
      <object_component id="oc-1a5">
         <name>McbspaRegsFile</name>
         <uninitialized>true</uninitialized>
         <run_address>0x6000</run_address>
         <size>0x24</size>
         <input_file_ref idref="fl-2d"/>
      </object_component>
      <object_component id="oc-1a7">
         <name>McbspbRegsFile</name>
         <uninitialized>true</uninitialized>
         <run_address>0x6040</run_address>
         <size>0x24</size>
         <input_file_ref idref="fl-2d"/>
      </object_component>
      <object_component id="oc-1b2">
         <name>UppRegsFile</name>
         <uninitialized>true</uninitialized>
         <run_address>0x6200</run_address>
         <size>0x48</size>
         <input_file_ref idref="fl-2d"/>
      </object_component>
      <object_component id="oc-16f">
         <name>NmiIntruptRegsFile</name>
         <uninitialized>true</uninitialized>
         <run_address>0x7060</run_address>
         <size>0x7</size>
         <input_file_ref idref="fl-2d"/>
      </object_component>
      <object_component id="oc-186">
         <name>PieCtrlRegsFile</name>
         <uninitialized>true</uninitialized>
         <run_address>0xce0</run_address>
         <size>0x1a</size>
         <input_file_ref idref="fl-2d"/>
      </object_component>
      <object_component id="oc-178">
         <name>SciaRegsFile</name>
         <uninitialized>true</uninitialized>
         <run_address>0x7200</run_address>
         <size>0x10</size>
         <input_file_ref idref="fl-2d"/>
      </object_component>
      <object_component id="oc-17a">
         <name>ScibRegsFile</name>
         <uninitialized>true</uninitialized>
         <run_address>0x7210</run_address>
         <size>0x10</size>
         <input_file_ref idref="fl-2d"/>
      </object_component>
      <object_component id="oc-17b">
         <name>ScicRegsFile</name>
         <uninitialized>true</uninitialized>
         <run_address>0x7220</run_address>
         <size>0x10</size>
         <input_file_ref idref="fl-2d"/>
      </object_component>
      <object_component id="oc-17c">
         <name>ScidRegsFile</name>
         <uninitialized>true</uninitialized>
         <run_address>0x7230</run_address>
         <size>0x10</size>
         <input_file_ref idref="fl-2d"/>
      </object_component>
      <object_component id="oc-1bb">
         <name>Sdfm1RegsFile</name>
         <uninitialized>true</uninitialized>
         <run_address>0x5e00</run_address>
         <size>0x80</size>
         <input_file_ref idref="fl-2d"/>
      </object_component>
      <object_component id="oc-1bd">
         <name>Sdfm2RegsFile</name>
         <uninitialized>true</uninitialized>
         <run_address>0x5e80</run_address>
         <size>0x80</size>
         <input_file_ref idref="fl-2d"/>
      </object_component>
      <object_component id="oc-17d">
         <name>SpiaRegsFile</name>
         <uninitialized>true</uninitialized>
         <run_address>0x6100</run_address>
         <size>0x10</size>
         <input_file_ref idref="fl-2d"/>
      </object_component>
      <object_component id="oc-17f">
         <name>SpibRegsFile</name>
         <uninitialized>true</uninitialized>
         <run_address>0x6110</run_address>
         <size>0x10</size>
         <input_file_ref idref="fl-2d"/>
      </object_component>
      <object_component id="oc-180">
         <name>SpicRegsFile</name>
         <uninitialized>true</uninitialized>
         <run_address>0x6120</run_address>
         <size>0x10</size>
         <input_file_ref idref="fl-2d"/>
      </object_component>
      <object_component id="oc-1cd">
         <name>DevCfgRegsFile</name>
         <uninitialized>true</uninitialized>
         <run_address>0x5d000</run_address>
         <size>0x12e</size>
         <input_file_ref idref="fl-2d"/>
      </object_component>
      <object_component id="oc-1ab">
         <name>ClkCfgRegsFile</name>
         <uninitialized>true</uninitialized>
         <run_address>0x5d200</run_address>
         <size>0x32</size>
         <input_file_ref idref="fl-2d"/>
      </object_component>
      <object_component id="oc-1be">
         <name>CpuSysRegsFile</name>
         <uninitialized>true</uninitialized>
         <run_address>0x5d300</run_address>
         <size>0x82</size>
         <input_file_ref idref="fl-2d"/>
      </object_component>
      <object_component id="oc-16e">
         <name>SyncSocRegsFile</name>
         <uninitialized>true</uninitialized>
         <run_address>0x7940</run_address>
         <size>0x6</size>
         <input_file_ref idref="fl-2d"/>
      </object_component>
      <object_component id="oc-1a9">
         <name>WdRegsFile</name>
         <uninitialized>true</uninitialized>
         <run_address>0x7000</run_address>
         <size>0x2b</size>
         <input_file_ref idref="fl-2d"/>
      </object_component>
      <object_component id="oc-177">
         <name>XintRegsFile</name>
         <uninitialized>true</uninitialized>
         <run_address>0x7070</run_address>
         <size>0xb</size>
         <input_file_ref idref="fl-2d"/>
      </object_component>
      <object_component id="oc-84">
         <name>.debug_info</name>
         <load_address>0x0</load_address>
         <run_address>0x0</run_address>
         <size>0x1fb9a</size>
         <input_file_ref idref="fl-2"/>
      </object_component>
      <object_component id="oc-90">
         <name>.debug_info</name>
         <load_address>0x1fb9a</load_address>
         <run_address>0x1fb9a</run_address>
         <size>0xa41</size>
         <input_file_ref idref="fl-3"/>
      </object_component>
      <object_component id="oc-95">
         <name>.debug_info</name>
         <load_address>0x205db</load_address>
         <run_address>0x205db</run_address>
         <size>0x1cd98</size>
         <input_file_ref idref="fl-4"/>
      </object_component>
      <object_component id="oc-9a">
         <name>.debug_info</name>
         <load_address>0x3d373</load_address>
         <run_address>0x3d373</run_address>
         <size>0x465d</size>
         <input_file_ref idref="fl-5"/>
      </object_component>
      <object_component id="oc-a1">
         <name>.debug_info</name>
         <load_address>0x419d0</load_address>
         <run_address>0x419d0</run_address>
         <size>0xfc</size>
         <input_file_ref idref="fl-6"/>
      </object_component>
      <object_component id="oc-a4">
         <name>.debug_info</name>
         <load_address>0x41acc</load_address>
         <run_address>0x41acc</run_address>
         <size>0x982</size>
         <input_file_ref idref="fl-7"/>
      </object_component>
      <object_component id="oc-ac">
         <name>.debug_info</name>
         <load_address>0x4244e</load_address>
         <run_address>0x4244e</run_address>
         <size>0xf4</size>
         <input_file_ref idref="fl-8"/>
      </object_component>
      <object_component id="oc-af">
         <name>.debug_info</name>
         <load_address>0x42542</load_address>
         <run_address>0x42542</run_address>
         <size>0x3cac</size>
         <input_file_ref idref="fl-9"/>
      </object_component>
      <object_component id="oc-b5">
         <name>.debug_info</name>
         <load_address>0x461ee</load_address>
         <run_address>0x461ee</run_address>
         <size>0x46f1</size>
         <input_file_ref idref="fl-a"/>
      </object_component>
      <object_component id="oc-ba">
         <name>.debug_info</name>
         <load_address>0x4a8df</load_address>
         <run_address>0x4a8df</run_address>
         <size>0x13e2b</size>
         <input_file_ref idref="fl-b"/>
      </object_component>
      <object_component id="oc-bf">
         <name>.debug_info</name>
         <load_address>0x5e70a</load_address>
         <run_address>0x5e70a</run_address>
         <size>0xfa1e</size>
         <input_file_ref idref="fl-c"/>
      </object_component>
      <object_component id="oc-c4">
         <name>.debug_info</name>
         <load_address>0x6e128</load_address>
         <run_address>0x6e128</run_address>
         <size>0xf3b9</size>
         <input_file_ref idref="fl-d"/>
      </object_component>
      <object_component id="oc-c9">
         <name>.debug_info</name>
         <load_address>0x7d4e1</load_address>
         <run_address>0x7d4e1</run_address>
         <size>0x5541</size>
         <input_file_ref idref="fl-e"/>
      </object_component>
      <object_component id="oc-ce">
         <name>.debug_info</name>
         <load_address>0x82a22</load_address>
         <run_address>0x82a22</run_address>
         <size>0x1a00e</size>
         <input_file_ref idref="fl-f"/>
      </object_component>
      <object_component id="oc-d3">
         <name>.debug_info</name>
         <load_address>0x9ca30</load_address>
         <run_address>0x9ca30</run_address>
         <size>0xf3b8</size>
         <input_file_ref idref="fl-10"/>
      </object_component>
      <object_component id="oc-d8">
         <name>.debug_info</name>
         <load_address>0xabde8</load_address>
         <run_address>0xabde8</run_address>
         <size>0x1615</size>
         <input_file_ref idref="fl-11"/>
      </object_component>
      <object_component id="oc-dd">
         <name>.debug_info</name>
         <load_address>0xad3fd</load_address>
         <run_address>0xad3fd</run_address>
         <size>0x1996</size>
         <input_file_ref idref="fl-12"/>
      </object_component>
      <object_component id="oc-e8">
         <name>.debug_info</name>
         <load_address>0xaed93</load_address>
         <run_address>0xaed93</run_address>
         <size>0x48ca</size>
         <input_file_ref idref="fl-13"/>
      </object_component>
      <object_component id="oc-ed">
         <name>.debug_info</name>
         <load_address>0xb365d</load_address>
         <run_address>0xb365d</run_address>
         <size>0x18564</size>
         <input_file_ref idref="fl-14"/>
      </object_component>
      <object_component id="oc-f2">
         <name>.debug_info</name>
         <load_address>0xcbbc1</load_address>
         <run_address>0xcbbc1</run_address>
         <size>0x10c5b</size>
         <input_file_ref idref="fl-15"/>
      </object_component>
      <object_component id="oc-f7">
         <name>.debug_info</name>
         <load_address>0xdc81c</load_address>
         <run_address>0xdc81c</run_address>
         <size>0x3550</size>
         <input_file_ref idref="fl-16"/>
      </object_component>
      <object_component id="oc-fc">
         <name>.debug_info</name>
         <load_address>0xdfd6c</load_address>
         <run_address>0xdfd6c</run_address>
         <size>0x6708</size>
         <input_file_ref idref="fl-17"/>
      </object_component>
      <object_component id="oc-101">
         <name>.debug_info</name>
         <load_address>0xe6474</load_address>
         <run_address>0xe6474</run_address>
         <size>0x185</size>
         <input_file_ref idref="fl-18"/>
      </object_component>
      <object_component id="oc-103">
         <name>.debug_info</name>
         <load_address>0xe65f9</load_address>
         <run_address>0xe65f9</run_address>
         <size>0xfca0</size>
         <input_file_ref idref="fl-19"/>
      </object_component>
      <object_component id="oc-108">
         <name>.debug_info</name>
         <load_address>0xf6299</load_address>
         <run_address>0xf6299</run_address>
         <size>0xcd4f</size>
         <input_file_ref idref="fl-1a"/>
      </object_component>
      <object_component id="oc-10d">
         <name>.debug_info</name>
         <load_address>0x102fe8</load_address>
         <run_address>0x102fe8</run_address>
         <size>0x4ea8</size>
         <input_file_ref idref="fl-1b"/>
      </object_component>
      <object_component id="oc-113">
         <name>.debug_info</name>
         <load_address>0x107e90</load_address>
         <run_address>0x107e90</run_address>
         <size>0x1095b</size>
         <input_file_ref idref="fl-1c"/>
      </object_component>
      <object_component id="oc-118">
         <name>.debug_info</name>
         <load_address>0x1187eb</load_address>
         <run_address>0x1187eb</run_address>
         <size>0x33f6</size>
         <input_file_ref idref="fl-1d"/>
      </object_component>
      <object_component id="oc-11f">
         <name>.debug_info</name>
         <load_address>0x11bbe1</load_address>
         <run_address>0x11bbe1</run_address>
         <size>0x1faa</size>
         <input_file_ref idref="fl-1e"/>
      </object_component>
      <object_component id="oc-124">
         <name>.debug_info</name>
         <load_address>0x11db8b</load_address>
         <run_address>0x11db8b</run_address>
         <size>0x104b8</size>
         <input_file_ref idref="fl-1f"/>
      </object_component>
      <object_component id="oc-128">
         <name>.debug_info</name>
         <load_address>0x12e043</load_address>
         <run_address>0x12e043</run_address>
         <size>0xf7</size>
         <input_file_ref idref="fl-20"/>
      </object_component>
      <object_component id="oc-12b">
         <name>.debug_info</name>
         <load_address>0x12e13a</load_address>
         <run_address>0x12e13a</run_address>
         <size>0xd20b</size>
         <input_file_ref idref="fl-21"/>
      </object_component>
      <object_component id="oc-130">
         <name>.debug_info</name>
         <load_address>0x13b345</load_address>
         <run_address>0x13b345</run_address>
         <size>0x126ee</size>
         <input_file_ref idref="fl-22"/>
      </object_component>
      <object_component id="oc-137">
         <name>.debug_info</name>
         <load_address>0x14da33</load_address>
         <run_address>0x14da33</run_address>
         <size>0x1a0</size>
         <input_file_ref idref="fl-23"/>
      </object_component>
      <object_component id="oc-13a">
         <name>.debug_info</name>
         <load_address>0x14dbd3</load_address>
         <run_address>0x14dbd3</run_address>
         <size>0x447</size>
         <input_file_ref idref="fl-24"/>
      </object_component>
      <object_component id="oc-141">
         <name>.debug_info</name>
         <load_address>0x14e01a</load_address>
         <run_address>0x14e01a</run_address>
         <size>0xf4</size>
         <input_file_ref idref="fl-25"/>
      </object_component>
      <object_component id="oc-144">
         <name>.debug_info</name>
         <load_address>0x14e10e</load_address>
         <run_address>0x14e10e</run_address>
         <size>0x471</size>
         <input_file_ref idref="fl-26"/>
      </object_component>
      <object_component id="oc-149">
         <name>.debug_info</name>
         <load_address>0x14e57f</load_address>
         <run_address>0x14e57f</run_address>
         <size>0x3f8</size>
         <input_file_ref idref="fl-27"/>
      </object_component>
      <object_component id="oc-14e">
         <name>.debug_info</name>
         <load_address>0x14e977</load_address>
         <run_address>0x14e977</run_address>
         <size>0x3012</size>
         <input_file_ref idref="fl-28"/>
      </object_component>
      <object_component id="oc-155">
         <name>.debug_info</name>
         <load_address>0x151989</load_address>
         <run_address>0x151989</run_address>
         <size>0x36f</size>
         <input_file_ref idref="fl-29"/>
      </object_component>
      <object_component id="oc-15a">
         <name>.debug_info</name>
         <load_address>0x151cf8</load_address>
         <run_address>0x151cf8</run_address>
         <size>0xef5</size>
         <input_file_ref idref="fl-2a"/>
      </object_component>
      <object_component id="oc-160">
         <name>.debug_info</name>
         <load_address>0x152bed</load_address>
         <run_address>0x152bed</run_address>
         <size>0x18e12</size>
         <input_file_ref idref="fl-2b"/>
      </object_component>
      <object_component id="oc-167">
         <name>.debug_info</name>
         <load_address>0x16b9ff</load_address>
         <run_address>0x16b9ff</run_address>
         <size>0x5052f</size>
         <input_file_ref idref="fl-2d"/>
      </object_component>
      <object_component id="oc-1d4">
         <name>.debug_info</name>
         <load_address>0x1bbf2e</load_address>
         <run_address>0x1bbf2e</run_address>
         <size>0x889</size>
         <input_file_ref idref="fl-3e"/>
      </object_component>
      <object_component id="oc-1da">
         <name>.debug_info</name>
         <load_address>0x1bc7b7</load_address>
         <run_address>0x1bc7b7</run_address>
         <size>0x3da</size>
         <input_file_ref idref="fl-3f"/>
      </object_component>
      <object_component id="oc-1df">
         <name>.debug_info</name>
         <load_address>0x1bcb91</load_address>
         <run_address>0x1bcb91</run_address>
         <size>0x4b7</size>
         <input_file_ref idref="fl-40"/>
      </object_component>
      <object_component id="oc-1e7">
         <name>.debug_info</name>
         <load_address>0x1bd048</load_address>
         <run_address>0x1bd048</run_address>
         <size>0x172</size>
         <input_file_ref idref="fl-41"/>
      </object_component>
      <object_component id="oc-1ec">
         <name>.debug_info</name>
         <load_address>0x1bd1ba</load_address>
         <run_address>0x1bd1ba</run_address>
         <size>0x113</size>
         <input_file_ref idref="fl-42"/>
      </object_component>
      <object_component id="oc-1f1">
         <name>.debug_info</name>
         <load_address>0x1bd2cd</load_address>
         <run_address>0x1bd2cd</run_address>
         <size>0x175</size>
         <input_file_ref idref="fl-43"/>
      </object_component>
      <object_component id="oc-1f5">
         <name>.debug_info</name>
         <load_address>0x1bd442</load_address>
         <run_address>0x1bd442</run_address>
         <size>0x560</size>
         <input_file_ref idref="fl-44"/>
      </object_component>
      <object_component id="oc-1fa">
         <name>.debug_info</name>
         <load_address>0x1bd9a2</load_address>
         <run_address>0x1bd9a2</run_address>
         <size>0x439</size>
         <input_file_ref idref="fl-45"/>
      </object_component>
      <object_component id="oc-1ff">
         <name>.debug_info</name>
         <load_address>0x1bdddb</load_address>
         <run_address>0x1bdddb</run_address>
         <size>0x3ac</size>
         <input_file_ref idref="fl-46"/>
      </object_component>
      <object_component id="oc-204">
         <name>.debug_info</name>
         <load_address>0x1be187</load_address>
         <run_address>0x1be187</run_address>
         <size>0x3a9</size>
         <input_file_ref idref="fl-47"/>
      </object_component>
      <object_component id="oc-209">
         <name>.debug_info</name>
         <load_address>0x1be530</load_address>
         <run_address>0x1be530</run_address>
         <size>0x543</size>
         <input_file_ref idref="fl-48"/>
      </object_component>
      <object_component id="oc-210">
         <name>.debug_info</name>
         <load_address>0x1bea73</load_address>
         <run_address>0x1bea73</run_address>
         <size>0x4cb</size>
         <input_file_ref idref="fl-49"/>
      </object_component>
      <object_component id="oc-215">
         <name>.debug_info</name>
         <load_address>0x1bef3e</load_address>
         <run_address>0x1bef3e</run_address>
         <size>0x466</size>
         <input_file_ref idref="fl-4a"/>
      </object_component>
      <object_component id="oc-21a">
         <name>.debug_info</name>
         <load_address>0x1bf3a4</load_address>
         <run_address>0x1bf3a4</run_address>
         <size>0x507</size>
         <input_file_ref idref="fl-4b"/>
      </object_component>
      <object_component id="oc-21f">
         <name>.debug_info</name>
         <load_address>0x1bf8ab</load_address>
         <run_address>0x1bf8ab</run_address>
         <size>0x4fd</size>
         <input_file_ref idref="fl-4c"/>
      </object_component>
      <object_component id="oc-224">
         <name>.debug_info</name>
         <load_address>0x1bfda8</load_address>
         <run_address>0x1bfda8</run_address>
         <size>0x1c5</size>
         <input_file_ref idref="fl-4d"/>
      </object_component>
      <object_component id="oc-228">
         <name>.debug_info</name>
         <load_address>0x1bff6d</load_address>
         <run_address>0x1bff6d</run_address>
         <size>0x405</size>
         <input_file_ref idref="fl-4e"/>
      </object_component>
      <object_component id="oc-2f0">
         <name>.debug_info</name>
         <load_address>0x1c0372</load_address>
         <run_address>0x1c0372</run_address>
         <size>0xa3</size>
      </object_component>
      <object_component id="oc-8c">
         <name>.debug_frame</name>
[...]
         <value>0x5d20</value>
         <object_component_ref idref="oc-18c"/>
      </symbol>
      <symbol id="sm-856">
         <name>_ClkCfgRegs</name>
         <value>0x5d200</value>
         <object_component_ref idref="oc-1ab"/>
      </symbol>
      <symbol id="sm-857">
         <name>_XbarRegs</name>
         <value>0x7920</value>
         <object_component_ref idref="oc-198"/>
      </symbol>
      <symbol id="sm-858">
         <name>_RomWaitStateRegs</name>
         <value>0x5f540</value>
         <object_component_ref idref="oc-16c"/>
      </symbol>
      <symbol id="sm-859">
         <name>_AdcdRegs</name>
         <value>0x7580</value>
         <object_component_ref idref="oc-1b9"/>
      </symbol>
      <symbol id="sm-85a">
         <name>_ScidRegs</name>
         <value>0x7230</value>
         <object_component_ref idref="oc-17c"/>
      </symbol>
      <symbol id="sm-85b">
         <name>_EmuBMode</name>
         <value>0xd00</value>
         <object_component_ref idref="oc-168"/>
      </symbol>
      <symbol id="sm-85c">
         <name>_ECap4Regs</name>
         <value>0x5060</value>
         <object_component_ref idref="oc-193"/>
      </symbol>
      <symbol id="sm-85d">
         <name>_Flash0EccRegs</name>
         <value>0x5fb00</value>
         <object_component_ref idref="oc-1a8"/>
      </symbol>
      <symbol id="sm-85e">
         <name>_IpcRegs</name>
         <value>0x50000</value>
         <object_component_ref idref="oc-1a4"/>
      </symbol>
      <symbol id="sm-85f">
         <name>_InputXbarRegs</name>
         <value>0x7900</value>
         <object_component_ref idref="oc-196"/>
      </symbol>
      <symbol id="sm-860">
         <name>_EPwmXbarRegs</name>
         <value>0x7a00</value>
         <object_component_ref idref="oc-1ad"/>
      </symbol>
      <symbol id="sm-861">
         <name>_Cmpss7Regs</name>
         <value>0x5d40</value>
         <object_component_ref idref="oc-18d"/>
      </symbol>
      <symbol id="sm-862">
         <name>_DcsmZ2Regs</name>
         <value>0x5f040</value>
         <object_component_ref idref="oc-1a3"/>
      </symbol>
      <symbol id="sm-863">
         <name>_EPwm4Regs</name>
         <value>0x4300</value>
         <object_component_ref idref="oc-1c4"/>
      </symbol>
      <symbol id="sm-864">
         <name>_FlashPumpSemaphoreRegs</name>
         <value>0x50024</value>
         <object_component_ref idref="oc-16a"/>
      </symbol>
      <symbol id="sm-865">
         <name>_ECap5Regs</name>
         <value>0x5080</value>
         <object_component_ref idref="oc-194"/>
      </symbol>
      <symbol id="sm-866">
         <name>_I2cbRegs</name>
         <value>0x7340</value>
         <object_component_ref idref="oc-1a1"/>
      </symbol>
      <symbol id="sm-867">
         <name>_CpuTimer1Regs</name>
         <value>0xc08</value>
         <object_component_ref idref="oc-174"/>
      </symbol>
      <symbol id="sm-868">
         <name>_RomPrefetchRegs</name>
         <value>0x5e608</value>
         <object_component_ref idref="oc-16b"/>
      </symbol>
      <symbol id="sm-869">
         <name>_Cmpss4Regs</name>
         <value>0x5ce0</value>
         <object_component_ref idref="oc-18a"/>
      </symbol>
      <symbol id="sm-86a">
         <name>_EPwm5Regs</name>
         <value>0x4400</value>
         <object_component_ref idref="oc-1c5"/>
      </symbol>
      <symbol id="sm-86b">
         <name>_UppRegs</name>
         <value>0x6200</value>
         <object_component_ref idref="oc-1b2"/>
      </symbol>
      <symbol id="sm-86c">
         <name>_SpiaRegs</name>
         <value>0x6100</value>
         <object_component_ref idref="oc-17d"/>
      </symbol>
      <symbol id="sm-86d">
         <name>_CpuSysRegs</name>
         <value>0x5d300</value>
         <object_component_ref idref="oc-1be"/>
      </symbol>
      <symbol id="sm-86e">
         <name>_Cla1SoftIntRegs</name>
         <value>0xce0</value>
         <object_component_ref idref="oc-16d"/>
      </symbol>
      <symbol id="sm-86f">
         <name>_CanbRegs</name>
         <value>0x4a000</value>
         <object_component_ref idref="oc-1cf"/>
      </symbol>
      <symbol id="sm-870">
         <name>_ECap6Regs</name>
         <value>0x50a0</value>
         <object_component_ref idref="oc-195"/>
      </symbol>
      <symbol id="sm-871">
         <name>_DmaRegs</name>
         <value>0x1000</value>
         <object_component_ref idref="oc-1bf"/>
      </symbol>
      <symbol id="sm-872">
         <name>_EmuBootPins</name>
         <value>0xd01</value>
         <object_component_ref idref="oc-169"/>
      </symbol>
      <symbol id="sm-873">
         <name>_XintRegs</name>
         <value>0x7070</value>
         <object_component_ref idref="oc-177"/>
      </symbol>
      <symbol id="sm-874">
         <name>_CpuTimer0Regs</name>
         <value>0xc00</value>
         <object_component_ref idref="oc-173"/>
      </symbol>
      <symbol id="sm-875">
         <name>_Cmpss5Regs</name>
         <value>0x5d00</value>
         <object_component_ref idref="oc-18b"/>
      </symbol>
      <symbol id="sm-876">
         <name>_Emif1Regs</name>
         <value>0x47000</value>
         <object_component_ref idref="oc-1b3"/>
      </symbol>
      <symbol id="sm-877">
         <name>_AccessProtectionRegs</name>
         <value>0x5f4c0</value>
         <object_component_ref idref="oc-1af"/>
      </symbol>
      <symbol id="sm-878">
         <name>_MemCfgRegs</name>
         <value>0x5f400</value>
         <object_component_ref idref="oc-1ba"/>
      </symbol>
      <symbol id="sm-879">
         <name>_DacaRegs</name>
         <value>0x5c00</value>
         <object_component_ref idref="oc-170"/>
      </symbol>
      <symbol id="sm-87a">
         <name>_McbspbRegs</name>
         <value>0x6040</value>
         <object_component_ref idref="oc-1a7"/>
      </symbol>
      <symbol id="sm-87b">
         <name>_EPwm6Regs</name>
         <value>0x4500</value>
         <object_component_ref idref="oc-1c6"/>
      </symbol>
      <symbol id="sm-87c">
         <name>_AdcaRegs</name>
         <value>0x7400</value>
         <object_component_ref idref="oc-1b5"/>
      </symbol>
      <symbol id="sm-87d">
         <name>_SciaRegs</name>
         <value>0x7200</value>
         <object_component_ref idref="oc-178"/>
      </symbol>
      <symbol id="sm-87e">
         <name>_EPwm11Regs</name>
         <value>0x4a00</value>
         <object_component_ref idref="oc-1cb"/>
      </symbol>
      <symbol id="sm-87f">
         <name>_GpioDataRegs</name>
         <value>0x7f00</value>
         <object_component_ref idref="oc-1aa"/>
      </symbol>
      <symbol id="sm-880">
         <name>_Sdfm1Regs</name>
         <value>0x5e00</value>
         <object_component_ref idref="oc-1bb"/>
      </symbol>
      <symbol id="sm-881">
         <name>_Cmpss2Regs</name>
         <value>0x5ca0</value>
         <object_component_ref idref="oc-188"/>
      </symbol>
      <symbol id="sm-882">
         <name>_Emif2Regs</name>
         <value>0x47800</value>
         <object_component_ref idref="oc-1b4"/>
      </symbol>
      <symbol id="sm-883">
         <name>_DcsmZ1Regs</name>
         <value>0x5f000</value>
         <object_component_ref idref="oc-1a2"/>
      </symbol>
      <symbol id="sm-884">
         <name>_Flash0CtrlRegs</name>
         <value>0x5f800</value>
         <object_component_ref idref="oc-1d1"/>
      </symbol>
      <symbol id="sm-885">
         <name>_EPwm7Regs</name>
         <value>0x4600</value>
         <object_component_ref idref="oc-1c7"/>
      </symbol>
      <symbol id="sm-886">
         <name>_SpicRegs</name>
         <value>0x6120</value>
         <object_component_ref idref="oc-180"/>
      </symbol>
      <symbol id="sm-887">
         <name>_EPwm10Regs</name>
         <value>0x4900</value>
         <object_component_ref idref="oc-1ca"/>
      </symbol>
      <symbol id="sm-888">
         <name>_CpuTimer2Regs</name>
         <value>0xc10</value>
         <object_component_ref idref="oc-175"/>
      </symbol>
      <symbol id="sm-889">
         <name>_DmaClaSrcSelRegs</name>
         <value>0x7980</value>
         <object_component_ref idref="oc-185"/>
      </symbol>
      <symbol id="sm-88a">
         <name>_AnalogSubsysRegs</name>
         <value>0x5d180</value>
         <object_component_ref idref="oc-1b1"/>
      </symbol>
      <symbol id="sm-88b">
         <name>_Cmpss3Regs</name>
         <value>0x5cc0</value>
         <object_component_ref idref="oc-189"/>
      </symbol>
      <symbol id="sm-88c">
         <name>_DaccRegs</name>
         <value>0x5c20</value>
         <object_component_ref idref="oc-172"/>
      </symbol>
      <symbol id="sm-88d">
         <name>_PieCtrlRegs</name>
         <value>0xce0</value>
         <object_component_ref idref="oc-186"/>
      </symbol>
      <symbol id="sm-88e">
         <name>_DevCfgRegs</name>
         <value>0x5d000</value>
         <object_component_ref idref="oc-1cd"/>
      </symbol>
      <symbol id="sm-88f">
         <name>_SpibRegs</name>
         <value>0x6110</value>
         <object_component_ref idref="oc-17f"/>
      </symbol>
      <symbol id="sm-890">
         <name>_AdccRegs</name>
         <value>0x7500</value>
         <object_component_ref idref="oc-1b8"/>
      </symbol>
      <symbol id="sm-891">
         <name>_ScicRegs</name>
         <value>0x7220</value>
         <object_component_ref idref="oc-17b"/>
      </symbol>
      <symbol id="sm-892">
         <name>_ECap1Regs</name>
         <value>0x5000</value>
         <object_component_ref idref="oc-18f"/>
      </symbol>
      <symbol id="sm-893">
         <name>_OutputXbarRegs</name>
         <value>0x7a80</value>
         <object_component_ref idref="oc-1ae"/>
      </symbol>
      <symbol id="sm-894">
         <name>_MemoryErrorRegs</name>
         <value>0x5f500</value>
         <object_component_ref idref="oc-1b0"/>
      </symbol>
      <symbol id="sm-895">
         <name>_Cla1Regs</name>
         <value>0x1400</value>
         <object_component_ref idref="oc-1ac"/>
      </symbol>
      <symbol id="sm-896">
         <name>_EQep1Regs</name>
         <value>0x5100</value>
         <object_component_ref idref="oc-19b"/>
      </symbol>
      <symbol id="sm-897">
         <name>_DacbRegs</name>
         <value>0x5c10</value>
         <object_component_ref idref="oc-171"/>
      </symbol>
      <symbol id="sm-898">
         <name>_McbspaRegs</name>
         <value>0x6000</value>
         <object_component_ref idref="oc-1a5"/>
      </symbol>
      <symbol id="sm-899">
         <name>_EPwm1Regs</name>
         <value>0x4000</value>
         <object_component_ref idref="oc-1c0"/>
      </symbol>
      <symbol id="sm-89a">
         <name>_AdcbRegs</name>
         <value>0x7480</value>
         <object_component_ref idref="oc-1b7"/>
      </symbol>
      <symbol id="sm-89b">
         <name>_ScibRegs</name>
         <value>0x7210</value>
         <object_component_ref idref="oc-17a"/>
      </symbol>
      <symbol id="sm-89c">
         <name>_AdcaResultRegs</name>
         <value>0xb00</value>
         <object_component_ref idref="oc-181"/>
      </symbol>
      <symbol id="sm-89d">
         <name>_ECap2Regs</name>
         <value>0x5020</value>
         <object_component_ref idref="oc-191"/>
      </symbol>
      <symbol id="sm-89e">
         <name>_EPwm12Regs</name>
         <value>0x4b00</value>
         <object_component_ref idref="oc-1cc"/>
      </symbol>
      <symbol id="sm-89f">
         <name>_AdcbResultRegs</name>
         <value>0xb20</value>
         <object_component_ref idref="oc-182"/>
      </symbol>
      <symbol id="sm-8a0">
         <name>_AdccResultRegs</name>
         <value>0xb40</value>
         <object_component_ref idref="oc-183"/>
      </symbol>
      <symbol id="sm-8a1">
         <name>_Emif1ConfigRegs</name>
         <value>0x5f480</value>
         <object_component_ref idref="oc-199"/>
      </symbol>
      <symbol id="sm-8a2">
         <name>_Sdfm2Regs</name>
         <value>0x5e80</value>
         <object_component_ref idref="oc-1bd"/>
      </symbol>
      <symbol id="sm-8a3">
         <name>_AdcdResultRegs</name>
         <value>0xb60</value>
         <object_component_ref idref="oc-184"/>
      </symbol>
      <symbol id="sm-8a4">
         <name>_EQep2Regs</name>
         <value>0x5140</value>
         <object_component_ref idref="oc-19d"/>
      </symbol>
      <symbol id="sm-8a5">
         <name>_Cmpss1Regs</name>
         <value>0x5c80</value>
         <object_component_ref idref="oc-187"/>
      </symbol>
      <symbol id="sm-8a6">
         <name>_EPwm8Regs</name>
         <value>0x4700</value>
         <object_component_ref idref="oc-1c8"/>
      </symbol>
      <symbol id="sm-8a7">
         <name>_Emif2ConfigRegs</name>
         <value>0x5f4a0</value>
         <object_component_ref idref="oc-19a"/>
      </symbol>
      <symbol id="sm-8a8">
         <name>_DcsmCommonRegs</name>
         <value>0x5f070</value>
         <object_component_ref idref="oc-176"/>
      </symbol>
      <symbol id="sm-8a9">
         <name>_EPwm2Regs</name>
         <value>0x4100</value>
         <object_component_ref idref="oc-1c2"/>
      </symbol>
      <symbol id="sm-8aa">
         <name>_ECap3Regs</name>
         <value>0x5040</value>
         <object_component_ref idref="oc-192"/>
      </symbol>
      <symbol id="sm-8ab">
         <name>_Cmpss8Regs</name>
         <value>0x5d60</value>
         <object_component_ref idref="oc-18e"/>
      </symbol>
      <symbol id="sm-8ac">
         <name>_EQep3Regs</name>
         <value>0x5180</value>
         <object_component_ref idref="oc-19e"/>
      </symbol>
      <symbol id="sm-8ad">
         <name>_SyncSocRegs</name>
         <value>0x7940</value>
         <object_component_ref idref="oc-16e"/>
      </symbol>
      <symbol id="sm-8ae">
         <name>_EPwm9Regs</name>
         <value>0x4800</value>
         <object_component_ref idref="oc-1c9"/>
      </symbol>
      <symbol id="sm-8af">
         <name>_NmiIntruptRegs</name>
         <value>0x7060</value>
         <object_component_ref idref="oc-16f"/>
      </symbol>
      <symbol id="sm-8b0">
         <name>_EPwm3Regs</name>
         <value>0x4200</value>
         <object_component_ref idref="oc-1c3"/>
      </symbol>
      <symbol id="sm-8b1">
         <name>_I2caRegs</name>
         <value>0x7300</value>
         <object_component_ref idref="oc-19f"/>
      </symbol>
      <symbol id="sm-909">
         <name>_powf</name>
         <value>0x843a7</value>
         <object_component_ref idref="oc-257"/>
      </symbol>
      <symbol id="sm-90a">
         <name>_pow</name>
         <value>0x843a7</value>
         <object_component_ref idref="oc-257"/>
      </symbol>
      <symbol id="sm-91a">
         <name>_sqrtf</name>
         <value>0x858a6</value>
         <object_component_ref idref="oc-25d"/>
      </symbol>
      <symbol id="sm-91b">
         <name>_sqrt</name>
         <value>0x858a6</value>
         <object_component_ref idref="oc-25d"/>
      </symbol>
      <symbol id="sm-933">
         <name>_scalbn</name>
         <value>0x857a7</value>
         <object_component_ref idref="oc-261"/>
      </symbol>
      <symbol id="sm-934">
         <name>_ldexp</name>
         <value>0x857a7</value>
         <object_component_ref idref="oc-261"/>
      </symbol>
      <symbol id="sm-935">
         <name>_scalbnf</name>
         <value>0x857a7</value>
         <object_component_ref idref="oc-261"/>
      </symbol>
      <symbol id="sm-936">
         <name>_ldexpf</name>
         <value>0x857a7</value>
         <object_component_ref idref="oc-261"/>
      </symbol>
      <symbol id="sm-951">
         <name>_c_int00</name>
         <value>0x857ff</value>
         <object_component_ref idref="oc-83"/>
      </symbol>
      <symbol id="sm-952">
         <name>__stack</name>
         <value>0x400</value>
         <object_component_ref idref="oc-1e5"/>
      </symbol>
      <symbol id="sm-963">
         <name>FS$$DIV</name>
         <value>0x856a3</value>
         <object_component_ref idref="oc-1eb"/>
      </symbol>
      <symbol id="sm-96f">
         <name>LL$$AND</name>
         <value>0x8594d</value>
         <object_component_ref idref="oc-1f0"/>
      </symbol>
      <symbol id="sm-970">
         <name>LL$$OR</name>
         <value>0x85955</value>
         <object_component_ref idref="oc-1f0"/>
      </symbol>
      <symbol id="sm-971">
         <name>LL$$XOR</name>
         <value>0x8595d</value>
         <object_component_ref idref="oc-1f0"/>
      </symbol>
      <symbol id="sm-980">
         <name>_copy_in</name>
         <value>0x858f3</value>
         <object_component_ref idref="oc-22e"/>
      </symbol>
      <symbol id="sm-991">
         <name>_memcpy</name>
         <value>0x85917</value>
         <object_component_ref idref="oc-23f"/>
      </symbol>
      <symbol id="sm-99d">
         <name>__system_pre_init</name>
         <value>0x8599c</value>
         <object_component_ref idref="oc-22d"/>
      </symbol>
      <symbol id="sm-9aa">
         <name>__system_post_cinit</name>
         <value>0x852e9</value>
         <object_component_ref idref="oc-22f"/>
      </symbol>
      <symbol id="sm-9be">
         <name>C$$EXIT</name>
         <value>0x85855</value>
         <object_component_ref idref="oc-231"/>
      </symbol>
      <symbol id="sm-9bf">
         <name>_exit</name>
         <value>0x85857</value>
         <object_component_ref idref="oc-231"/>
      </symbol>
      <symbol id="sm-9c0">
         <name>___TI_cleanup_ptr</name>
         <value>0xad2e</value>
         <object_component_ref idref="oc-20b"/>
      </symbol>
      <symbol id="sm-9c1">
         <name>___TI_enable_exit_profile_output</name>
         <value>0xad2c</value>
         <object_component_ref idref="oc-20b"/>
      </symbol>
      <symbol id="sm-9c2">
         <name>_abort</name>
         <value>0x85855</value>
         <object_component_ref idref="oc-231"/>
      </symbol>
      <symbol id="sm-9c3">
         <name>___TI_dtors_ptr</name>
         <value>0xad30</value>
         <object_component_ref idref="oc-20b"/>
      </symbol>
      <symbol id="sm-9d7">
         <name>__unlock</name>
         <value>0xad56</value>
         <object_component_ref idref="oc-25c"/>
      </symbol>
      <symbol id="sm-9d8">
         <name>__lock</name>
         <value>0xad54</value>
         <object_component_ref idref="oc-240"/>
      </symbol>
      <symbol id="sm-9d9">
         <name>__register_lock</name>
         <value>0x8598d</value>
         <object_component_ref idref="oc-24c"/>
      </symbol>
      <symbol id="sm-9da">
         <name>__nop</name>
         <value>0x85991</value>
         <object_component_ref idref="oc-24c"/>
      </symbol>
      <symbol id="sm-9db">
         <name>__register_unlock</name>
         <value>0x85989</value>
         <object_component_ref idref="oc-24c"/>
      </symbol>
      <symbol id="sm-9ea">
         <name>__args_main</name>
         <value>0x85934</value>
         <object_component_ref idref="oc-230"/>
      </symbol>
      <symbol id="sm-9f8">
         <name>_memcmp</name>
         <value>0x85965</value>
         <object_component_ref idref="oc-254"/>
      </symbol>
      <symbol id="sm-a06">
         <name>_memset</name>
         <value>0x85992</value>
         <object_component_ref idref="oc-255"/>
      </symbol>
      <symbol id="sm-a10">
         <name>_errno</name>
         <value>0xad59</value>
         <object_component_ref idref="oc-226"/>
      </symbol>
      <symbol id="sm-a1c">
         <name>_copysignf</name>
         <value>0x85978</value>
         <object_component_ref idref="oc-262"/>
      </symbol>
      <symbol id="sm-a1d">
         <name>_copysign</name>
         <value>0x85978</value>
         <object_component_ref idref="oc-262"/>
      </symbol>
   </symbol_table>
   <title>Link successful</title>
</link_info>
