******************************************************************************
             TMS320C2000 Linker Unix v18.12.4                  
******************************************************************************
>> Linked Wed Mar 25 19:55:45 2020

OUTPUT FILE NAME:   <sd_card.out>
ENTRY POINT SYMBOL: "_c_int00"  address: 000857ff


MEMORY CONFIGURATION

         name            origin    length      used     unused   attr    fill
----------------------  --------  ---------  --------  --------  ----  --------
PAGE 0:
  RAMM0                 00000122   000002de  00000000  000002de  RWIX
  RAMLS0                00008000   00000800  0000003b  000007c5  RWIX
  RAMLS1                00008800   00000800  00000000  00000800  RWIX
  RAMLS2                00009000   00000800  00000000  00000800  RWIX
  RAMLS3                00009800   00000800  00000000  00000800  RWIX
  RAMLS4                0000a000   00000800  00000000  00000800  RWIX
  RAMD0                 0000b000   00000800  00000000  00000800  RWIX
  RAMGS14               0001a000   00001000  00000000  00001000  RWIX
  RAMGS15               0001b000   00001000  00000000  00001000  RWIX
  BEGIN                 00080000   00000002  00000002  00000000  RWIX
  FLASHA                00080002   00001ffe  00000000  00001ffe  RWIX
  FLASHB                00082000   00002000  00002000  00000000  RWIX
  FLASHC                00084000   00002000  0000199e  00000662  RWIX
  FLASHD                00086000   00002000  0000003b  00001fc5  RWIX
  FLASHE                00088000   00008000  00000000  00008000  RWIX
  FLASHF                00090000   00008000  0000021a  00007de6  RWIX
  FLASHG                00098000   00008000  00000000  00008000  RWIX
  FLASHH                000a0000   00008000  00000000  00008000  RWIX
  FLASHI                000a8000   00008000  00000000  00008000  RWIX
  FLASHK                000b8000   00002000  00000000  00002000  RWIX
  FLASHL                000ba000   00002000  00000000  00002000  RWIX
  FLASHM                000bc000   00002000  00000000  00002000  RWIX
  FLASHN                000be000   00002000  00000000  00002000  RWIX
  RESET                 003fffc0   00000002  00000000  00000002  RWIX

PAGE 1:
  BOOT_RSVD             00000002   00000120  00000000  00000120  RWIX
  RAMM1                 00000400   00000400  00000200  00000200  RWIX
  ADCA_RESULT           00000b00   00000020  00000018  00000008  RWIX
  ADCB_RESULT           00000b20   00000020  00000018  00000008  RWIX
  ADCC_RESULT           00000b40   00000020  00000018  00000008  RWIX
  ADCD_RESULT           00000b60   00000020  00000018  00000008  RWIX
  CPU_TIMER0            00000c00   00000008  00000008  00000000  RWIX
  CPU_TIMER1            00000c08   00000008  00000008  00000000  RWIX
  CPU_TIMER2            00000c10   00000008  00000008  00000000  RWIX
  PIE_CTRL              00000ce0   00000020  0000001a  00000006  RWIX
  PIE_VECT              00000d00   00000200  000001c0  00000040  RWIX
  DMA                   00001000   00000200  000000e0  00000120  RWIX
  CLA1                  00001400   00000040  0000003e  00000002  RWIX
  EPWM1                 00004000   00000100  00000100  00000000  RWIX
  EPWM2                 00004100   00000100  00000100  00000000  RWIX
  EPWM3                 00004200   00000100  00000100  00000000  RWIX
  EPWM4                 00004300   00000100  00000100  00000000  RWIX
  EPWM5                 00004400   00000100  00000100  00000000  RWIX
  EPWM6                 00004500   00000100  00000100  00000000  RWIX
  EPWM7                 00004600   00000100  00000100  00000000  RWIX
  EPWM8                 00004700   00000100  00000100  00000000  RWIX
  EPWM9                 00004800   00000100  00000100  00000000  RWIX
  EPWM10                00004900   00000100  00000100  00000000  RWIX
  EPWM11                00004a00   00000100  00000100  00000000  RWIX
  EPWM12                00004b00   00000100  00000100  00000000  RWIX
  ECAP1                 00005000   00000020  00000020  00000000  RWIX
  ECAP2                 00005020   00000020  00000020  00000000  RWIX
  ECAP3                 00005040   00000020  00000020  00000000  RWIX
  ECAP4                 00005060   00000020  00000020  00000000  RWIX
  ECAP5                 00005080   00000020  00000020  00000000  RWIX
  ECAP6                 000050a0   00000020  00000020  00000000  RWIX
  EQEP1                 00005100   00000040  00000022  0000001e  RWIX
  EQEP2                 00005140   00000040  00000022  0000001e  RWIX
  EQEP3                 00005180   00000040  00000022  0000001e  RWIX
  DACA                  00005c00   00000010  00000008  00000008  RWIX
  DACB                  00005c10   00000010  00000008  00000008  RWIX
  DACC                  00005c20   00000010  00000008  00000008  RWIX
  CMPSS1                00005c80   00000020  00000020  00000000  RWIX
  CMPSS2                00005ca0   00000020  00000020  00000000  RWIX
  CMPSS3                00005cc0   00000020  00000020  00000000  RWIX
  CMPSS4                00005ce0   00000020  00000020  00000000  RWIX
  CMPSS5                00005d00   00000020  00000020  00000000  RWIX
  CMPSS6                00005d20   00000020  00000020  00000000  RWIX
  CMPSS7                00005d40   00000020  00000020  00000000  RWIX
  CMPSS8                00005d60   00000020  00000020  00000000  RWIX
  SDFM1                 00005e00   00000080  00000080  00000000  RWIX
  SDFM2                 00005e80   00000080  00000080  00000000  RWIX
  MCBSPA                00006000   00000040  00000024  0000001c  RWIX
  MCBSPB                00006040   00000040  00000024  0000001c  RWIX
  SPIA                  00006100   00000010  00000010  00000000  RWIX
  SPIB                  00006110   00000010  00000010  00000000  RWIX
  SPIC                  00006120   00000010  00000010  00000000  RWIX
  SPID                  00006130   00000010  00000000  00000010  RWIX
  UPP                   00006200   00000100  00000048  000000b8  RWIX
  WD                    00007000   00000040  0000002b  00000015  RWIX
  NMIINTRUPT            00007060   00000010  00000007  00000009  RWIX
  XINT                  00007070   00000010  0000000b  00000005  RWIX
  SCIA                  00007200   00000010  00000010  00000000  RWIX
  SCIB                  00007210   00000010  00000010  00000000  RWIX
  SCIC                  00007220   00000010  00000010  00000000  RWIX
  SCID                  00007230   00000010  00000010  00000000  RWIX
  I2CA                  00007300   00000040  00000022  0000001e  RWIX
  I2CB                  00007340   00000040  00000022  0000001e  RWIX
  ADCA                  00007400   00000080  00000080  00000000  RWIX
  ADCB                  00007480   00000080  00000080  00000000  RWIX
  ADCC                  00007500   00000080  00000080  00000000  RWIX
  ADCD                  00007580   00000080  00000080  00000000  RWIX
  INPUT_XBAR            00007900   00000020  00000020  00000000  RWIX
  XBAR                  00007920   00000020  00000020  00000000  RWIX
  SYNC_SOC              00007940   00000010  00000006  0000000a  RWIX
  DMACLASRCSEL          00007980   00000040  0000001a  00000026  RWIX
  EPWM_XBAR             00007a00   00000040  00000040  00000000  RWIX
  CLB_XBAR              00007a40   00000040  00000000  00000040  RWIX
  OUTPUT_XBAR           00007a80   00000040  00000040  00000000  RWIX
  GPIOCTRL              00007c00   00000180  00000180  00000000  RWIX
  GPIODAT               00007f00   00000030  00000030  00000000  RWIX
  RAMLS5                0000a800   00000800  0000055a  000002a6  RWIX
  RAMD1                 0000b800   00000800  00000000  00000800  RWIX
  RAMGS0                0000c000   00001000  00000100  00000f00  RWIX
  RAMGS1                0000d000   00001000  00000100  00000f00  RWIX
  RAMGS2                0000e000   00001000  00000800  00000800  RWIX
  RAMGS3                0000f000   00001000  00000000  00001000  RWIX
  RAMGS4                00010000   00001000  00000000  00001000  RWIX
  RAMGS5                00011000   00001000  00000000  00001000  RWIX
  RAMGS6                00012000   00001000  00000000  00001000  RWIX
  RAMGS7                00013000   00001000  00000000  00001000  RWIX
  RAMGS8                00014000   00001000  00000000  00001000  RWIX
  RAMGS9                00015000   00001000  00000000  00001000  RWIX
  RAMGS10               00016000   00001000  00000000  00001000  RWIX
  RAMGS11               00017000   00001000  00000000  00001000  RWIX
  RAMGS12               00018000   00001000  00000000  00001000  RWIX
  RAMGS13               00019000   00001000  00000000  00001000  RWIX
  CPU2TOCPU1RAM         0003f800   00000400  00000000  00000400  RWIX
  CPU1TOCPU2RAM         0003fc00   00000400  00000088  00000378  RWIX
  EMIF1                 00047000   00000800  00000070  00000790  RWIX
  EMIF2                 00047800   00000800  00000070  00000790  RWIX
  CANA                  00048000   00000800  00000164  0000069c  RWIX
  CANB                  0004a000   00000800  00000164  0000069c  RWIX
  IPC                   00050000   00000024  00000024  00000000  RWIX
  FLASHPUMPSEMAPHORE    00050024   00000002  00000002  00000000  RWIX
  DEV_CFG               0005d000   00000180  0000012e  00000052  RWIX
  ANALOG_SUBSYS         0005d180   00000080  00000048  00000038  RWIX
  CLK_CFG               0005d200   00000100  00000032  000000ce  RWIX
  CPU_SYS               0005d300   00000100  00000082  0000007e  RWIX
  ROMPREFETCH           0005e608   00000002  00000002  00000000  RWIX
  DCSM_Z1               0005f000   00000030  00000024  0000000c  RWIX
  DCSM_Z2               0005f040   00000030  00000024  0000000c  RWIX
  DCSM_COMMON           0005f070   00000010  00000008  00000008  RWIX
  MEMCFG                0005f400   00000080  00000080  00000000  RWIX
  EMIF1CONFIG           0005f480   00000020  00000020  00000000  RWIX
  EMIF2CONFIG           0005f4a0   00000020  00000020  00000000  RWIX
  ACCESSPROTECTION      0005f4c0   00000040  00000040  00000000  RWIX
  MEMORYERROR           0005f500   00000040  00000040  00000000  RWIX
  ROMWAITSTATE          0005f540   00000002  00000002  00000000  RWIX
  FLASH0_CTRL           0005f800   00000300  00000182  0000017e  RWIX
  FLASH0_ECC            0005fb00   00000040  00000028  00000018  RWIX
  FLASHJ                000b0000   00008000  00000000  00008000  RWIX


SECTION ALLOCATION MAP

 output                                  attributes/
section   page    origin      length       input sections
--------  ----  ----------  ----------   ----------------
.cinit     0    00082000    000000e4     
                  00082000    00000024     C2000_Main.obj (.cinit)
                  00082024    00000021     F2837xD_struct.obj (.cinit:_TRIP_SEL)
                  00082045    0000001d     F2837xD_struct.obj (.cinit:_EPWM)
                  00082062    00000011     F2837xD_struct.obj (.cinit:_ECAP)
                  00082073    0000000e     rts2800_fpu32.lib : exit.c.obj (.cinit)
                  00082081    0000000d     F2837xD_struct.obj (.cinit:_ADC)
                  0008208e    0000000b     F2837xD_struct.obj (.cinit:_EQEP)
                  00082099    0000000b     F2837xD_struct.obj (.cinit:_SPI)
                  000820a4    00000009     F2837xD_struct.obj (.cinit:_SDFM)
                  000820ad    00000008     mmc_F2837x.obj (.cinit)
                  000820b5    00000007     F2837xD_struct.obj (.cinit:_I2C)
                  000820bc    00000007     F2837xD_struct.obj (.cinit:_MCBSP)
                  000820c3    00000007     F2837xD_struct.obj (.cinit:_SCI)
                  000820ca    00000006     C2000_Main.obj (.cinit:_order)
                  000820d0    00000005     rts2800_fpu32.lib : _lock.c.obj (.cinit:__lock)
                  000820d5    00000005                       : _lock.c.obj (.cinit:__unlock)
                  000820da    00000004     F2837xD_sci_io.obj (.cinit)
                  000820de    00000004     rts2800_fpu32.lib : errno.c.obj (.cinit)
                  000820e2    00000002     --HOLE-- [fill = 0]

.pinit     0    00082000    00000000     UNINITIALIZED

codestart 
*          0    00080000    00000002     
                  00080000    00000002     F2837xD_CodeStartBranch.obj (codestart)

.TI.ramfunc 
*          0    00086000    0000003b     RUN ADDR = 00008000
                  00086000    00000037     F2837xD_SysCtrl.obj (.TI.ramfunc)
                  00086037    00000004     F2837xD_usDelay.obj (.TI.ramfunc)

.stack     1    00000400    00000200     UNINITIALIZED
                  00000400    00000200     --HOLE--

.reset     0    003fffc0    00000002     DSECT
                  003fffc0    00000002     rts2800_fpu32.lib : boot28.asm.obj (.reset)

.econst    0    00090000    0000021a     
                  00090000    000001c0     F2837xD_PieVect.obj (.econst:_PieVectTableInit)
                  000901c0    00000032     rts2800_fpu32.lib : e_powf.c.obj (.econst)
                  000901f2    0000000b     C2000_Main.obj (.econst:.string)
                  000901fd    00000001     --HOLE-- [fill = 0]
                  000901fe    0000000a     ff.obj (.econst:.string)
                  00090208    00000006     rts2800_fpu32.lib : s_scalbnf.c.obj (.econst)
                  0009020e    00000004                       : e_powf.c.obj (.econst:_bp)
                  00090212    00000004                       : e_powf.c.obj (.econst:_dp_h)
                  00090216    00000004                       : e_powf.c.obj (.econst:_dp_l)

AdcaResultFile 
*          1    00000b00    00000018     UNINITIALIZED
                  00000b00    00000018     F2837xD_GlobalVariableDefs.obj (AdcaResultFile)

AdcbResultFile 
*          1    00000b20    00000018     UNINITIALIZED
                  00000b20    00000018     F2837xD_GlobalVariableDefs.obj (AdcbResultFile)

AdccResultFile 
*          1    00000b40    00000018     UNINITIALIZED
                  00000b40    00000018     F2837xD_GlobalVariableDefs.obj (AdccResultFile)

AdcdResultFile 
*          1    00000b60    00000018     UNINITIALIZED
                  00000b60    00000018     F2837xD_GlobalVariableDefs.obj (AdcdResultFile)

CpuTimer0RegsFile 
*          1    00000c00    00000008     UNINITIALIZED
                  00000c00    00000008     F2837xD_GlobalVariableDefs.obj (CpuTimer0RegsFile)

CpuTimer1RegsFile 
*          1    00000c08    00000008     UNINITIALIZED
                  00000c08    00000008     F2837xD_GlobalVariableDefs.obj (CpuTimer1RegsFile)

CpuTimer2RegsFile 
*          1    00000c10    00000008     UNINITIALIZED
                  00000c10    00000008     F2837xD_GlobalVariableDefs.obj (CpuTimer2RegsFile)

PieCtrlRegsFile 
*          1    00000ce0    0000001a     UNINITIALIZED
                  00000ce0    0000001a     F2837xD_GlobalVariableDefs.obj (PieCtrlRegsFile)

DmaRegsFile 
*          1    00001000    000000e0     UNINITIALIZED
                  00001000    000000e0     F2837xD_GlobalVariableDefs.obj (DmaRegsFile)

Cla1RegsFile 
*          1    00001400    0000003e     UNINITIALIZED
                  00001400    0000003e     F2837xD_GlobalVariableDefs.obj (Cla1RegsFile)

EPwm1RegsFile 
*          1    00004000    00000100     UNINITIALIZED
                  00004000    00000100     F2837xD_GlobalVariableDefs.obj (EPwm1RegsFile)

EPwm2RegsFile 
*          1    00004100    00000100     UNINITIALIZED
                  00004100    00000100     F2837xD_GlobalVariableDefs.obj (EPwm2RegsFile)

EPwm3RegsFile 
*          1    00004200    00000100     UNINITIALIZED
                  00004200    00000100     F2837xD_GlobalVariableDefs.obj (EPwm3RegsFile)

EPwm4RegsFile 
*          1    00004300    00000100     UNINITIALIZED
                  00004300    00000100     F2837xD_GlobalVariableDefs.obj (EPwm4RegsFile)

EPwm5RegsFile 
*          1    00004400    00000100     UNINITIALIZED
                  00004400    00000100     F2837xD_GlobalVariableDefs.obj (EPwm5RegsFile)

EPwm6RegsFile 
*          1    00004500    00000100     UNINITIALIZED
                  00004500    00000100     F2837xD_GlobalVariableDefs.obj (EPwm6RegsFile)

EPwm7RegsFile 
*          1    00004600    00000100     UNINITIALIZED
                  00004600    00000100     F2837xD_GlobalVariableDefs.obj (EPwm7RegsFile)

EPwm8RegsFile 
*          1    00004700    00000100     UNINITIALIZED
                  00004700    00000100     F2837xD_GlobalVariableDefs.obj (EPwm8RegsFile)

EPwm9RegsFile 
*          1    00004800    00000100     UNINITIALIZED
                  00004800    00000100     F2837xD_GlobalVariableDefs.obj (EPwm9RegsFile)

EPwm10RegsFile 
*          1    00004900    00000100     UNINITIALIZED
                  00004900    00000100     F2837xD_GlobalVariableDefs.obj (EPwm10RegsFile)

EPwm11RegsFile 
*          1    00004a00    00000100     UNINITIALIZED
                  00004a00    00000100     F2837xD_GlobalVariableDefs.obj (EPwm11RegsFile)

EPwm12RegsFile 
*          1    00004b00    00000100     UNINITIALIZED
                  00004b00    00000100     F2837xD_GlobalVariableDefs.obj (EPwm12RegsFile)

ECap1RegsFile 
*          1    00005000    00000020     UNINITIALIZED
                  00005000    00000020     F2837xD_GlobalVariableDefs.obj (ECap1RegsFile)

ECap2RegsFile 
*          1    00005020    00000020     UNINITIALIZED
                  00005020    00000020     F2837xD_GlobalVariableDefs.obj (ECap2RegsFile)

ECap3RegsFile 
*          1    00005040    00000020     UNINITIALIZED
                  00005040    00000020     F2837xD_GlobalVariableDefs.obj (ECap3RegsFile)

ECap4RegsFile 
*          1    00005060    00000020     UNINITIALIZED
                  00005060    00000020     F2837xD_GlobalVariableDefs.obj (ECap4RegsFile)

ECap5RegsFile 
*          1    00005080    00000020     UNINITIALIZED
                  00005080    00000020     F2837xD_GlobalVariableDefs.obj (ECap5RegsFile)

ECap6RegsFile 
*          1    000050a0    00000020     UNINITIALIZED
                  000050a0    00000020     F2837xD_GlobalVariableDefs.obj (ECap6RegsFile)

EQep1RegsFile 
*          1    00005100    00000022     UNINITIALIZED
                  00005100    00000022     F2837xD_GlobalVariableDefs.obj (EQep1RegsFile)

EQep2RegsFile 
*          1    00005140    00000022     UNINITIALIZED
                  00005140    00000022     F2837xD_GlobalVariableDefs.obj (EQep2RegsFile)

EQep3RegsFile 
*          1    00005180    00000022     UNINITIALIZED
                  00005180    00000022     F2837xD_GlobalVariableDefs.obj (EQep3RegsFile)

DacaRegsFile 
*          1    00005c00    00000008     UNINITIALIZED
                  00005c00    00000008     F2837xD_GlobalVariableDefs.obj (DacaRegsFile)

DacbRegsFile 
*          1    00005c10    00000008     UNINITIALIZED
                  00005c10    00000008     F2837xD_GlobalVariableDefs.obj (DacbRegsFile)

DaccRegsFile 
*          1    00005c20    00000008     UNINITIALIZED
                  00005c20    00000008     F2837xD_GlobalVariableDefs.obj (DaccRegsFile)

Sdfm1RegsFile 
*          1    00005e00    00000080     UNINITIALIZED
                  00005e00    00000080     F2837xD_GlobalVariableDefs.obj (Sdfm1RegsFile)

Sdfm2RegsFile 
*          1    00005e80    00000080     UNINITIALIZED
                  00005e80    00000080     F2837xD_GlobalVariableDefs.obj (Sdfm2RegsFile)

McbspaRegsFile 
*          1    00006000    00000024     UNINITIALIZED
                  00006000    00000024     F2837xD_GlobalVariableDefs.obj (McbspaRegsFile)

McbspbRegsFile 
*          1    00006040    00000024     UNINITIALIZED
                  00006040    00000024     F2837xD_GlobalVariableDefs.obj (McbspbRegsFile)

SpiaRegsFile 
*          1    00006100    00000010     UNINITIALIZED
                  00006100    00000010     F2837xD_GlobalVariableDefs.obj (SpiaRegsFile)

SpibRegsFile 
*          1    00006110    00000010     UNINITIALIZED
                  00006110    00000010     F2837xD_GlobalVariableDefs.obj (SpibRegsFile)

SpicRegsFile 
*          1    00006120    00000010     UNINITIALIZED
                  00006120    00000010     F2837xD_GlobalVariableDefs.obj (SpicRegsFile)

UppRegsFile 
*          1    00006200    00000048     UNINITIALIZED
                  00006200    00000048     F2837xD_GlobalVariableDefs.obj (UppRegsFile)

WdRegsFile 
*          1    00007000    0000002b     UNINITIALIZED
                  00007000    0000002b     F2837xD_GlobalVariableDefs.obj (WdRegsFile)

NmiIntruptRegsFile 
*          1    00007060    00000007     UNINITIALIZED
                  00007060    00000007     F2837xD_GlobalVariableDefs.obj (NmiIntruptRegsFile)

XintRegsFile 
*          1    00007070    0000000b     UNINITIALIZED
                  00007070    0000000b     F2837xD_GlobalVariableDefs.obj (XintRegsFile)

SciaRegsFile 
*          1    00007200    00000010     UNINITIALIZED
                  00007200    00000010     F2837xD_GlobalVariableDefs.obj (SciaRegsFile)

ScibRegsFile 
*          1    00007210    00000010     UNINITIALIZED
                  00007210    00000010     F2837xD_GlobalVariableDefs.obj (ScibRegsFile)

ScicRegsFile 
*          1    00007220    00000010     UNINITIALIZED
                  00007220    00000010     F2837xD_GlobalVariableDefs.obj (ScicRegsFile)

ScidRegsFile 
*          1    00007230    00000010     UNINITIALIZED
                  00007230    00000010     F2837xD_GlobalVariableDefs.obj (ScidRegsFile)

I2caRegsFile 
*          1    00007300    00000022     UNINITIALIZED
                  00007300    00000022     F2837xD_GlobalVariableDefs.obj (I2caRegsFile)

I2cbRegsFile 
*          1    00007340    00000022     UNINITIALIZED
                  00007340    00000022     F2837xD_GlobalVariableDefs.obj (I2cbRegsFile)

InputXbarRegsFile 
*          1    00007900    00000020     UNINITIALIZED
                  00007900    00000020     F2837xD_GlobalVariableDefs.obj (InputXbarRegsFile)

XbarRegsFile 
*          1    00007920    00000020     UNINITIALIZED
                  00007920    00000020     F2837xD_GlobalVariableDefs.obj (XbarRegsFile)

SyncSocRegsFile 
*          1    00007940    00000006     UNINITIALIZED
                  00007940    00000006     F2837xD_GlobalVariableDefs.obj (SyncSocRegsFile)

DmaClaSrcSelRegsFile 
*          1    00007980    0000001a     UNINITIALIZED
                  00007980    0000001a     F2837xD_GlobalVariableDefs.obj (DmaClaSrcSelRegsFile)

EPwmXbarRegsFile 
*          1    00007a00    00000040     UNINITIALIZED
                  00007a00    00000040     F2837xD_GlobalVariableDefs.obj (EPwmXbarRegsFile)

OutputXbarRegsFile 
*          1    00007a80    00000040     UNINITIALIZED
                  00007a80    00000040     F2837xD_GlobalVariableDefs.obj (OutputXbarRegsFile)

GpioCtrlRegsFile 
*          1    00007c00    00000180     UNINITIALIZED
                  00007c00    00000180     F2837xD_GlobalVariableDefs.obj (GpioCtrlRegsFile)

GpioDataRegsFile 
*          1    00007f00    00000030     UNINITIALIZED
                  00007f00    00000030     F2837xD_GlobalVariableDefs.obj (GpioDataRegsFile)

ramgs2     1    0000e000    00000800     UNINITIALIZED
                  0000e000    00000800     C2000_Main.obj (ramgs2)

SHARERAMGS0 
*          1    0000c000    00000100     UNINITIALIZED
                  0000c000    00000100     C2000_Main.obj (SHARERAMGS0)

SHARERAMGS1 
*          1    0000d000    00000100     UNINITIALIZED
                  0000d000    00000100     C2000_Main.obj (SHARERAMGS1)

PUTBUFFER 
*          1    0003fc00    00000080     UNINITIALIZED
                  0003fc00    00000080     F2837xD_Ipc_Driver.obj (PUTBUFFER)

PUTWRITEIDX 
*          1    0003fc80    00000004     UNINITIALIZED
                  0003fc80    00000004     F2837xD_Ipc_Driver.obj (PUTWRITEIDX)

GETREADIDX 
*          1    0003fc84    00000004     UNINITIALIZED
                  0003fc84    00000004     F2837xD_Ipc_Driver.obj (GETREADIDX)

GETBUFFER 
*          0    0003f800    00000080     DSECT
                  0003f800    00000080     F2837xD_Ipc_Driver.obj (GETBUFFER)

GETWRITEIDX 
*          0    0003f880    00000004     DSECT
                  0003f880    00000004     F2837xD_Ipc_Driver.obj (GETWRITEIDX)

PUTREADIDX 
*          0    0003f884    00000004     DSECT
                  0003f884    00000004     F2837xD_Ipc_Driver.obj (PUTREADIDX)

PieVectTableFile 
*          1    00000d00    000001c0     UNINITIALIZED
                  00000d00    000001c0     F2837xD_GlobalVariableDefs.obj (PieVectTableFile)

EmuBModeVar 
*          1    00000d00    00000001     UNINITIALIZED
                  00000d00    00000001     F2837xD_GlobalVariableDefs.obj (EmuBModeVar)

EmuBootPinsVar 
*          1    00000d01    00000001     UNINITIALIZED
                  00000d01    00000001     F2837xD_GlobalVariableDefs.obj (EmuBootPinsVar)

AdcaRegsFile 
*          1    00007400    00000080     UNINITIALIZED
                  00007400    00000080     F2837xD_GlobalVariableDefs.obj (AdcaRegsFile)

AdcbRegsFile 
*          1    00007480    00000080     UNINITIALIZED
                  00007480    00000080     F2837xD_GlobalVariableDefs.obj (AdcbRegsFile)

AdccRegsFile 
*          1    00007500    00000080     UNINITIALIZED
                  00007500    00000080     F2837xD_GlobalVariableDefs.obj (AdccRegsFile)

AdcdRegsFile 
*          1    00007580    00000080     UNINITIALIZED
                  00007580    00000080     F2837xD_GlobalVariableDefs.obj (AdcdRegsFile)

CanaRegsFile 
*          1    00048000    00000164     UNINITIALIZED
                  00048000    00000164     F2837xD_GlobalVariableDefs.obj (CanaRegsFile)

CanbRegsFile 
*          1    0004a000    00000164     UNINITIALIZED
                  0004a000    00000164     F2837xD_GlobalVariableDefs.obj (CanbRegsFile)

AnalogSubsysRegsFile 
*          1    0005d180    00000048     UNINITIALIZED
                  0005d180    00000048     F2837xD_GlobalVariableDefs.obj (AnalogSubsysRegsFile)

Cla1SoftIntRegsFile 
*          1    00000ce0    00000004     DSECT
                  00000ce0    00000004     F2837xD_GlobalVariableDefs.obj (Cla1SoftIntRegsFile)

Cmpss1RegsFile 
*          1    00005c80    00000020     UNINITIALIZED
                  00005c80    00000020     F2837xD_GlobalVariableDefs.obj (Cmpss1RegsFile)

Cmpss2RegsFile 
*          1    00005ca0    00000020     UNINITIALIZED
                  00005ca0    00000020     F2837xD_GlobalVariableDefs.obj (Cmpss2RegsFile)

Cmpss3RegsFile 
*          1    00005cc0    00000020     UNINITIALIZED
                  00005cc0    00000020     F2837xD_GlobalVariableDefs.obj (Cmpss3RegsFile)

Cmpss4RegsFile 
*          1    00005ce0    00000020     UNINITIALIZED
                  00005ce0    00000020     F2837xD_GlobalVariableDefs.obj (Cmpss4RegsFile)

Cmpss5RegsFile 
*          1    00005d00    00000020     UNINITIALIZED
                  00005d00    00000020     F2837xD_GlobalVariableDefs.obj (Cmpss5RegsFile)

Cmpss6RegsFile 
*          1    00005d20    00000020     UNINITIALIZED
                  00005d20    00000020     F2837xD_GlobalVariableDefs.obj (Cmpss6RegsFile)

Cmpss7RegsFile 
*          1    00005d40    00000020     UNINITIALIZED
                  00005d40    00000020     F2837xD_GlobalVariableDefs.obj (Cmpss7RegsFile)

Cmpss8RegsFile 
*          1    00005d60    00000020     UNINITIALIZED
                  00005d60    00000020     F2837xD_GlobalVariableDefs.obj (Cmpss8RegsFile)

Emif1RegsFile 
*          1    00047000    00000070     UNINITIALIZED
                  00047000    00000070     F2837xD_GlobalVariableDefs.obj (Emif1RegsFile)

Emif2RegsFile 
*          1    00047800    00000070     UNINITIALIZED
                  00047800    00000070     F2837xD_GlobalVariableDefs.obj (Emif2RegsFile)

IpcRegsFile 
*          1    00050000    00000024     UNINITIALIZED
                  00050000    00000024     F2837xD_GlobalVariableDefs.obj (IpcRegsFile)

FlashPumpSemaphoreRegsFile 
*          1    00050024    00000002     UNINITIALIZED
                  00050024    00000002     F2837xD_GlobalVariableDefs.obj (FlashPumpSemaphoreRegsFile)

RomPrefetchRegsFile 
*          1    0005e608    00000002     UNINITIALIZED
                  0005e608    00000002     F2837xD_GlobalVariableDefs.obj (RomPrefetchRegsFile)

DcsmZ1RegsFile 
*          1    0005f000    00000024     UNINITIALIZED
                  0005f000    00000024     F2837xD_GlobalVariableDefs.obj (DcsmZ1RegsFile)

DcsmZ2RegsFile 
*          1    0005f040    00000024     UNINITIALIZED
                  0005f040    00000024     F2837xD_GlobalVariableDefs.obj (DcsmZ2RegsFile)

DcsmCommonRegsFile 
*          1    0005f070    00000008     UNINITIALIZED
                  0005f070    00000008     F2837xD_GlobalVariableDefs.obj (DcsmCommonRegsFile)

MemCfgRegsFile 
*          1    0005f400    00000080     UNINITIALIZED
                  0005f400    00000080     F2837xD_GlobalVariableDefs.obj (MemCfgRegsFile)

Emif1ConfigRegsFile 
*          1    0005f480    00000020     UNINITIALIZED
                  0005f480    00000020     F2837xD_GlobalVariableDefs.obj (Emif1ConfigRegsFile)

Emif2ConfigRegsFile 
*          1    0005f4a0    00000020     UNINITIALIZED
                  0005f4a0    00000020     F2837xD_GlobalVariableDefs.obj (Emif2ConfigRegsFile)

AccessProtectionRegsFile 
*          1    0005f4c0    00000040     UNINITIALIZED
                  0005f4c0    00000040     F2837xD_GlobalVariableDefs.obj (AccessProtectionRegsFile)

MemoryErrorRegsFile 
*          1    0005f500    00000040     UNINITIALIZED
                  0005f500    00000040     F2837xD_GlobalVariableDefs.obj (MemoryErrorRegsFile)

RomWaitStateRegsFile 
*          1    0005f540    00000002     UNINITIALIZED
                  0005f540    00000002     F2837xD_GlobalVariableDefs.obj (RomWaitStateRegsFile)

Flash0CtrlRegsFile 
*          1    0005f800    00000182     UNINITIALIZED
                  0005f800    00000182     F2837xD_GlobalVariableDefs.obj (Flash0CtrlRegsFile)

Flash0EccRegsFile 
*          1    0005fb00    00000028     UNINITIALIZED
                  0005fb00    00000028     F2837xD_GlobalVariableDefs.obj (Flash0EccRegsFile)

DevCfgRegsFile 
*          1    0005d000    0000012e     UNINITIALIZED
                  0005d000    0000012e     F2837xD_GlobalVariableDefs.obj (DevCfgRegsFile)

ClkCfgRegsFile 
*          1    0005d200    00000032     UNINITIALIZED
                  0005d200    00000032     F2837xD_GlobalVariableDefs.obj (ClkCfgRegsFile)

CpuSysRegsFile 
*          1    0005d300    00000082     UNINITIALIZED
                  0005d300    00000082     F2837xD_GlobalVariableDefs.obj (CpuSysRegsFile)

.text.1    0    000820e4    00001f1c     
                  000820e4    00001084     ff.obj (.text)
                  00083168    00000590     F2837xD_DefaultISR.obj (.text:retain)
                  000836f8    0000049a     F2837xD_SysCtrl.obj (.text)
                  00083b92    0000042c     mmc_F2837x.obj (.text)
                  00083fbe    00000042     AIC23.obj (.text)

.text.2    0    00084000    0000199e     
                  00084000    000003a7     DSP.obj (.text)
                  000843a7    00000369     rts2800_fpu32.lib : e_powf.c.obj (.text)
                  00084710    00000315     lawOfCos.obj (.text)
                  00084a25    00000244     F2837xD_Gpio.obj (.text)
                  00084c69    000001c6     C2000_Main.obj (.text)
                  00084e2f    000001b8     F2837xD_Mcbsp.obj (.text)
                  00084fe7    00000191     C2000_Main.obj (.text:retain)
                  00085178    00000171     F2837xD_Ipc_Driver_Util.obj (.text)
                  000852e9    00000001     rts2800_fpu32.lib : startup.c.obj (.text)
                  000852ea    0000011d     RFFT_f32.obj (.text)
                  00085407    00000001     --HOLE-- [fill = 0]
                  00085408    000000fe     RFFT_f32s_mag.obj (.text)
                  00085506    000000fd     F2837xD_EPwm.obj (.text)
                  00085603    000000a0     OneToOneI2CDriver.obj (.text)
                  000856a3    00000088     rts2800_fpu32.lib : fs_div28.asm.obj (.text)
                  0008572b    0000007c     F2837xD_CpuTimers.obj (.text)
                  000857a7    00000058     rts2800_fpu32.lib : s_scalbnf.c.obj (.text)
                  000857ff    00000056                       : boot28.asm.obj (.text)
                  00085855    00000029                       : exit.c.obj (.text)
                  0008587e    00000028     F2837xD_PieCtrl.obj (.text)
                  000858a6    00000027     rts2800_fpu32.lib : e_sqrtf.c.obj (.text)
                  000858cd    00000026     F2837xD_PieVect.obj (.text)
                  000858f3    00000024     rts2800_fpu32.lib : cpy_tbl.c.obj (.text)
                  00085917    0000001d                       : memcpy.c.obj (.text)
                  00085934    00000019                       : args_main.c.obj (.text)
                  0008594d    00000018                       : ll_aox28.asm.obj (.text)
                  00085965    00000013                       : memcmp.c.obj (.text)
                  00085978    00000011                       : s_copysignf.c.obj (.text)
                  00085989    00000009                       : _lock.c.obj (.text)
                  00085992    00000007                       : memset.c.obj (.text)
                  00085999    00000003     F2837xD_DBGIER.obj (.text)
                  0008599c    00000002     rts2800_fpu32.lib : pre_init.c.obj (.text)

.ebss      1    0000a800    0000055a     UNINITIALIZED
                  0000a800    00000498     C2000_Main.obj (.ebss)
                  0000ac98    0000001e     F2837xD_struct.obj (.ebss:_TRIP_SEL)
                  0000acb6    0000000a     F2837xD_struct.obj (.ebss:_ADC)
                  0000acc0    0000001a     F2837xD_struct.obj (.ebss:_EPWM)
                  0000acda    00000018     F2837xD_CpuTimers.obj (.ebss)
                  0000acf2    0000000e     F2837xD_struct.obj (.ebss:_ECAP)
                  0000ad00    00000008     F2837xD_struct.obj (.ebss:_EQEP)
                  0000ad08    00000008     lawOfCos.obj (.ebss:_Inverse)
                  0000ad10    00000008     lawOfCos.obj (.ebss:_Jac)
                  0000ad18    00000008     F2837xD_struct.obj (.ebss:_SPI)
                  0000ad20    00000006     F2837xD_TempSensorConv.obj (.ebss)
                  0000ad26    00000006     F2837xD_struct.obj (.ebss:_SDFM)
                  0000ad2c    00000006     rts2800_fpu32.lib : exit.c.obj (.ebss)
                  0000ad32    00000005     mmc_F2837x.obj (.ebss)
                  0000ad37    00000001     F2837xD_sci_io.obj (.ebss)
                  0000ad38    00000004     lawOfCos.obj (.ebss:_F)
                  0000ad3c    00000004     ff.obj (.ebss:_FatFs)
                  0000ad40    00000004     F2837xD_struct.obj (.ebss:_I2C)
                  0000ad44    00000004     F2837xD_struct.obj (.ebss:_MCBSP)
                  0000ad48    00000004     lawOfCos.obj (.ebss:_Result)
                  0000ad4c    00000004     F2837xD_struct.obj (.ebss:_SCI)
                  0000ad50    00000003     C2000_Main.obj (.ebss:_order)
                  0000ad53    00000001     ff.obj (.ebss)
                  0000ad54    00000002     rts2800_fpu32.lib : _lock.c.obj (.ebss:__lock)
                  0000ad56    00000002                       : _lock.c.obj (.ebss:__unlock)
                  0000ad58    00000001     lawOfCos.obj (.ebss)
                  0000ad59    00000001     rts2800_fpu32.lib : errno.c.obj (.ebss)

MODULE SUMMARY

       Module                           code    initialized data   uninitialized data
       ------                           ----    ----------------   ------------------
    ./
       C2000_Main.obj                   855     53                 3739              
    +--+--------------------------------+-------+------------------+--------------------+
       Total:                           855     53                 3739              
                                                                                     
    ./Common/
       ff.obj                           4228    10                 5                 
       F2837xD_DefaultISR.obj           1424    0                  0                 
       F2837xD_SysCtrl.obj              1288    0                  0                 
       mmc_F2837x.obj                   1068    8                  5                 
       DSP.obj                          935     0                  0                 
       lawOfCos.obj                     789     0                  25                
       F2837xD_Gpio.obj                 580     0                  0                 
       F2837xD_PieVect.obj              38      448                0                 
       F2837xD_Mcbsp.obj                440     0                  0                 
       F2837xD_Ipc_Driver_Util.obj      369     0                  0                 
       RFFT_f32.obj                     285     0                  0                 
       F2837xD_struct.obj               0       144                114               
       RFFT_f32s_mag.obj                254     0                  0                 
       F2837xD_EPwm.obj                 253     0                  0                 
       OneToOneI2CDriver.obj            160     0                  0                 
       F2837xD_CpuTimers.obj            124     0                  24                
       F2837xD_Ipc_Driver.obj           0       0                  136               
       AIC23.obj                        66      0                  0                 
       F2837xD_PieCtrl.obj              40      0                  0                 
       F2837xD_usDelay.obj              8       0                  0                 
       F2837xD_TempSensorConv.obj       0       0                  6                 
       F2837xD_sci_io.obj               0       4                  1                 
       F2837xD_DBGIER.obj               3       0                  0                 
       F2837xD_CodeStartBranch.obj      2       0                  0                 
    +--+--------------------------------+-------+------------------+--------------------+
       Total:                           12354   614                316               
                                                                                     
    ./Header/
       F2837xD_GlobalVariableDefs.obj   0       0                  8695              
    +--+--------------------------------+-------+------------------+--------------------+
       Total:                           0       0                  8695              
                                                                                     
    /Applications/ti/ccs930/ccs/tools/compiler/ti-cgt-c2000_18.12.4.LTS/lib/rts2800_fpu32.lib
       e_powf.c.obj                     873     62                 0                 
       fs_div28.asm.obj                 136     0                  0                 
       s_scalbnf.c.obj                  88      6                  0                 
       boot28.asm.obj                   86      0                  0                 
       exit.c.obj                       41      14                 6                 
       e_sqrtf.c.obj                    39      0                  0                 
       cpy_tbl.c.obj                    36      0                  0                 
       memcpy.c.obj                     29      0                  0                 
       args_main.c.obj                  25      0                  0                 
       ll_aox28.asm.obj                 24      0                  0                 
       _lock.c.obj                      9       10                 4                 
       memcmp.c.obj                     19      0                  0                 
       s_copysignf.c.obj                17      0                  0                 
       memset.c.obj                     7       0                  0                 
       errno.c.obj                      0       4                  1                 
       pre_init.c.obj                   2       0                  0                 
       startup.c.obj                    1       0                  0                 
    +--+--------------------------------+-------+------------------+--------------------+
       Total:                           1432    96                 11                
                                                                                     
       Stack:                           0       0                  512               
    +--+--------------------------------+-------+------------------+--------------------+
       Grand Total:                     14641   763                13273             


GLOBAL DATA SYMBOLS: SORTED BY DATA PAGE

address     data page           name
--------    ----------------    ----
00000400      10 (00000400)     __stack

00000b00      2c (00000b00)     _AdcaResultRegs
00000b20      2c (00000b00)     _AdcbResultRegs

00000b40      2d (00000b40)     _AdccResultRegs
00000b60      2d (00000b40)     _AdcdResultRegs

00000c00      30 (00000c00)     _CpuTimer0Regs
00000c08      30 (00000c00)     _CpuTimer1Regs
00000c10      30 (00000c00)     _CpuTimer2Regs

00000ce0      33 (00000cc0)     _Cla1SoftIntRegs
00000ce0      33 (00000cc0)     _PieCtrlRegs

00000d00      34 (00000d00)     _EmuBMode
00000d00      34 (00000d00)     _PieVectTable
00000d01      34 (00000d00)     _EmuBootPins

00001000      40 (00001000)     _DmaRegs

00001400      50 (00001400)     _Cla1Regs

00004000     100 (00004000)     _EPwm1Regs

00004100     104 (00004100)     _EPwm2Regs

00004200     108 (00004200)     _EPwm3Regs

00004300     10c (00004300)     _EPwm4Regs

00004400     110 (00004400)     _EPwm5Regs

00004500     114 (00004500)     _EPwm6Regs

00004600     118 (00004600)     _EPwm7Regs

00004700     11c (00004700)     _EPwm8Regs

00004800     120 (00004800)     _EPwm9Regs

00004900     124 (00004900)     _EPwm10Regs

00004a00     128 (00004a00)     _EPwm11Regs

00004b00     12c (00004b00)     _EPwm12Regs

00005000     140 (00005000)     _ECap1Regs
00005020     140 (00005000)     _ECap2Regs

00005040     141 (00005040)     _ECap3Regs
00005060     141 (00005040)     _ECap4Regs

00005080     142 (00005080)     _ECap5Regs
000050a0     142 (00005080)     _ECap6Regs

00005100     144 (00005100)     _EQep1Regs

00005140     145 (00005140)     _EQep2Regs

00005180     146 (00005180)     _EQep3Regs

00005c00     170 (00005c00)     _DacaRegs
00005c10     170 (00005c00)     _DacbRegs
00005c20     170 (00005c00)     _DaccRegs

00005c80     172 (00005c80)     _Cmpss1Regs
00005ca0     172 (00005c80)     _Cmpss2Regs

00005cc0     173 (00005cc0)     _Cmpss3Regs
00005ce0     173 (00005cc0)     _Cmpss4Regs

00005d00     174 (00005d00)     _Cmpss5Regs
00005d20     174 (00005d00)     _Cmpss6Regs

00005d40     175 (00005d40)     _Cmpss7Regs
00005d60     175 (00005d40)     _Cmpss8Regs

00005e00     178 (00005e00)     _Sdfm1Regs

00005e80     17a (00005e80)     _Sdfm2Regs

00006000     180 (00006000)     _McbspaRegs

00006040     181 (00006040)     _McbspbRegs

00006100     184 (00006100)     _SpiaRegs
00006110     184 (00006100)     _SpibRegs
00006120     184 (00006100)     _SpicRegs

00006200     188 (00006200)     _UppRegs

00007000     1c0 (00007000)     _WdRegs

00007060     1c1 (00007040)     _NmiIntruptRegs
00007070     1c1 (00007040)     _XintRegs

00007200     1c8 (00007200)     _SciaRegs
00007210     1c8 (00007200)     _ScibRegs
00007220     1c8 (00007200)     _ScicRegs
00007230     1c8 (00007200)     _ScidRegs

00007300     1cc (00007300)     _I2caRegs

00007340     1cd (00007340)     _I2cbRegs

00007400     1d0 (00007400)     _AdcaRegs

00007480     1d2 (00007480)     _AdcbRegs

00007500     1d4 (00007500)     _AdccRegs

00007580     1d6 (00007580)     _AdcdRegs

00007900     1e4 (00007900)     _InputXbarRegs
00007920     1e4 (00007900)     _XbarRegs

00007940     1e5 (00007940)     _SyncSocRegs

00007980     1e6 (00007980)     _DmaClaSrcSelRegs

00007a00     1e8 (00007a00)     _EPwmXbarRegs

00007a80     1ea (00007a80)     _OutputXbarRegs

00007c00     1f0 (00007c00)     _GpioCtrlRegs

00007f00     1fc (00007f00)     _GpioDataRegs

0000a800     2a0 (0000a800)     _error
0000a801     2a0 (0000a800)     _RAM_FLAG
0000a802     2a0 (0000a800)     _fresult
0000a803     2a0 (0000a800)     _current_count
0000a804     2a0 (0000a800)     _count
0000a805     2a0 (0000a800)     _temp_0
0000a806     2a0 (0000a800)     _temp_1
0000a807     2a0 (0000a800)     _data
0000a808     2a0 (0000a800)     _refill_sdbuf1
0000a809     2a0 (0000a800)     _refill_sdbuf2
0000a80a     2a0 (0000a800)     _sdbuf1_flag
0000a80b     2a0 (0000a800)     _sdbuf2_flag
0000a80c     2a0 (0000a800)     _first_mic
0000a80d     2a0 (0000a800)     _second_mic
0000a80e     2a0 (0000a800)     _done
0000a810     2a0 (0000a800)     _data2

0000ac98     2b2 (0000ac80)     _TRIP_SEL
0000acb6     2b2 (0000ac80)     _ADC

0000acc0     2b3 (0000acc0)     _EPWM
0000acda     2b3 (0000acc0)     _CpuTimer0
0000ace2     2b3 (0000acc0)     _CpuTimer1
0000acea     2b3 (0000acc0)     _CpuTimer2
0000acf2     2b3 (0000acc0)     _ECAP

0000ad00     2b4 (0000ad00)     _EQEP
0000ad08     2b4 (0000ad00)     _Inverse
0000ad10     2b4 (0000ad00)     _Jac
0000ad18     2b4 (0000ad00)     _SPI
0000ad20     2b4 (0000ad00)     _tempSensor_tempSlope
0000ad22     2b4 (0000ad00)     _tempSensor_tempOffset
0000ad24     2b4 (0000ad00)     _tempSensor_scaleFactor
0000ad26     2b4 (0000ad00)     _SDFM
0000ad2c     2b4 (0000ad00)     ___TI_enable_exit_profile_output
0000ad2e     2b4 (0000ad00)     ___TI_cleanup_ptr
0000ad30     2b4 (0000ad00)     ___TI_dtors_ptr
0000ad37     2b4 (0000ad00)     _deviceOpen
0000ad38     2b4 (0000ad00)     _F

0000ad40     2b5 (0000ad40)     _I2C
0000ad44     2b5 (0000ad40)     _MCBSP
0000ad48     2b5 (0000ad40)     _Result
0000ad4c     2b5 (0000ad40)     _SCI
0000ad50     2b5 (0000ad40)     _order
0000ad54     2b5 (0000ad40)     __lock
0000ad56     2b5 (0000ad40)     __unlock
0000ad58     2b5 (0000ad40)     _angle
0000ad59     2b5 (0000ad40)     _errno

0000c000     300 (0000c000)     _c1_r_array

0000d000     340 (0000d000)     _c1_r_w_array

0000e000     380 (0000e000)     _sdbuf1

0000e400     390 (0000e400)     _sdbuf2

0003f800     fe0 (0003f800)     _g_asIPCCPU2toCPU1Buffers

0003f880     fe2 (0003f880)     _g_usGetWriteIndexes
0003f884     fe2 (0003f880)     _g_usPutReadIndexes

0003fc00     ff0 (0003fc00)     _g_asIPCCPU1toCPU2Buffers

0003fc80     ff2 (0003fc80)     _g_usPutWriteIndexes
0003fc84     ff2 (0003fc80)     _g_usGetReadIndexes

00047000    11c0 (00047000)     _Emif1Regs

00047800    11e0 (00047800)     _Emif2Regs

00048000    1200 (00048000)     _CanaRegs

0004a000    1280 (0004a000)     _CanbRegs

00050000    1400 (00050000)     _IpcRegs
00050024    1400 (00050000)     _FlashPumpSemaphoreRegs

0005d000    1740 (0005d000)     _DevCfgRegs

0005d180    1746 (0005d180)     _AnalogSubsysRegs

0005d200    1748 (0005d200)     _ClkCfgRegs

0005d300    174c (0005d300)     _CpuSysRegs

0005e608    1798 (0005e600)     _RomPrefetchRegs

0005f000    17c0 (0005f000)     _DcsmZ1Regs

0005f040    17c1 (0005f040)     _DcsmZ2Regs
0005f070    17c1 (0005f040)     _DcsmCommonRegs

0005f400    17d0 (0005f400)     _MemCfgRegs

0005f480    17d2 (0005f480)     _Emif1ConfigRegs
0005f4a0    17d2 (0005f480)     _Emif2ConfigRegs

0005f4c0    17d3 (0005f4c0)     _AccessProtectionRegs

0005f500    17d4 (0005f500)     _MemoryErrorRegs

0005f540    17d5 (0005f540)     _RomWaitStateRegs

0005f800    17e0 (0005f800)     _Flash0CtrlRegs

0005fb00    17ec (0005fb00)     _Flash0EccRegs

00090000    2400 (00090000)     _PieVectTableInit


GLOBAL SYMBOLS: SORTED ALPHABETICALLY BY Name 

page  address   name                                  
----  -------   ----                                  
abs   ffffffff  .text                                 
0     00085855  C$$EXIT                               
0     000856a3  FS$$DIV                               
0     0008594d  LL$$AND                               
0     00085955  LL$$OR                                
0     0008595d  LL$$XOR                               
1     0000acb6  _ADC                                  
0     00083231  _ADCA1_ISR                            
0     000834b1  _ADCA2_ISR                            
0     000834bb  _ADCA3_ISR                            
0     000834c5  _ADCA4_ISR                            
0     000834a7  _ADCA_EVT_ISR                         
0     0008323b  _ADCB1_ISR                            
0     000834d9  _ADCB2_ISR                            
0     000834e3  _ADCB3_ISR                            
0     000834ed  _ADCB4_ISR                            
0     000834cf  _ADCB_EVT_ISR                         
0     00083245  _ADCC1_ISR                            
0     00083641  _ADCC2_ISR                            
0     0008364b  _ADCC3_ISR                            
0     00083655  _ADCC4_ISR                            
0     00083637  _ADCC_EVT_ISR                         
0     00083263  _ADCD1_ISR                            
0     00083669  _ADCD2_ISR                            
0     00083673  _ADCD3_ISR                            
0     0008367d  _ADCD4_ISR                            
0     0008365f  _ADCD_EVT_ISR                         
0     000836b9  _AUX_PLL_SLIP_ISR                     
1     0005f4c0  _AccessProtectionRegs                 
1     00007400  _AdcaRegs                             
1     00000b00  _AdcaResultRegs                       
1     00007480  _AdcbRegs                             
1     00000b20  _AdcbResultRegs                       
1     00007500  _AdccRegs                             
1     00000b40  _AdccResultRegs                       
1     00007580  _AdcdRegs                             
1     00000b60  _AdcdResultRegs                       
1     0005d180  _AnalogSubsysRegs                     
0     00083b3e  _AuxAuxClkSel                         
0     00083b28  _AuxIntOsc2Sel                        
0     00083b32  _AuxXtalOscSel                        
0     0008412e  _BitBangedCodecSpiTransmit            
0     0008347f  _CANA0_ISR                            
0     00083489  _CANA1_ISR                            
0     00083493  _CANB0_ISR                            
0     0008349d  _CANB1_ISR                            
0     000834f7  _CLA1_1_ISR                           
0     00083501  _CLA1_2_ISR                           
0     0008350b  _CLA1_3_ISR                           
0     00083515  _CLA1_4_ISR                           
0     0008351f  _CLA1_5_ISR                           
0     00083529  _CLA1_6_ISR                           
0     00083533  _CLA1_7_ISR                           
0     0008353d  _CLA1_8_ISR                           
0     000836c3  _CLA_OVERFLOW_ISR                     
0     000836cd  _CLA_UNDERFLOW_ISR                    
0     00083ff4  _CLKsampleratecontrol                 
1     00048000  _CanaRegs                             
1     0004a000  _CanbRegs                             
1     00001400  _Cla1Regs                             
0     00000ce0  _Cla1SoftIntRegs                      
1     0005d200  _ClkCfgRegs                           
1     00005c80  _Cmpss1Regs                           
1     00005ca0  _Cmpss2Regs                           
1     00005cc0  _Cmpss3Regs                           
1     00005ce0  _Cmpss4Regs                           
1     00005d00  _Cmpss5Regs                           
1     00005d20  _Cmpss6Regs                           
1     00005d40  _Cmpss7Regs                           
1     00005d60  _Cmpss8Regs                           
0     0008576c  _ConfigCpuTimer                       
1     0005d300  _CpuSysRegs                           
1     0000acda  _CpuTimer0                            
1     00000c00  _CpuTimer0Regs                        
1     0000ace2  _CpuTimer1                            
1     00000c08  _CpuTimer1Regs                        
1     0000acea  _CpuTimer2                            
1     00000c10  _CpuTimer2Regs                        
0     00083ae3  _CsmUnlock                            
0     00084c69  _DAC10Bit                             
0     0008317c  _DATALOG_ISR                          
0     000833cb  _DMA_CH1_ISR                          
0     000833d5  _DMA_CH2_ISR                          
0     000833df  _DMA_CH3_ISR                          
0     000833e9  _DMA_CH4_ISR                          
0     000833f3  _DMA_CH5_ISR                          
0     000833fd  _DMA_CH6_ISR                          
0     00083fe8  _DSPdigaudinterface                   
1     00005c00  _DacaRegs                             
1     00005c10  _DacbRegs                             
1     00005c20  _DaccRegs                             
1     0005f070  _DcsmCommonRegs                       
1     0005f000  _DcsmZ1Regs                           
1     0005f040  _DcsmZ2Regs                           
1     0005d000  _DevCfgRegs                           
0     000837f8  _DisableDog                           
0     000837b9  _DisablePeripheralClocks              
1     00007980  _DmaClaSrcSelRegs                     
1     00001000  _DmaRegs                              
1     0000acf2  _ECAP                                 
0     00083321  _ECAP1_ISR                            
0     0008332b  _ECAP2_ISR                            
0     00083335  _ECAP3_ISR                            
0     0008333f  _ECAP4_ISR                            
0     00083349  _ECAP5_ISR                            
0     00083353  _ECAP6_ISR                            
1     00005000  _ECap1Regs                            
1     00005020  _ECap2Regs                            
1     00005040  _ECap3Regs                            
1     00005060  _ECap4Regs                            
1     00005080  _ECap5Regs                            
1     000050a0  _ECap6Regs                            
0     00083687  _EMIF_ERROR_ISR                       
0     000836e1  _EMPTY_ISR                            
0     00083190  _EMU_ISR                              
1     0000acc0  _EPWM                                 
0     000835dd  _EPWM10_ISR                           
0     000835b5  _EPWM10_TZ_ISR                        
0     000835e7  _EPWM11_ISR                           
0     000835bf  _EPWM11_TZ_ISR                        
0     000835f1  _EPWM12_ISR                           
0     000835c9  _EPWM12_TZ_ISR                        
0     000832d1  _EPWM1_ISR                            
0     00083281  _EPWM1_TZ_ISR                         
0     000832db  _EPWM2_ISR                            
0     0008328b  _EPWM2_TZ_ISR                         
0     000832e5  _EPWM3_ISR                            
0     00083295  _EPWM3_TZ_ISR                         
0     000832ef  _EPWM4_ISR                            
0     0008329f  _EPWM4_TZ_ISR                         
0     000832f9  _EPWM5_ISR                            
0     000832a9  _EPWM5_TZ_ISR                         
0     00083303  _EPWM6_ISR                            
0     000832b3  _EPWM6_TZ_ISR                         
0     0008330d  _EPWM7_ISR                            
0     000832bd  _EPWM7_TZ_ISR                         
0     00083317  _EPWM8_ISR                            
0     000832c7  _EPWM8_TZ_ISR                         
0     000835d3  _EPWM9_ISR                            
0     000835ab  _EPWM9_TZ_ISR                         
1     00004900  _EPwm10Regs                           
1     00004a00  _EPwm11Regs                           
1     00004b00  _EPwm12Regs                           
1     00004000  _EPwm1Regs                            
1     00004100  _EPwm2Regs                            
1     00004200  _EPwm3Regs                            
1     00004300  _EPwm4Regs                            
1     00004400  _EPwm5Regs                            
1     00004500  _EPwm6Regs                            
1     00004600  _EPwm7Regs                            
1     00004700  _EPwm8Regs                            
1     00004800  _EPwm9Regs                            
1     00007a00  _EPwmXbarRegs                         
1     0000ad00  _EQEP                                 
0     0008335d  _EQEP1_ISR                            
0     00083367  _EQEP2_ISR                            
0     00083371  _EQEP3_ISR                            
1     00005100  _EQep1Regs                            
1     00005140  _EQep2Regs                            
1     00005180  _EQep3Regs                            
1     0005f480  _Emif1ConfigRegs                      
1     00047000  _Emif1Regs                            
1     0005f4a0  _Emif2ConfigRegs                      
1     00047800  _Emif2Regs                            
1     00000d00  _EmuBMode                             
1     00000d01  _EmuBootPins                          
0     0008589d  _EnableInterrupts                     
0     00084c9d  _EnablePinInts                        
1     0000ad38  _F                                    
0     00008037  _F28x_usDelay                         
0     0008369b  _FLASH_CORRECTABLE_ERROR_ISR          
0     0008356f  _FPU_OVERFLOW_ISR                     
0     00083579  _FPU_UNDERFLOW_ISR                    
1     0005f800  _Flash0CtrlRegs                       
1     0005fb00  _Flash0EccRegs                        
0     00008029  _FlashOff                             
1     00050024  _FlashPumpSemaphoreRegs               
0     00084c1e  _GPIO_EnableUnbondedIOPullups         
0     00084bf9  _GPIO_EnableUnbondedIOPullupsFor100Pin
0     00084be0  _GPIO_EnableUnbondedIOPullupsFor176Pin
0     00084c34  _GPIO_ReadPin                         
0     00084b85  _GPIO_SetupLock                       
0     00084a65  _GPIO_SetupPinMux                     
0     00084af1  _GPIO_SetupPinOptions                 
0     00084bae  _GPIO_SetupXINT1Gpio                  
0     00084bb8  _GPIO_SetupXINT2Gpio                  
0     00084bc2  _GPIO_SetupXINT3Gpio                  
0     00084bcc  _GPIO_SetupXINT4Gpio                  
0     00084bd6  _GPIO_SetupXINT5Gpio                  
0     00084c4b  _GPIO_WritePin                        
1     00007c00  _GpioCtrlRegs                         
1     00007f00  _GpioDataRegs                         
0     00083b5c  _HALT                                 
0     00083b75  _HIB                                  
1     0000ad40  _I2C                                  
0     00083411  _I2CA_FIFO_ISR                        
0     00083407  _I2CA_ISR                             
0     00083425  _I2CB_FIFO_ISR                        
0     0008341b  _I2CB_ISR                             
0     0008564b  _I2C_O2O_Master_Init                  
0     0008566f  _I2C_O2O_SendBytes                    
0     00083feb  _I2Sdigaudinterface                   
1     00007300  _I2caRegs                             
1     00007340  _I2cbRegs                             
0     00083b48  _IDLE                                 
0     000831a4  _ILLEGAL_ISR                          
0     00083583  _IPC0_ISR                             
0     0008358d  _IPC1_ISR                             
0     00083597  _IPC2_ISR                             
0     000835a1  _IPC3_ISR                             
0     000851b2  _IPCBootCPU2                          
0     000851ae  _IPCGetBootStatus                     
0     0008518f  _IPCLtoRFlagBusy                      
0     000851a6  _IPCLtoRFlagClear                     
0     0008519e  _IPCLtoRFlagSet                       
0     00085178  _IPCRtoLFlagAcknowledge               
0     00085180  _IPCRtoLFlagBusy                      
0     00084f3c  _IniMcbspb12bit                       
0     00084151  _InitAIC23                            
0     000839f4  _InitAuxPll                           
0     000840fc  _InitBigBangedCodecSPI                
0     0008572b  _InitCpuTimers                        
0     000855c9  _InitEPwm10Gpio                       
0     000855dc  _InitEPwm11Gpio                       
0     000855f0  _InitEPwm12Gpio                       
0     0008551f  _InitEPwm1Gpio                        
0     00085531  _InitEPwm2Gpio                        
0     00085543  _InitEPwm3Gpio                        
0     00085557  _InitEPwm4Gpio                        
0     0008556b  _InitEPwm5Gpio                        
0     0008557d  _InitEPwm6Gpio                        
0     0008558f  _InitEPwm7Gpio                        
0     000855a3  _InitEPwm8Gpio                        
0     000855b7  _InitEPwm9Gpio                        
0     00085506  _InitEPwmGpio                         
0     00008000  _InitFlash                            
0     00084a25  _InitGpio                             
0     00084cac  _InitGpioInt                          
0     00084068  _InitMcBSPb                           
0     00084e2f  _InitMcbspa                           
0     00084e85  _InitMcbspa12bit                      
0     00084e90  _InitMcbspa16bit                      
0     00084e9b  _InitMcbspa20bit                      
0     00084ea6  _InitMcbspa24bit                      
0     00084eb1  _InitMcbspa32bit                      
0     00084e7e  _InitMcbspa8bit                       
0     00084ebc  _InitMcbspaGpio                       
0     00084e6f  _InitMcbspaInt                        
0     00084ee6  _InitMcbspb                           
0     00084f47  _InitMcbspb16bit                      
0     00084f52  _InitMcbspb20bit                      
0     00084f5d  _InitMcbspb24bit                      
0     00084f68  _InitMcbspb32bit                      
0     00084f35  _InitMcbspb8bit                       
0     00084f73  _InitMcbspbGpio                       
0     00084f26  _InitMcbspbInt                        
0     00083735  _InitPeripheralClocks                 
0     0008587e  _InitPieCtrl                          
0     000858cd  _InitPieVectTable                     
0     00084231  _InitSPIA                             
0     000836f8  _InitSysCtrl                          
0     00083806  _InitSysPll                           
0     00084c73  _InitTimer0                           
1     00007900  _InputXbarRegs                        
1     0000ad08  _Inverse                              
1     00050000  _IpcRegs                              
1     0000ad10  _Jac                                  
1     0000ad44  _MCBSP                                
0     000833a3  _MCBSPA_RX_ISR                        
0     000833ad  _MCBSPA_TX_ISR                        
0     000833b7  _MCBSPB_RX_ISR                        
0     000833c1  _MCBSPB_TX_ISR                        
1     00006000  _McbspaRegs                           
1     00006040  _McbspbRegs                           
1     0005f400  _MemCfgRegs                           
1     0005f500  _MemoryErrorRegs                      
0     0008319a  _NMI_ISR                              
0     000836ee  _NOTUSED_ISR                          
1     00007060  _NmiIntruptRegs                       
1     00007a80  _OutputXbarRegs                       
0     000836d7  _PIE_RESERVED_ISR                     
1     00000ce0  _PieCtrlRegs                          
1     00000d00  _PieVectTable                         
0     00090000  _PieVectTableInit                     
0     000836a5  _RAM_ACCESS_VIOLATION_ISR             
0     00083691  _RAM_CORRECTABLE_ERROR_ISR            
1     0000a801  _RAM_FLAG                             
0     000852ea  _RFFT_f32                             
0     00085408  _RFFT_f32s_mag                        
0     00083186  _RTOS_ISR                             
0     0008603b  _RamfuncsLoadEnd                      
abs   0000003b  _RamfuncsLoadSize                     
0     00086000  _RamfuncsLoadStart                    
0     0000803b  _RamfuncsRunEnd                       
abs   0000003b  _RamfuncsRunSize                      
0     00008000  _RamfuncsRunStart                     
0     00084338  _ReadSRAM0                            
0     00084308  _ReadSRAM1                            
0     000837e0  _ReleaseFlashPump                     
1     0000ad48  _Result                               
1     0005e608  _RomPrefetchRegs                      
1     0005f540  _RomWaitStateRegs                     
1     0000ad4c  _SCI                                  
0     00083457  _SCIA_RX_ISR                          
0     00083461  _SCIA_TX_ISR                          
0     0008346b  _SCIB_RX_ISR                          
0     00083475  _SCIB_TX_ISR                          
0     0008342f  _SCIC_RX_ISR                          
0     00083439  _SCIC_TX_ISR                          
0     00083443  _SCID_RX_ISR                          
0     0008344d  _SCID_TX_ISR                          
0     000835fb  _SD1_ISR                              
0     00083605  _SD2_ISR                              
1     0000ad26  _SDFM                                 
1     0000ad18  _SPI                                  
0     0008337b  _SPIA_RX_ISR                          
0     00083385  _SPIA_TX_ISR                          
0     0008338f  _SPIB_RX_ISR                          
0     00083399  _SPIB_TX_ISR                          
0     0008360f  _SPIC_RX_ISR                          
0     00083619  _SPIC_TX_ISR                          
0     00083b51  _STANDBY                              
0     000836af  _SYS_PLL_SLIP_ISR                     
1     00007200  _SciaRegs                             
1     00007210  _ScibRegs                             
1     00007220  _ScicRegs                             
1     00007230  _ScidRegs                             
1     00005e00  _Sdfm1Regs                            
1     00005e80  _Sdfm2Regs                            
0     000837d1  _SeizeFlashPump                       
0     000837ea  _ServiceDog                           
0     00085999  _SetDBGIER                            
0     00084e21  _Shared_Ram_dataRead_c1               
0     00084e14  _Shared_Ram_dataWrite_c1              
0     0008437f  _SpiRead                              
0     0008426d  _SpiTransmit                          
0     00084368  _SpiWrite                             
1     00006100  _SpiaRegs                             
1     00006110  _SpibRegs                             
0     000842aa  _SpibTransmit                         
1     00006120  _SpicRegs                             
0     00084c8d  _StartTimer0                          
0     00084c95  _StopTimer0                           
1     00007940  _SyncSocRegs                          
0     00083b04  _SysIntOsc1Sel                        
0     00083b10  _SysIntOsc2Sel                        
0     00083b1c  _SysXtalOscSel                        
0     0008326d  _TIMER0_ISR                           
0     00083168  _TIMER1_ISR                           
0     00083172  _TIMER2_ISR                           
1     0000ac98  _TRIP_SEL                             
0     00083623  _UPPA_ISR                             
0     0008362d  _USBA_ISR                             
0     00083fee  _USBsampleratecontrol                 
0     00083213  _USER10_ISR                           
0     0008321d  _USER11_ISR                           
0     00083227  _USER12_ISR                           
0     000831b9  _USER1_ISR                            
0     000831c3  _USER2_ISR                            
0     000831cd  _USER3_ISR                            
0     000831d7  _USER4_ISR                            
0     000831e1  _USER5_ISR                            
0     000831eb  _USER6_ISR                            
0     000831f5  _USER7_ISR                            
0     000831ff  _USER8_ISR                            
0     00083209  _USER9_ISR                            
1     00006200  _UppRegs                              
0     00083565  _VCU_ISR                              
0     00083277  _WAKE_ISR                             
1     00007000  _WdRegs                               
0     000842bd  _WriteSRAM0                           
0     000842e0  _WriteSRAM1                           
0     0008324f  _XINT1_ISR                            
0     00083259  _XINT2_ISR                            
0     00083547  _XINT3_ISR                            
0     00083551  _XINT4_ISR                            
0     0008355b  _XINT5_ISR                            
1     00007920  _XbarRegs                             
1     00007070  _XintRegs                             
1     00000600  __STACK_END                           
abs   00000200  __STACK_SIZE                          
1     0000ad2e  ___TI_cleanup_ptr                     
1     0000ad30  ___TI_dtors_ptr                       
1     0000ad2c  ___TI_enable_exit_profile_output      
abs   ffffffff  ___TI_pprof_out_hndl                  
abs   ffffffff  ___TI_prof_data_size                  
abs   ffffffff  ___TI_prof_data_start                 
abs   ffffffff  ___binit__                            
abs   ffffffff  ___c_args__                           
0     00082000  ___cinit__                            
abs   ffffffff  ___etext__                            
abs   ffffffff  ___pinit__                            
abs   ffffffff  ___text__                             
0     00085934  __args_main                           
1     0000ad54  __lock                                
0     00085991  __nop                                 
0     0008598d  __register_lock                       
0     00085989  __register_unlock                     
1     00000400  __stack                               
0     000852e9  __system_post_cinit                   
0     0008599c  __system_pre_init                     
1     0000ad56  __unlock                              
0     00083fe2  _aaudpath                             
0     00085855  _abort                                
1     0000ad58  _angle                                
1     0000c000  _c1_r_array                           
1     0000d000  _c1_r_w_array                         
0     000857ff  _c_int00                              
0     00084959  _calcSoundRange                       
0     000848a8  _calculateError                       
0     00084fd1  _clkg_delay_loop                      
0     000858f3  _copy_in                              
0     00085978  _copysign                             
0     00085978  _copysignf                            
1     0000a804  _count                                
0     000850d7  _cpu_timer0_isr                       
1     0000a803  _current_count                        
1     0000a807  _data                                 
1     0000a810  _data2                                
0     00084fbb  _delay_loop                           
1     0000ad37  _deviceOpen                           
0     00083ffa  _digact                               
0     00083fe5  _digaudiopath                         
0     00083d62  _disk_initialize                      
0     00083ed3  _disk_ioctl                           
0     00083e2b  _disk_read                            
0     00083e20  _disk_status                          
0     00083fa8  _disk_timerproc                       
0     00083e75  _disk_write                           
1     0000a80e  _done                                 
1     0000ad59  _errno                                
1     0000a800  _error                                
0     00085857  _exit                                 
0     000830b0  _f_chmod                              
0     00082cbd  _f_close                              
0     00082e6a  _f_getfree                            
0     00082cca  _f_lseek                              
0     00082f98  _f_mkdir                              
0     00082882  _f_mount                              
0     000828af  _f_open                               
0     00082d9d  _f_opendir                            
0     00082a17  _f_read                               
0     00082df6  _f_readdir                            
0     000830ef  _f_rename                             
0     00082e3c  _f_stat                               
0     00082c10  _f_sync                               
0     00082f02  _f_unlink                             
0     00082afd  _f_write                              
1     0000a80c  _first_mic                            
1     0000a802  _fresult                              
0     00083fc1  _fullpowerup                          
1     0003fc00  _g_asIPCCPU1toCPU2Buffers             
0     0003f800  _g_asIPCCPU2toCPU1Buffers             
1     0003fc84  _g_usGetReadIndexes                   
0     0003f880  _g_usGetWriteIndexes                  
0     0003f884  _g_usPutReadIndexes                   
1     0003fc80  _g_usPutWriteIndexes                  
0     00084726  _getFunction                          
0     0008482c  _getInverse2x2                        
0     000847c1  _getJacobian                          
0     00083fb9  _get_fattime                          
0     00084393  _initMcbspInt                         
0     00084278  _initSpib                             
0     0008404a  _initializeLCD                        
0     000857a7  _ldexp                                
0     000857a7  _ldexpf                               
0     00083fd3  _lhp_volctl                           
0     00083fc7  _linput_volctl                        
0     00084cf3  _main                                 
0     00085965  _memcmp                               
0     00085917  _memcpy                               
0     00085992  _memset                               
0     00084879  _mult2x2Matrix                        
0     00083fdf  _nomicaaudpath                        
0     00083fc4  _nomicpowerup                         
1     0000ad50  _order                                
0     000843a7  _pow                                  
0     000843a7  _powf                                 
1     0000a808  _refill_sdbuf1                        
1     0000a809  _refill_sdbuf2                        
0     00083ffd  _reset                                
0     000852f3  _rfft_f32_Stages1and2and3andBitReverse
0     0008535f  _rfft_f32_Stages4andUp                
0     00083fd9  _rhp_volctl                           
0     00083fcd  _rinput_volctl                        
0     000857a7  _scalbn                               
0     000857a7  _scalbnf                              
1     0000e000  _sdbuf1                               
1     0000a80a  _sdbuf1_flag                          
1     0000e400  _sdbuf2                               
1     0000a80b  _sdbuf2_flag                          
1     0000a80d  _second_mic                           
0     00083fbe  _softpowerdown                        
0     000848ce  _soundRange                           
0     000858a6  _sqrt                                 
0     000858a6  _sqrtf                                
1     0000ad24  _tempSensor_scaleFactor               
1     0000ad22  _tempSensor_tempOffset                
1     0000ad20  _tempSensor_tempSlope                 
1     0000a805  _temp_0                               
1     0000a806  _temp_1                               
0     00084998  _trilat                               
0     00084000  _writeLCDCommand                      
0     00084025  _writeLCDData                         
0     0008405a  _writeString                          
0     00084fe7  _xint1_isr                            
0     00085037  _xint2_isr                            
0     00085087  _xint3_isr                            
abs   ffffffff  binit                                 
0     00082000  cinit                                 
0     00080000  code_start                            
abs   ffffffff  etext                                 
abs   ffffffff  pinit                                 


GLOBAL SYMBOLS: SORTED BY Symbol Address 

page  address   name                                  
----  -------   ----                                  
0     00000ce0  _Cla1SoftIntRegs                      
0     00008000  _InitFlash                            
0     00008000  _RamfuncsRunStart                     
0     00008029  _FlashOff                             
0     00008037  _F28x_usDelay                         
0     0000803b  _RamfuncsRunEnd                       
0     0003f800  _g_asIPCCPU2toCPU1Buffers             
0     0003f880  _g_usGetWriteIndexes                  
0     0003f884  _g_usPutReadIndexes                   
0     00080000  code_start                            
0     00082000  ___cinit__                            
0     00082000  cinit                                 
0     00082882  _f_mount                              
0     000828af  _f_open                               
0     00082a17  _f_read                               
0     00082afd  _f_write                              
0     00082c10  _f_sync                               
0     00082cbd  _f_close                              
0     00082cca  _f_lseek                              
0     00082d9d  _f_opendir                            
0     00082df6  _f_readdir                            
0     00082e3c  _f_stat                               
0     00082e6a  _f_getfree                            
0     00082f02  _f_unlink                             
0     00082f98  _f_mkdir                              
0     000830b0  _f_chmod                              
0     000830ef  _f_rename                             
0     00083168  _TIMER1_ISR                           
0     00083172  _TIMER2_ISR                           
0     0008317c  _DATALOG_ISR                          
0     00083186  _RTOS_ISR                             
0     00083190  _EMU_ISR                              
0     0008319a  _NMI_ISR                              
0     000831a4  _ILLEGAL_ISR                          
0     000831b9  _USER1_ISR                            
0     000831c3  _USER2_ISR                            
0     000831cd  _USER3_ISR                            
0     000831d7  _USER4_ISR                            
0     000831e1  _USER5_ISR                            
0     000831eb  _USER6_ISR                            
0     000831f5  _USER7_ISR                            
0     000831ff  _USER8_ISR                            
0     00083209  _USER9_ISR                            
0     00083213  _USER10_ISR                           
0     0008321d  _USER11_ISR                           
0     00083227  _USER12_ISR                           
0     00083231  _ADCA1_ISR                            
0     0008323b  _ADCB1_ISR                            
0     00083245  _ADCC1_ISR                            
0     0008324f  _XINT1_ISR                            
0     00083259  _XINT2_ISR                            
0     00083263  _ADCD1_ISR                            
0     0008326d  _TIMER0_ISR                           
0     00083277  _WAKE_ISR                             
0     00083281  _EPWM1_TZ_ISR                         
0     0008328b  _EPWM2_TZ_ISR                         
0     00083295  _EPWM3_TZ_ISR                         
0     0008329f  _EPWM4_TZ_ISR                         
0     000832a9  _EPWM5_TZ_ISR                         
0     000832b3  _EPWM6_TZ_ISR                         
0     000832bd  _EPWM7_TZ_ISR                         
0     000832c7  _EPWM8_TZ_ISR                         
0     000832d1  _EPWM1_ISR                            
[...]
0     00083641  _ADCC2_ISR                            
0     0008364b  _ADCC3_ISR                            
0     00083655  _ADCC4_ISR                            
0     0008365f  _ADCD_EVT_ISR                         
0     00083669  _ADCD2_ISR                            
0     00083673  _ADCD3_ISR                            
0     0008367d  _ADCD4_ISR                            
0     00083687  _EMIF_ERROR_ISR                       
0     00083691  _RAM_CORRECTABLE_ERROR_ISR            
0     0008369b  _FLASH_CORRECTABLE_ERROR_ISR          
0     000836a5  _RAM_ACCESS_VIOLATION_ISR             
0     000836af  _SYS_PLL_SLIP_ISR                     
0     000836b9  _AUX_PLL_SLIP_ISR                     
0     000836c3  _CLA_OVERFLOW_ISR                     
0     000836cd  _CLA_UNDERFLOW_ISR                    
0     000836d7  _PIE_RESERVED_ISR                     
0     000836e1  _EMPTY_ISR                            
0     000836ee  _NOTUSED_ISR                          
0     000836f8  _InitSysCtrl                          
0     00083735  _InitPeripheralClocks                 
0     000837b9  _DisablePeripheralClocks              
0     000837d1  _SeizeFlashPump                       
0     000837e0  _ReleaseFlashPump                     
0     000837ea  _ServiceDog                           
0     000837f8  _DisableDog                           
0     00083806  _InitSysPll                           
0     000839f4  _InitAuxPll                           
0     00083ae3  _CsmUnlock                            
0     00083b04  _SysIntOsc1Sel                        
0     00083b10  _SysIntOsc2Sel                        
0     00083b1c  _SysXtalOscSel                        
0     00083b28  _AuxIntOsc2Sel                        
0     00083b32  _AuxXtalOscSel                        
0     00083b3e  _AuxAuxClkSel                         
0     00083b48  _IDLE                                 
0     00083b51  _STANDBY                              
0     00083b5c  _HALT                                 
0     00083b75  _HIB                                  
0     00083d62  _disk_initialize                      
0     00083e20  _disk_status                          
0     00083e2b  _disk_read                            
0     00083e75  _disk_write                           
0     00083ed3  _disk_ioctl                           
0     00083fa8  _disk_timerproc                       
0     00083fb9  _get_fattime                          
0     00083fbe  _softpowerdown                        
0     00083fc1  _fullpowerup                          
0     00083fc4  _nomicpowerup                         
0     00083fc7  _linput_volctl                        
0     00083fcd  _rinput_volctl                        
0     00083fd3  _lhp_volctl                           
0     00083fd9  _rhp_volctl                           
0     00083fdf  _nomicaaudpath                        
0     00083fe2  _aaudpath                             
0     00083fe5  _digaudiopath                         
0     00083fe8  _DSPdigaudinterface                   
0     00083feb  _I2Sdigaudinterface                   
0     00083fee  _USBsampleratecontrol                 
0     00083ff4  _CLKsampleratecontrol                 
0     00083ffa  _digact                               
0     00083ffd  _reset                                
0     00084000  _writeLCDCommand                      
0     00084025  _writeLCDData                         
0     0008404a  _initializeLCD                        
0     0008405a  _writeString                          
0     00084068  _InitMcBSPb                           
0     000840fc  _InitBigBangedCodecSPI                
0     0008412e  _BitBangedCodecSpiTransmit            
0     00084151  _InitAIC23                            
0     00084231  _InitSPIA                             
0     0008426d  _SpiTransmit                          
0     00084278  _initSpib                             
0     000842aa  _SpibTransmit                         
0     000842bd  _WriteSRAM0                           
0     000842e0  _WriteSRAM1                           
0     00084308  _ReadSRAM1                            
0     00084338  _ReadSRAM0                            
0     00084368  _SpiWrite                             
0     0008437f  _SpiRead                              
0     00084393  _initMcbspInt                         
0     000843a7  _pow                                  
0     000843a7  _powf                                 
0     00084726  _getFunction                          
0     000847c1  _getJacobian                          
0     0008482c  _getInverse2x2                        
0     00084879  _mult2x2Matrix                        
0     000848a8  _calculateError                       
0     000848ce  _soundRange                           
0     00084959  _calcSoundRange                       
0     00084998  _trilat                               
0     00084a25  _InitGpio                             
0     00084a65  _GPIO_SetupPinMux                     
0     00084af1  _GPIO_SetupPinOptions                 
0     00084b85  _GPIO_SetupLock                       
0     00084bae  _GPIO_SetupXINT1Gpio                  
0     00084bb8  _GPIO_SetupXINT2Gpio                  
0     00084bc2  _GPIO_SetupXINT3Gpio                  
0     00084bcc  _GPIO_SetupXINT4Gpio                  
0     00084bd6  _GPIO_SetupXINT5Gpio                  
0     00084be0  _GPIO_EnableUnbondedIOPullupsFor176Pin
0     00084bf9  _GPIO_EnableUnbondedIOPullupsFor100Pin
0     00084c1e  _GPIO_EnableUnbondedIOPullups         
0     00084c34  _GPIO_ReadPin                         
0     00084c4b  _GPIO_WritePin                        
0     00084c69  _DAC10Bit                             
0     00084c73  _InitTimer0                           
0     00084c8d  _StartTimer0                          
0     00084c95  _StopTimer0                           
0     00084c9d  _EnablePinInts                        
0     00084cac  _InitGpioInt                          
0     00084cf3  _main                                 
0     00084e14  _Shared_Ram_dataWrite_c1              
0     00084e21  _Shared_Ram_dataRead_c1               
0     00084e2f  _InitMcbspa                           
0     00084e6f  _InitMcbspaInt                        
0     00084e7e  _InitMcbspa8bit                       
0     00084e85  _InitMcbspa12bit                      
0     00084e90  _InitMcbspa16bit                      
0     00084e9b  _InitMcbspa20bit                      
0     00084ea6  _InitMcbspa24bit                      
0     00084eb1  _InitMcbspa32bit                      
0     00084ebc  _InitMcbspaGpio                       
0     00084ee6  _InitMcbspb                           
0     00084f26  _InitMcbspbInt                        
0     00084f35  _InitMcbspb8bit                       
0     00084f3c  _IniMcbspb12bit                       
0     00084f47  _InitMcbspb16bit                      
0     00084f52  _InitMcbspb20bit                      
0     00084f5d  _InitMcbspb24bit                      
0     00084f68  _InitMcbspb32bit                      
0     00084f73  _InitMcbspbGpio                       
0     00084fbb  _delay_loop                           
0     00084fd1  _clkg_delay_loop                      
0     00084fe7  _xint1_isr                            
0     00085037  _xint2_isr                            
0     00085087  _xint3_isr                            
0     000850d7  _cpu_timer0_isr                       
0     00085178  _IPCRtoLFlagAcknowledge               
0     00085180  _IPCRtoLFlagBusy                      
0     0008518f  _IPCLtoRFlagBusy                      
0     0008519e  _IPCLtoRFlagSet                       
0     000851a6  _IPCLtoRFlagClear                     
0     000851ae  _IPCGetBootStatus                     
0     000851b2  _IPCBootCPU2                          
0     000852e9  __system_post_cinit                   
0     000852ea  _RFFT_f32                             
0     000852f3  _rfft_f32_Stages1and2and3andBitReverse
0     0008535f  _rfft_f32_Stages4andUp                
0     00085408  _RFFT_f32s_mag                        
0     00085506  _InitEPwmGpio                         
0     0008551f  _InitEPwm1Gpio                        
0     00085531  _InitEPwm2Gpio                        
0     00085543  _InitEPwm3Gpio                        
0     00085557  _InitEPwm4Gpio                        
0     0008556b  _InitEPwm5Gpio                        
0     0008557d  _InitEPwm6Gpio                        
0     0008558f  _InitEPwm7Gpio                        
0     000855a3  _InitEPwm8Gpio                        
0     000855b7  _InitEPwm9Gpio                        
0     000855c9  _InitEPwm10Gpio                       
0     000855dc  _InitEPwm11Gpio                       
0     000855f0  _InitEPwm12Gpio                       
0     0008564b  _I2C_O2O_Master_Init                  
0     0008566f  _I2C_O2O_SendBytes                    
0     000856a3  FS$$DIV                               
0     0008572b  _InitCpuTimers                        
0     0008576c  _ConfigCpuTimer                       
0     000857a7  _ldexp                                
0     000857a7  _ldexpf                               
0     000857a7  _scalbn                               
0     000857a7  _scalbnf                              
0     000857ff  _c_int00                              
0     00085855  C$$EXIT                               
0     00085855  _abort                                
0     00085857  _exit                                 
0     0008587e  _InitPieCtrl                          
0     0008589d  _EnableInterrupts                     
0     000858a6  _sqrt                                 
0     000858a6  _sqrtf                                
0     000858cd  _InitPieVectTable                     
0     000858f3  _copy_in                              
0     00085917  _memcpy                               
0     00085934  __args_main                           
0     0008594d  LL$$AND                               
0     00085955  LL$$OR                                
0     0008595d  LL$$XOR                               
0     00085965  _memcmp                               
0     00085978  _copysign                             
0     00085978  _copysignf                            
0     00085989  __register_unlock                     
0     0008598d  __register_lock                       
0     00085991  __nop                                 
0     00085992  _memset                               
0     00085999  _SetDBGIER                            
0     0008599c  __system_pre_init                     
0     00086000  _RamfuncsLoadStart                    
0     0008603b  _RamfuncsLoadEnd                      
0     00090000  _PieVectTableInit                     
1     00000400  __stack                               
1     00000600  __STACK_END                           
1     00000b00  _AdcaResultRegs                       
1     00000b20  _AdcbResultRegs                       
1     00000b40  _AdccResultRegs                       
1     00000b60  _AdcdResultRegs                       
1     00000c00  _CpuTimer0Regs                        
1     00000c08  _CpuTimer1Regs                        
1     00000c10  _CpuTimer2Regs                        
1     00000ce0  _PieCtrlRegs                          
1     00000d00  _EmuBMode                             
1     00000d00  _PieVectTable                         
1     00000d01  _EmuBootPins                          
1     00001000  _DmaRegs                              
1     00001400  _Cla1Regs                             
1     00004000  _EPwm1Regs                            
1     00004100  _EPwm2Regs                            
1     00004200  _EPwm3Regs                            
1     00004300  _EPwm4Regs                            
1     00004400  _EPwm5Regs                            
1     00004500  _EPwm6Regs                            
1     00004600  _EPwm7Regs                            
1     00004700  _EPwm8Regs                            
1     00004800  _EPwm9Regs                            
1     00004900  _EPwm10Regs                           
1     00004a00  _EPwm11Regs                           
1     00004b00  _EPwm12Regs                           
1     00005000  _ECap1Regs                            
1     00005020  _ECap2Regs                            
1     00005040  _ECap3Regs                            
1     00005060  _ECap4Regs                            
1     00005080  _ECap5Regs                            
1     000050a0  _ECap6Regs                            
1     00005100  _EQep1Regs                            
1     00005140  _EQep2Regs                            
1     00005180  _EQep3Regs                            
1     00005c00  _DacaRegs                             
1     00005c10  _DacbRegs                             
1     00005c20  _DaccRegs                             
1     00005c80  _Cmpss1Regs                           
1     00005ca0  _Cmpss2Regs                           
1     00005cc0  _Cmpss3Regs                           
1     00005ce0  _Cmpss4Regs                           
1     00005d00  _Cmpss5Regs                           
1     00005d20  _Cmpss6Regs                           
1     00005d40  _Cmpss7Regs                           
1     00005d60  _Cmpss8Regs                           
1     00005e00  _Sdfm1Regs                            
1     00005e80  _Sdfm2Regs                            
1     00006000  _McbspaRegs                           
1     00006040  _McbspbRegs                           
1     00006100  _SpiaRegs                             
1     00006110  _SpibRegs                             
1     00006120  _SpicRegs                             
1     00006200  _UppRegs                              
1     00007000  _WdRegs                               
1     00007060  _NmiIntruptRegs                       
1     00007070  _XintRegs                             
1     00007200  _SciaRegs                             
1     00007210  _ScibRegs                             
1     00007220  _ScicRegs                             
1     00007230  _ScidRegs                             
1     00007300  _I2caRegs                             
1     00007340  _I2cbRegs                             
1     00007400  _AdcaRegs                             
1     00007480  _AdcbRegs                             
1     00007500  _AdccRegs                             
1     00007580  _AdcdRegs                             
1     00007900  _InputXbarRegs                        
1     00007920  _XbarRegs                             
1     00007940  _SyncSocRegs                          
1     00007980  _DmaClaSrcSelRegs                     
1     00007a00  _EPwmXbarRegs                         
1     00007a80  _OutputXbarRegs                       
1     00007c00  _GpioCtrlRegs                         
1     00007f00  _GpioDataRegs                         
1     0000a800  _error                                
1     0000a801  _RAM_FLAG                             
1     0000a802  _fresult                              
1     0000a803  _current_count                        
1     0000a804  _count                                
1     0000a805  _temp_0                               
1     0000a806  _temp_1                               
1     0000a807  _data                                 
1     0000a808  _refill_sdbuf1                        
1     0000a809  _refill_sdbuf2                        
1     0000a80a  _sdbuf1_flag                          
1     0000a80b  _sdbuf2_flag                          
1     0000a80c  _first_mic                            
1     0000a80d  _second_mic                           
1     0000a80e  _done                                 
1     0000a810  _data2                                
1     0000ac98  _TRIP_SEL                             
1     0000acb6  _ADC                                  
1     0000acc0  _EPWM                                 
1     0000acda  _CpuTimer0                            
1     0000ace2  _CpuTimer1                            
1     0000acea  _CpuTimer2                            
1     0000acf2  _ECAP                                 
1     0000ad00  _EQEP                                 
1     0000ad08  _Inverse                              
1     0000ad10  _Jac                                  
1     0000ad18  _SPI                                  
1     0000ad20  _tempSensor_tempSlope                 
1     0000ad22  _tempSensor_tempOffset                
1     0000ad24  _tempSensor_scaleFactor               
1     0000ad26  _SDFM                                 
1     0000ad2c  ___TI_enable_exit_profile_output      
1     0000ad2e  ___TI_cleanup_ptr                     
1     0000ad30  ___TI_dtors_ptr                       
1     0000ad37  _deviceOpen                           
1     0000ad38  _F                                    
1     0000ad40  _I2C                                  
1     0000ad44  _MCBSP                                
1     0000ad48  _Result                               
1     0000ad4c  _SCI                                  
1     0000ad50  _order                                
1     0000ad54  __lock                                
1     0000ad56  __unlock                              
1     0000ad58  _angle                                
1     0000ad59  _errno                                
1     0000c000  _c1_r_array                           
1     0000d000  _c1_r_w_array                         
1     0000e000  _sdbuf1                               
1     0000e400  _sdbuf2                               
1     0003fc00  _g_asIPCCPU1toCPU2Buffers             
1     0003fc80  _g_usPutWriteIndexes                  
1     0003fc84  _g_usGetReadIndexes                   
1     00047000  _Emif1Regs                            
1     00047800  _Emif2Regs                            
1     00048000  _CanaRegs                             
1     0004a000  _CanbRegs                             
1     00050000  _IpcRegs                              
1     00050024  _FlashPumpSemaphoreRegs               
1     0005d000  _DevCfgRegs                           
1     0005d180  _AnalogSubsysRegs                     
1     0005d200  _ClkCfgRegs                           
1     0005d300  _CpuSysRegs                           
1     0005e608  _RomPrefetchRegs                      
1     0005f000  _DcsmZ1Regs                           
1     0005f040  _DcsmZ2Regs                           
1     0005f070  _DcsmCommonRegs                       
1     0005f400  _MemCfgRegs                           
1     0005f480  _Emif1ConfigRegs                      
1     0005f4a0  _Emif2ConfigRegs                      
1     0005f4c0  _AccessProtectionRegs                 
1     0005f500  _MemoryErrorRegs                      
1     0005f540  _RomWaitStateRegs                     
1     0005f800  _Flash0CtrlRegs                       
1     0005fb00  _Flash0EccRegs                        
abs   0000003b  _RamfuncsLoadSize                     
abs   0000003b  _RamfuncsRunSize                      
abs   00000200  __STACK_SIZE                          
abs   ffffffff  .text                                 
abs   ffffffff  ___TI_pprof_out_hndl                  
abs   ffffffff  ___TI_prof_data_size                  
abs   ffffffff  ___TI_prof_data_start                 
abs   ffffffff  ___binit__                            
abs   ffffffff  ___c_args__                           
abs   ffffffff  ___etext__                            
abs   ffffffff  ___pinit__                            
abs   ffffffff  ___text__                             
abs   ffffffff  binit                                 
abs   ffffffff  etext                                 
abs   ffffffff  pinit                                 

[513 symbols]
