<?xml version="1.0" encoding="ISO-8859-1" ?>
<link_info>
   <banner>TMS320C2000 Linker PC v18.12.2.LTS</banner>
   <copyright>Copyright (c) 1996-2018 Texas Instruments Incorporated</copyright>
   <link_time>0x5dacf5a8</link_time>
   <link_errors>0x0</link_errors>
   <output_file>lab6.out</output_file>
   <entry_point>
      <name>_c_int00</name>
      <address>0x8765</address>
   </entry_point>
   <input_file_list>
      <input_file id="fl-2">
         <path>.\</path>
         <kind>object</kind>
         <file>main.obj</file>
         <name>main.obj</name>
      </input_file>
      <input_file id="fl-3">
         <path>.\Common\</path>
         <kind>object</kind>
         <file>AIC23.obj</file>
         <name>AIC23.obj</name>
      </input_file>
      <input_file id="fl-4">
         <path>.\Common\</path>
         <kind>object</kind>
         <file>DSP.obj</file>
         <name>DSP.obj</name>
      </input_file>
      <input_file id="fl-5">
         <path>.\Common\</path>
         <kind>object</kind>
         <file>F2837xD_Adc.obj</file>
         <name>F2837xD_Adc.obj</name>
      </input_file>
      <input_file id="fl-6">
         <path>.\Common\</path>
         <kind>object</kind>
         <file>F2837xD_CodeStartBranch.obj</file>
         <name>F2837xD_CodeStartBranch.obj</name>
      </input_file>
      <input_file id="fl-7">
         <path>.\Common\</path>
         <kind>object</kind>
         <file>F2837xD_CpuTimers.obj</file>
         <name>F2837xD_CpuTimers.obj</name>
      </input_file>
      <input_file id="fl-8">
         <path>.\Common\</path>
         <kind>object</kind>
         <file>F2837xD_DBGIER.obj</file>
         <name>F2837xD_DBGIER.obj</name>
      </input_file>
      <input_file id="fl-9">
         <path>.\Common\</path>
         <kind>object</kind>
         <file>F2837xD_DefaultISR.obj</file>
         <name>F2837xD_DefaultISR.obj</name>
      </input_file>
      <input_file id="fl-a">
         <path>.\Common\</path>
         <kind>object</kind>
         <file>F2837xD_Dma.obj</file>
         <name>F2837xD_Dma.obj</name>
      </input_file>
      <input_file id="fl-b">
         <path>.\Common\</path>
         <kind>object</kind>
         <file>F2837xD_ECap.obj</file>
         <name>F2837xD_ECap.obj</name>
      </input_file>
      <input_file id="fl-c">
         <path>.\Common\</path>
         <kind>object</kind>
         <file>F2837xD_EPwm.obj</file>
         <name>F2837xD_EPwm.obj</name>
      </input_file>
      <input_file id="fl-d">
         <path>.\Common\</path>
         <kind>object</kind>
         <file>F2837xD_EQep.obj</file>
         <name>F2837xD_EQep.obj</name>
      </input_file>
      <input_file id="fl-e">
         <path>.\Common\</path>
         <kind>object</kind>
         <file>F2837xD_Emif.obj</file>
         <name>F2837xD_Emif.obj</name>
      </input_file>
      <input_file id="fl-f">
         <path>.\Common\</path>
         <kind>object</kind>
         <file>F2837xD_Gpio.obj</file>
         <name>F2837xD_Gpio.obj</name>
      </input_file>
      <input_file id="fl-10">
         <path>.\Common\</path>
         <kind>object</kind>
         <file>F2837xD_I2C.obj</file>
         <name>F2837xD_I2C.obj</name>
      </input_file>
      <input_file id="fl-11">
         <path>.\Common\</path>
         <kind>object</kind>
         <file>F2837xD_Ipc.obj</file>
         <name>F2837xD_Ipc.obj</name>
      </input_file>
      <input_file id="fl-12">
         <path>.\Common\</path>
         <kind>object</kind>
         <file>F2837xD_Ipc_Driver.obj</file>
         <name>F2837xD_Ipc_Driver.obj</name>
      </input_file>
      <input_file id="fl-13">
         <path>.\Common\</path>
         <kind>object</kind>
         <file>F2837xD_Ipc_Driver_Lite.obj</file>
         <name>F2837xD_Ipc_Driver_Lite.obj</name>
      </input_file>
      <input_file id="fl-14">
         <path>.\Common\</path>
         <kind>object</kind>
         <file>F2837xD_Ipc_Driver_Util.obj</file>
         <name>F2837xD_Ipc_Driver_Util.obj</name>
      </input_file>
      <input_file id="fl-15">
         <path>.\Common\</path>
         <kind>object</kind>
         <file>F2837xD_Mcbsp.obj</file>
         <name>F2837xD_Mcbsp.obj</name>
      </input_file>
      <input_file id="fl-16">
         <path>.\Common\</path>
         <kind>object</kind>
         <file>F2837xD_PieCtrl.obj</file>
         <name>F2837xD_PieCtrl.obj</name>
      </input_file>
      <input_file id="fl-17">
         <path>.\Common\</path>
         <kind>object</kind>
         <file>F2837xD_PieVect.obj</file>
         <name>F2837xD_PieVect.obj</name>
      </input_file>
      <input_file id="fl-18">
         <path>.\Common\</path>
         <kind>object</kind>
         <file>F2837xD_Sci.obj</file>
         <name>F2837xD_Sci.obj</name>
      </input_file>
      <input_file id="fl-19">
         <path>.\Common\</path>
         <kind>object</kind>
         <file>F2837xD_Spi.obj</file>
         <name>F2837xD_Spi.obj</name>
      </input_file>
      <input_file id="fl-1a">
         <path>.\Common\</path>
         <kind>object</kind>
         <file>F2837xD_SysCtrl.obj</file>
         <name>F2837xD_SysCtrl.obj</name>
      </input_file>
      <input_file id="fl-1b">
         <path>.\Common\</path>
         <kind>object</kind>
         <file>F2837xD_TempSensorConv.obj</file>
         <name>F2837xD_TempSensorConv.obj</name>
      </input_file>
      <input_file id="fl-1c">
         <path>.\Common\</path>
         <kind>object</kind>
         <file>F2837xD_Upp.obj</file>
         <name>F2837xD_Upp.obj</name>
      </input_file>
      <input_file id="fl-1d">
         <path>.\Common\</path>
         <kind>object</kind>
         <file>F2837xD_can.obj</file>
         <name>F2837xD_can.obj</name>
      </input_file>
      <input_file id="fl-1e">
         <path>.\Common\</path>
         <kind>object</kind>
         <file>F2837xD_sci_io.obj</file>
         <name>F2837xD_sci_io.obj</name>
      </input_file>
      <input_file id="fl-1f">
         <path>.\Common\</path>
         <kind>object</kind>
         <file>F2837xD_sdfm_drivers.obj</file>
         <name>F2837xD_sdfm_drivers.obj</name>
      </input_file>
      <input_file id="fl-20">
         <path>.\Common\</path>
         <kind>object</kind>
         <file>F2837xD_struct.obj</file>
         <name>F2837xD_struct.obj</name>
      </input_file>
      <input_file id="fl-21">
         <path>.\Common\</path>
         <kind>object</kind>
         <file>F2837xD_usDelay.obj</file>
         <name>F2837xD_usDelay.obj</name>
      </input_file>
      <input_file id="fl-22">
         <path>.\Common\</path>
         <kind>object</kind>
         <file>OneToOneI2CDriver.obj</file>
         <name>OneToOneI2CDriver.obj</name>
      </input_file>
      <input_file id="fl-23">
         <path>.\Common\</path>
         <kind>object</kind>
         <file>adc.obj</file>
         <name>adc.obj</name>
      </input_file>
      <input_file id="fl-24">
         <path>.\Common\</path>
         <kind>object</kind>
         <file>cputimer.obj</file>
         <name>cputimer.obj</name>
      </input_file>
      <input_file id="fl-25">
         <path>.\Common\</path>
         <kind>object</kind>
         <file>interrupt.obj</file>
         <name>interrupt.obj</name>
      </input_file>
      <input_file id="fl-26">
         <path>.\Header\</path>
         <kind>object</kind>
         <file>F2837xD_GlobalVariableDefs.obj</file>
         <name>F2837xD_GlobalVariableDefs.obj</name>
      </input_file>
      <input_file id="fl-2b">
         <kind>object</kind>
         <file>&lt;internal&gt;</file>
         <name>&lt;internal&gt;</name>
      </input_file>
      <input_file id="fl-37">
         <path>C:\ti\ccs910\ccs\tools\compiler\ti-cgt-c2000_18.12.2.LTS\lib\</path>
         <kind>archive</kind>
         <file>rts2800_fpu32.lib</file>
         <name>boot28.asm.obj</name>
      </input_file>
      <input_file id="fl-38">
         <path>C:\ti\ccs910\ccs\tools\compiler\ti-cgt-c2000_18.12.2.LTS\lib\</path>
         <kind>archive</kind>
         <file>rts2800_fpu32.lib</file>
         <name>fs_div28.asm.obj</name>
      </input_file>
      <input_file id="fl-39">
         <path>C:\ti\ccs910\ccs\tools\compiler\ti-cgt-c2000_18.12.2.LTS\lib\</path>
         <kind>archive</kind>
         <file>rts2800_fpu32.lib</file>
         <name>ll_aox28.asm.obj</name>
      </input_file>
      <input_file id="fl-3a">
         <path>C:\ti\ccs910\ccs\tools\compiler\ti-cgt-c2000_18.12.2.LTS\lib\</path>
         <kind>archive</kind>
         <file>rts2800_fpu32.lib</file>
         <name>cpy_tbl.c.obj</name>
      </input_file>
      <input_file id="fl-3b">
         <path>C:\ti\ccs910\ccs\tools\compiler\ti-cgt-c2000_18.12.2.LTS\lib\</path>
         <kind>archive</kind>
         <file>rts2800_fpu32.lib</file>
         <name>memcpy.c.obj</name>
      </input_file>
      <input_file id="fl-3c">
         <path>C:\ti\ccs910\ccs\tools\compiler\ti-cgt-c2000_18.12.2.LTS\lib\</path>
         <kind>archive</kind>
         <file>rts2800_fpu32.lib</file>
         <name>pre_init.c.obj</name>
      </input_file>
      <input_file id="fl-3d">
         <path>C:\ti\ccs910\ccs\tools\compiler\ti-cgt-c2000_18.12.2.LTS\lib\</path>
         <kind>archive</kind>
         <file>rts2800_fpu32.lib</file>
         <name>startup.c.obj</name>
      </input_file>
      <input_file id="fl-3e">
         <path>C:\ti\ccs910\ccs\tools\compiler\ti-cgt-c2000_18.12.2.LTS\lib\</path>
         <kind>archive</kind>
         <file>rts2800_fpu32.lib</file>
         <name>exit.c.obj</name>
      </input_file>
      <input_file id="fl-3f">
         <path>C:\ti\ccs910\ccs\tools\compiler\ti-cgt-c2000_18.12.2.LTS\lib\</path>
         <kind>archive</kind>
         <file>rts2800_fpu32.lib</file>
         <name>_lock.c.obj</name>
      </input_file>
      <input_file id="fl-40">
         <path>C:\ti\ccs910\ccs\tools\compiler\ti-cgt-c2000_18.12.2.LTS\lib\</path>
         <kind>archive</kind>
         <file>rts2800_fpu32.lib</file>
         <name>args_main.c.obj</name>
      </input_file>
      <input_file id="fl-41">
         <path>C:\ti\ccs910\ccs\tools\compiler\ti-cgt-c2000_18.12.2.LTS\lib\</path>
         <kind>archive</kind>
         <file>rts2800_fpu32.lib</file>
         <name>memset.c.obj</name>
      </input_file>
   </input_file_list>
   <object_component_list>
      <object_component id="oc-9c">
         <name>codestart</name>
         <load_address>0x0</load_address>
         <run_address>0x0</run_address>
         <size>0x2</size>
         <input_file_ref idref="fl-6"/>
      </object_component>
      <object_component id="oc-1fb">
         <name>.text</name>
         <load_address>0x8000</load_address>
         <run_address>0x8000</run_address>
         <size>0x48f</size>
         <input_file_ref idref="fl-1a"/>
      </object_component>
      <object_component id="oc-201">
         <name>.text</name>
         <load_address>0x848f</load_address>
         <run_address>0x848f</run_address>
         <size>0x1b8</size>
         <input_file_ref idref="fl-15"/>
      </object_component>
      <object_component id="oc-1fc">
         <name>.text</name>
         <load_address>0x8647</load_address>
         <run_address>0x8647</run_address>
         <size>0x96</size>
         <input_file_ref idref="fl-22"/>
      </object_component>
      <object_component id="oc-1b4">
         <name>.text</name>
         <load_address>0x86dd</load_address>
         <run_address>0x86dd</run_address>
         <size>0x88</size>
         <input_file_ref idref="fl-38"/>
      </object_component>
      <object_component id="oc-84">
         <name>.text</name>
         <load_address>0x8765</load_address>
         <run_address>0x8765</run_address>
         <size>0x56</size>
         <input_file_ref idref="fl-37"/>
      </object_component>
      <object_component id="oc-202">
         <name>.text</name>
         <load_address>0x87bb</load_address>
         <run_address>0x87bb</run_address>
         <size>0x42</size>
         <input_file_ref idref="fl-3"/>
      </object_component>
      <object_component id="oc-1ea">
         <name>.text</name>
         <load_address>0x87fd</load_address>
         <run_address>0x87fd</run_address>
         <size>0x1</size>
         <input_file_ref idref="fl-3d"/>
      </object_component>
      <object_component id="oc-1fd">
         <name>.text</name>
         <load_address>0x8800</load_address>
         <run_address>0x8800</run_address>
         <size>0x3ac</size>
         <input_file_ref idref="fl-4"/>
      </object_component>
      <object_component id="oc-88">
         <name>.text:retain</name>
         <load_address>0x8bac</load_address>
         <run_address>0x8bac</run_address>
         <size>0x51</size>
         <input_file_ref idref="fl-2"/>
      </object_component>
      <object_component id="oc-1e9">
         <name>.text</name>
         <load_address>0x8bfd</load_address>
         <run_address>0x8bfd</run_address>
         <size>0x24</size>
         <input_file_ref idref="fl-3a"/>
      </object_component>
      <object_component id="oc-1f7">
         <name>.text</name>
         <load_address>0x8c21</load_address>
         <run_address>0x8c21</run_address>
         <size>0x1d</size>
         <input_file_ref idref="fl-3b"/>
      </object_component>
      <object_component id="oc-1eb">
         <name>.text</name>
         <load_address>0x8c3e</load_address>
         <run_address>0x8c3e</run_address>
         <size>0x19</size>
         <input_file_ref idref="fl-40"/>
      </object_component>
      <object_component id="oc-1b9">
         <name>.text</name>
         <load_address>0x8c57</load_address>
         <run_address>0x8c57</run_address>
         <size>0x18</size>
         <input_file_ref idref="fl-39"/>
      </object_component>
      <object_component id="oc-1f8">
         <name>.text</name>
         <load_address>0x8c6f</load_address>
         <run_address>0x8c6f</run_address>
         <size>0x16</size>
         <input_file_ref idref="fl-2"/>
      </object_component>
      <object_component id="oc-ad">
         <name>.text:retain</name>
         <load_address>0xb000</load_address>
         <run_address>0xb000</run_address>
         <size>0x585</size>
         <input_file_ref idref="fl-9"/>
      </object_component>
      <object_component id="oc-200">
         <name>.text</name>
         <load_address>0xb585</load_address>
         <run_address>0xb585</run_address>
         <size>0x244</size>
         <input_file_ref idref="fl-f"/>
      </object_component>
      <object_component id="oc-1ec">
         <name>.text</name>
         <load_address>0xb7c9</load_address>
         <run_address>0xb7c9</run_address>
         <size>0x29</size>
         <input_file_ref idref="fl-3e"/>
      </object_component>
      <object_component id="oc-1fe">
         <name>.text</name>
         <load_address>0xb7f2</load_address>
         <run_address>0xb7f2</run_address>
         <size>0x9</size>
         <input_file_ref idref="fl-3f"/>
      </object_component>
      <object_component id="oc-a7">
         <name>.text</name>
         <load_address>0xb7fb</load_address>
         <run_address>0xb7fb</run_address>
         <size>0x3</size>
         <input_file_ref idref="fl-8"/>
      </object_component>
      <object_component id="oc-1e8">
         <name>.text</name>
         <load_address>0xb7fe</load_address>
         <run_address>0xb7fe</run_address>
         <size>0x2</size>
         <input_file_ref idref="fl-3c"/>
      </object_component>
      <object_component id="oc-171">
         <name>.cinit:_TRIP_SEL</name>
         <load_address>0x122</load_address>
         <run_address>0x122</run_address>
         <size>0x21</size>
         <input_file_ref idref="fl-20"/>
      </object_component>
      <object_component id="oc-19b">
         <name>.cinit:_EPWM</name>
         <load_address>0x143</load_address>
         <run_address>0x143</run_address>
         <size>0x1d</size>
         <input_file_ref idref="fl-20"/>
      </object_component>
      <object_component id="oc-86">
         <name>.cinit</name>
         <load_address>0x160</load_address>
         <run_address>0x160</run_address>
         <size>0x18</size>
         <input_file_ref idref="fl-2"/>
      </object_component>
      <object_component id="oc-16a">
         <name>.cinit:_ECAP</name>
         <load_address>0x178</load_address>
         <run_address>0x178</run_address>
         <size>0x11</size>
         <input_file_ref idref="fl-20"/>
      </object_component>
      <object_component id="oc-1d3">
         <name>.cinit</name>
         <load_address>0x189</load_address>
         <run_address>0x189</run_address>
         <size>0xe</size>
         <input_file_ref idref="fl-3e"/>
      </object_component>
      <object_component id="oc-190">
         <name>.cinit:_ADC</name>
         <load_address>0x197</load_address>
         <run_address>0x197</run_address>
         <size>0xd</size>
         <input_file_ref idref="fl-20"/>
      </object_component>
      <object_component id="oc-176">
         <name>.cinit:_EQEP</name>
         <load_address>0x1a4</load_address>
         <run_address>0x1a4</run_address>
         <size>0xb</size>
         <input_file_ref idref="fl-20"/>
      </object_component>
      <object_component id="oc-158">
         <name>.cinit:_SPI</name>
         <load_address>0x1af</load_address>
         <run_address>0x1af</run_address>
         <size>0xb</size>
         <input_file_ref idref="fl-20"/>
      </object_component>
      <object_component id="oc-196">
         <name>.cinit:_SDFM</name>
         <load_address>0x1ba</load_address>
         <run_address>0x1ba</run_address>
         <size>0x9</size>
         <input_file_ref idref="fl-20"/>
      </object_component>
      <object_component id="oc-17a">
         <name>.cinit:_I2C</name>
         <load_address>0x1c3</load_address>
         <run_address>0x1c3</run_address>
         <size>0x7</size>
         <input_file_ref idref="fl-20"/>
      </object_component>
      <object_component id="oc-180">
         <name>.cinit:_MCBSP</name>
         <load_address>0x1ca</load_address>
         <run_address>0x1ca</run_address>
         <size>0x7</size>
         <input_file_ref idref="fl-20"/>
      </object_component>
      <object_component id="oc-153">
         <name>.cinit:_SCI</name>
         <load_address>0x1d1</load_address>
         <run_address>0x1d1</run_address>
         <size>0x7</size>
         <input_file_ref idref="fl-20"/>
      </object_component>
      <object_component id="oc-1fa">
         <name>.cinit:__lock</name>
         <load_address>0x1d8</load_address>
         <run_address>0x1d8</run_address>
         <size>0x5</size>
         <input_file_ref idref="fl-3f"/>
      </object_component>
      <object_component id="oc-1ff">
         <name>.cinit:__unlock</name>
         <load_address>0x1dd</load_address>
         <run_address>0x1dd</run_address>
         <size>0x5</size>
         <input_file_ref idref="fl-3f"/>
      </object_component>
      <object_component id="oc-11b">
         <name>.cinit</name>
         <load_address>0x1e2</load_address>
         <run_address>0x1e2</run_address>
         <size>0x4</size>
         <input_file_ref idref="fl-1e"/>
      </object_component>
      <object_component id="oc-1af">
         <name>.reset</name>
         <load_address>0x3fffc0</load_address>
         <run_address>0x3fffc0</run_address>
         <size>0x2</size>
         <input_file_ref idref="fl-37"/>
      </object_component>
      <object_component id="oc-1ae">
         <name>.stack</name>
         <uninitialized>true</uninitialized>
         <run_address>0x400</run_address>
         <size>0x0</size>
         <input_file_ref idref="fl-37"/>
      </object_component>
      <object_component id="oc-28d">
         <name>.stack</name>
         <uninitialized>true</uninitialized>
         <run_address>0x400</run_address>
         <size>0x0</size>
      </object_component>
      <object_component id="oc-87">
         <name>.ebss</name>
         <uninitialized>true</uninitialized>
         <run_address>0xa870</run_address>
         <size>0xa</size>
         <input_file_ref idref="fl-2"/>
      </object_component>
      <object_component id="oc-a2">
         <name>.ebss</name>
         <uninitialized>true</uninitialized>
         <run_address>0xa840</run_address>
         <size>0x18</size>
         <input_file_ref idref="fl-7"/>
      </object_component>
      <object_component id="oc-10b">
         <name>.ebss</name>
         <uninitialized>true</uninitialized>
         <run_address>0xa87a</run_address>
         <size>0x6</size>
         <input_file_ref idref="fl-1b"/>
      </object_component>
      <object_component id="oc-11c">
         <name>.ebss</name>
         <uninitialized>true</uninitialized>
         <run_address>0xa8a4</run_address>
         <size>0x1</size>
         <input_file_ref idref="fl-1e"/>
      </object_component>
      <object_component id="oc-1f2">
         <name>.ebss:_I2C</name>
         <uninitialized>true</uninitialized>
         <run_address>0xa894</run_address>
         <size>0x4</size>
         <input_file_ref idref="fl-20"/>
      </object_component>
      <object_component id="oc-1f3">
         <name>.ebss:_MCBSP</name>
         <uninitialized>true</uninitialized>
         <run_address>0xa898</run_address>
         <size>0x4</size>
         <input_file_ref idref="fl-20"/>
      </object_component>
      <object_component id="oc-1ed">
         <name>.ebss:_SCI</name>
         <uninitialized>true</uninitialized>
         <run_address>0xa89c</run_address>
         <size>0x4</size>
         <input_file_ref idref="fl-20"/>
      </object_component>
      <object_component id="oc-1f5">
         <name>.ebss:_SDFM</name>
         <uninitialized>true</uninitialized>
         <run_address>0xa888</run_address>
         <size>0x6</size>
         <input_file_ref idref="fl-20"/>
      </object_component>
      <object_component id="oc-1f1">
         <name>.ebss:_EQEP</name>
         <uninitialized>true</uninitialized>
         <run_address>0xa838</run_address>
         <size>0x8</size>
         <input_file_ref idref="fl-20"/>
      </object_component>
      <object_component id="oc-1ee">
         <name>.ebss:_SPI</name>
         <uninitialized>true</uninitialized>
         <run_address>0xa880</run_address>
         <size>0x8</size>
         <input_file_ref idref="fl-20"/>
      </object_component>
      <object_component id="oc-1f4">
         <name>.ebss:_ADC</name>
         <uninitialized>true</uninitialized>
         <run_address>0xa866</run_address>
         <size>0xa</size>
         <input_file_ref idref="fl-20"/>
      </object_component>
      <object_component id="oc-1ef">
         <name>.ebss:_ECAP</name>
         <uninitialized>true</uninitialized>
         <run_address>0xa858</run_address>
         <size>0xe</size>
         <input_file_ref idref="fl-20"/>
      </object_component>
      <object_component id="oc-1f6">
         <name>.ebss:_EPWM</name>
         <uninitialized>true</uninitialized>
         <run_address>0xa81e</run_address>
         <size>0x1a</size>
         <input_file_ref idref="fl-20"/>
      </object_component>
      <object_component id="oc-1f0">
         <name>.ebss:_TRIP_SEL</name>
         <uninitialized>true</uninitialized>
         <run_address>0xa800</run_address>
         <size>0x1e</size>
         <input_file_ref idref="fl-20"/>
      </object_component>
      <object_component id="oc-1d4">
         <name>.ebss</name>
         <uninitialized>true</uninitialized>
         <run_address>0xa88e</run_address>
         <size>0x6</size>
         <input_file_ref idref="fl-3e"/>
      </object_component>
      <object_component id="oc-1f9">
         <name>.ebss:__lock</name>
         <uninitialized>true</uninitialized>
         <run_address>0xa8a0</run_address>
         <size>0x2</size>
         <input_file_ref idref="fl-3f"/>
      </object_component>
      <object_component id="oc-203">
         <name>.ebss:__unlock</name>
         <uninitialized>true</uninitialized>
         <run_address>0xa8a2</run_address>
         <size>0x2</size>
         <input_file_ref idref="fl-3f"/>
      </object_component>
      <object_component id="oc-128">
         <name>.TI.ramfunc</name>
         <load_address>0x1e8</load_address>
         <run_address>0x1e8</run_address>
         <size>0x4</size>
         <input_file_ref idref="fl-21"/>
      </object_component>
      <object_component id="oc-df">
         <name>PUTBUFFER</name>
         <uninitialized>true</uninitialized>
         <run_address>0x3fc00</run_address>
         <size>0x80</size>
         <input_file_ref idref="fl-12"/>
      </object_component>
      <object_component id="oc-db">
         <name>PUTWRITEIDX</name>
         <uninitialized>true</uninitialized>
         <run_address>0x3fc80</run_address>
         <size>0x4</size>
         <input_file_ref idref="fl-12"/>
      </object_component>
      <object_component id="oc-de">
         <name>GETREADIDX</name>
         <uninitialized>true</uninitialized>
         <run_address>0x3fc84</run_address>
         <size>0x4</size>
         <input_file_ref idref="fl-12"/>
      </object_component>
      <object_component id="oc-e0">
         <name>GETBUFFER</name>
         <uninitialized>true</uninitialized>
         <run_address>0x3f800</run_address>
         <size>0x80</size>
         <input_file_ref idref="fl-12"/>
      </object_component>
      <object_component id="oc-dd">
         <name>GETWRITEIDX</name>
         <uninitialized>true</uninitialized>
         <run_address>0x3f880</run_address>
         <size>0x4</size>
         <input_file_ref idref="fl-12"/>
      </object_component>
      <object_component id="oc-dc">
         <name>PUTREADIDX</name>
         <uninitialized>true</uninitialized>
         <run_address>0x3f884</run_address>
         <size>0x4</size>
         <input_file_ref idref="fl-12"/>
      </object_component>
      <object_component id="oc-1ac">
         <name>PieVectTableFile</name>
         <uninitialized>true</uninitialized>
         <run_address>0xd00</run_address>
         <size>0x1c0</size>
         <input_file_ref idref="fl-26"/>
      </object_component>
      <object_component id="oc-142">
         <name>EmuBModeVar</name>
         <uninitialized>true</uninitialized>
         <run_address>0xd00</run_address>
         <size>0x1</size>
         <input_file_ref idref="fl-26"/>
      </object_component>
      <object_component id="oc-143">
         <name>EmuBootPinsVar</name>
         <uninitialized>true</uninitialized>
         <run_address>0xd01</run_address>
         <size>0x1</size>
         <input_file_ref idref="fl-26"/>
      </object_component>
      <object_component id="oc-15b">
         <name>AdcaResultFile</name>
         <uninitialized>true</uninitialized>
         <run_address>0xb00</run_address>
         <size>0x18</size>
         <input_file_ref idref="fl-26"/>
      </object_component>
      <object_component id="oc-15c">
         <name>AdcbResultFile</name>
         <uninitialized>true</uninitialized>
         <run_address>0xb20</run_address>
         <size>0x18</size>
         <input_file_ref idref="fl-26"/>
      </object_component>
      <object_component id="oc-15d">
         <name>AdccResultFile</name>
         <uninitialized>true</uninitialized>
         <run_address>0xb40</run_address>
         <size>0x18</size>
         <input_file_ref idref="fl-26"/>
      </object_component>
      <object_component id="oc-15e">
         <name>AdcdResultFile</name>
         <uninitialized>true</uninitialized>
         <run_address>0xb60</run_address>
         <size>0x18</size>
         <input_file_ref idref="fl-26"/>
      </object_component>
      <object_component id="oc-18f">
         <name>AdcaRegsFile</name>
         <uninitialized>true</uninitialized>
         <run_address>0x7400</run_address>
         <size>0x80</size>
         <input_file_ref idref="fl-26"/>
      </object_component>
      <object_component id="oc-191">
         <name>AdcbRegsFile</name>
         <uninitialized>true</uninitialized>
         <run_address>0x7480</run_address>
         <size>0x80</size>
         <input_file_ref idref="fl-26"/>
      </object_component>
      <object_component id="oc-192">
         <name>AdccRegsFile</name>
         <uninitialized>true</uninitialized>
         <run_address>0x7500</run_address>
         <size>0x80</size>
         <input_file_ref idref="fl-26"/>
      </object_component>
      <object_component id="oc-193">
         <name>AdcdRegsFile</name>
         <uninitialized>true</uninitialized>
         <run_address>0x7580</run_address>
         <size>0x80</size>
         <input_file_ref idref="fl-26"/>
      </object_component>
      <object_component id="oc-18b">
         <name>AnalogSubsysRegsFile</name>
         <uninitialized>true</uninitialized>
         <run_address>0x5d180</run_address>
         <size>0x48</size>
         <input_file_ref idref="fl-26"/>
      </object_component>
      <object_component id="oc-1a8">
         <name>CanaRegsFile</name>
         <uninitialized>true</uninitialized>
         <run_address>0x48000</run_address>
         <size>0x164</size>
         <input_file_ref idref="fl-26"/>
      </object_component>
      <object_component id="oc-1a9">
         <name>CanbRegsFile</name>
         <uninitialized>true</uninitialized>
         <run_address>0x4a000</run_address>
         <size>0x164</size>
         <input_file_ref idref="fl-26"/>
      </object_component>
      <object_component id="oc-186">
         <name>Cla1RegsFile</name>
         <uninitialized>true</uninitialized>
         <run_address>0x1400</run_address>
         <size>0x3e</size>
         <input_file_ref idref="fl-26"/>
      </object_component>
      <object_component id="oc-147">
         <name>Cla1SoftIntRegsFile</name>
         <uninitialized>true</uninitialized>
         <run_address>0xce0</run_address>
         <size>0x4</size>
         <input_file_ref idref="fl-26"/>
      </object_component>
      <object_component id="oc-161">
         <name>Cmpss1RegsFile</name>
         <uninitialized>true</uninitialized>
         <run_address>0x5c80</run_address>
         <size>0x20</size>
         <input_file_ref idref="fl-26"/>
      </object_component>
      <object_component id="oc-162">
         <name>Cmpss2RegsFile</name>
         <uninitialized>true</uninitialized>
         <run_address>0x5ca0</run_address>
         <size>0x20</size>
         <input_file_ref idref="fl-26"/>
      </object_component>
      <object_component id="oc-163">
         <name>Cmpss3RegsFile</name>
         <uninitialized>true</uninitialized>
         <run_address>0x5cc0</run_address>
         <size>0x20</size>
         <input_file_ref idref="fl-26"/>
      </object_component>
      <object_component id="oc-164">
         <name>Cmpss4RegsFile</name>
         <uninitialized>true</uninitialized>
         <run_address>0x5ce0</run_address>
         <size>0x20</size>
         <input_file_ref idref="fl-26"/>
      </object_component>
      <object_component id="oc-165">
         <name>Cmpss5RegsFile</name>
         <uninitialized>true</uninitialized>
         <run_address>0x5d00</run_address>
         <size>0x20</size>
         <input_file_ref idref="fl-26"/>
      </object_component>
      <object_component id="oc-166">
         <name>Cmpss6RegsFile</name>
         <uninitialized>true</uninitialized>
         <run_address>0x5d20</run_address>
         <size>0x20</size>
         <input_file_ref idref="fl-26"/>
      </object_component>
      <object_component id="oc-167">
         <name>Cmpss7RegsFile</name>
         <uninitialized>true</uninitialized>
         <run_address>0x5d40</run_address>
         <size>0x20</size>
         <input_file_ref idref="fl-26"/>
      </object_component>
      <object_component id="oc-168">
         <name>Cmpss8RegsFile</name>
         <uninitialized>true</uninitialized>
         <run_address>0x5d60</run_address>
         <size>0x20</size>
         <input_file_ref idref="fl-26"/>
      </object_component>
      <object_component id="oc-14d">
         <name>CpuTimer0RegsFile</name>
         <uninitialized>true</uninitialized>
         <run_address>0xc00</run_address>
         <size>0x8</size>
         <input_file_ref idref="fl-26"/>
      </object_component>
      <object_component id="oc-14e">
         <name>CpuTimer1RegsFile</name>
         <uninitialized>true</uninitialized>
         <run_address>0xc08</run_address>
         <size>0x8</size>
         <input_file_ref idref="fl-26"/>
      </object_component>
      <object_component id="oc-14f">
         <name>CpuTimer2RegsFile</name>
         <uninitialized>true</uninitialized>
         <run_address>0xc10</run_address>
         <size>0x8</size>
         <input_file_ref idref="fl-26"/>
      </object_component>
      <object_component id="oc-14a">
         <name>DacaRegsFile</name>
         <uninitialized>true</uninitialized>
         <run_address>0x5c00</run_address>
         <size>0x8</size>
         <input_file_ref idref="fl-26"/>
      </object_component>
      <object_component id="oc-14b">
         <name>DacbRegsFile</name>
         <uninitialized>true</uninitialized>
         <run_address>0x5c10</run_address>
         <size>0x8</size>
         <input_file_ref idref="fl-26"/>
      </object_component>
      <object_component id="oc-14c">
         <name>DaccRegsFile</name>
         <uninitialized>true</uninitialized>
         <run_address>0x5c20</run_address>
         <size>0x8</size>
         <input_file_ref idref="fl-26"/>
      </object_component>
      <object_component id="oc-17c">
         <name>DcsmZ1RegsFile</name>
         <uninitialized>true</uninitialized>
         <run_address>0x5f000</run_address>
         <size>0x24</size>
         <input_file_ref idref="fl-26"/>
      </object_component>
      <object_component id="oc-17d">
         <name>DcsmZ2RegsFile</name>
         <uninitialized>true</uninitialized>
         <run_address>0x5f040</run_address>
         <size>0x24</size>
         <input_file_ref idref="fl-26"/>
      </object_component>
      <object_component id="oc-150">
         <name>DcsmCommonRegsFile</name>
         <uninitialized>true</uninitialized>
         <run_address>0x5f070</run_address>
         <size>0x8</size>
         <input_file_ref idref="fl-26"/>
      </object_component>
      <object_component id="oc-199">
         <name>DmaRegsFile</name>
         <uninitialized>true</uninitialized>
         <run_address>0x1000</run_address>
         <size>0xe0</size>
         <input_file_ref idref="fl-26"/>
      </object_component>
      <object_component id="oc-15f">
         <name>DmaClaSrcSelRegsFile</name>
         <uninitialized>true</uninitialized>
         <run_address>0x7980</run_address>
         <size>0x1a</size>
         <input_file_ref idref="fl-26"/>
      </object_component>
      <object_component id="oc-169">
         <name>ECap1RegsFile</name>
         <uninitialized>true</uninitialized>
         <run_address>0x5000</run_address>
         <size>0x20</size>
         <input_file_ref idref="fl-26"/>
      </object_component>
      <object_component id="oc-16b">
         <name>ECap2RegsFile</name>
         <uninitialized>true</uninitialized>
         <run_address>0x5020</run_address>
         <size>0x20</size>
         <input_file_ref idref="fl-26"/>
      </object_component>
      <object_component id="oc-16c">
         <name>ECap3RegsFile</name>
         <uninitialized>true</uninitialized>
         <run_address>0x5040</run_address>
         <size>0x20</size>
         <input_file_ref idref="fl-26"/>
      </object_component>
      <object_component id="oc-16d">
         <name>ECap4RegsFile</name>
         <uninitialized>true</uninitialized>
         <run_address>0x5060</run_address>
         <size>0x20</size>
         <input_file_ref idref="fl-26"/>
      </object_component>
      <object_component id="oc-16e">
         <name>ECap5RegsFile</name>
         <uninitialized>true</uninitialized>
         <run_address>0x5080</run_address>
         <size>0x20</size>
         <input_file_ref idref="fl-26"/>
      </object_component>
      <object_component id="oc-16f">
         <name>ECap6RegsFile</name>
         <uninitialized>true</uninitialized>
         <run_address>0x50a0</run_address>
         <size>0x20</size>
         <input_file_ref idref="fl-26"/>
      </object_component>
      <object_component id="oc-18d">
         <name>Emif1RegsFile</name>
         <uninitialized>true</uninitialized>
         <run_address>0x47000</run_address>
         <size>0x70</size>
         <input_file_ref idref="fl-26"/>
      </object_component>
      <object_component id="oc-18e">
         <name>Emif2RegsFile</name>
         <uninitialized>true</uninitialized>
         <run_address>0x47800</run_address>
         <size>0x70</size>
         <input_file_ref idref="fl-26"/>
      </object_component>
      <object_component id="oc-19a">
         <name>EPwm1RegsFile</name>
         <uninitialized>true</uninitialized>
         <run_address>0x4000</run_address>
         <size>0x100</size>
         <input_file_ref idref="fl-26"/>
      </object_component>
      <object_component id="oc-19c">
         <name>EPwm2RegsFile</name>
         <uninitialized>true</uninitialized>
         <run_address>0x4100</run_address>
         <size>0x100</size>
         <input_file_ref idref="fl-26"/>
      </object_component>
      <object_component id="oc-19d">
         <name>EPwm3RegsFile</name>
         <uninitialized>true</uninitialized>
         <run_address>0x4200</run_address>
         <size>0x100</size>
         <input_file_ref idref="fl-26"/>
      </object_component>
      <object_component id="oc-19e">
         <name>EPwm4RegsFile</name>
         <uninitialized>true</uninitialized>
         <run_address>0x4300</run_address>
         <size>0x100</size>
         <input_file_ref idref="fl-26"/>
      </object_component>
      <object_component id="oc-19f">
         <name>EPwm5RegsFile</name>
         <uninitialized>true</uninitialized>
         <run_address>0x4400</run_address>
         <size>0x100</size>
         <input_file_ref idref="fl-26"/>
      </object_component>
      <object_component id="oc-1a0">
         <name>EPwm6RegsFile</name>
         <uninitialized>true</uninitialized>
         <run_address>0x4500</run_address>
         <size>0x100</size>
         <input_file_ref idref="fl-26"/>
      </object_component>
      <object_component id="oc-1a1">
         <name>EPwm7RegsFile</name>
         <uninitialized>true</uninitialized>
         <run_address>0x4600</run_address>
         <size>0x100</size>
         <input_file_ref idref="fl-26"/>
      </object_component>
      <object_component id="oc-1a2">
         <name>EPwm8RegsFile</name>
         <uninitialized>true</uninitialized>
         <run_address>0x4700</run_address>
         <size>0x100</size>
         <input_file_ref idref="fl-26"/>
      </object_component>
      <object_component id="oc-1a3">
         <name>EPwm9RegsFile</name>
         <uninitialized>true</uninitialized>
         <run_address>0x4800</run_address>
         <size>0x100</size>
         <input_file_ref idref="fl-26"/>
      </object_component>
      <object_component id="oc-1a4">
         <name>EPwm10RegsFile</name>
         <uninitialized>true</uninitialized>
         <run_address>0x4900</run_address>
         <size>0x100</size>
         <input_file_ref idref="fl-26"/>
      </object_component>
      <object_component id="oc-1a5">
         <name>EPwm11RegsFile</name>
         <uninitialized>true</uninitialized>
         <run_address>0x4a00</run_address>
         <size>0x100</size>
         <input_file_ref idref="fl-26"/>
      </object_component>
      <object_component id="oc-1a6">
         <name>EPwm12RegsFile</name>
         <uninitialized>true</uninitialized>
         <run_address>0x4b00</run_address>
         <size>0x100</size>
         <input_file_ref idref="fl-26"/>
      </object_component>
      <object_component id="oc-187">
         <name>EPwmXbarRegsFile</name>
         <uninitialized>true</uninitialized>
         <run_address>0x7a00</run_address>
         <size>0x40</size>
         <input_file_ref idref="fl-26"/>
      </object_component>
      <object_component id="oc-175">
         <name>EQep1RegsFile</name>
         <uninitialized>true</uninitialized>
         <run_address>0x5100</run_address>
         <size>0x22</size>
         <input_file_ref idref="fl-26"/>
      </object_component>
      <object_component id="oc-177">
         <name>EQep2RegsFile</name>
         <uninitialized>true</uninitialized>
         <run_address>0x5140</run_address>
         <size>0x22</size>
         <input_file_ref idref="fl-26"/>
      </object_component>
      <object_component id="oc-178">
         <name>EQep3RegsFile</name>
         <uninitialized>true</uninitialized>
         <run_address>0x5180</run_address>
         <size>0x22</size>
         <input_file_ref idref="fl-26"/>
      </object_component>
      <object_component id="oc-1ab">
         <name>Flash0CtrlRegsFile</name>
         <uninitialized>true</uninitialized>
         <run_address>0x5f800</run_address>
         <size>0x182</size>
         <input_file_ref idref="fl-26"/>
      </object_component>
      <object_component id="oc-182">
         <name>Flash0EccRegsFile</name>
         <uninitialized>true</uninitialized>
         <run_address>0x5fb00</run_address>
         <size>0x28</size>
         <input_file_ref idref="fl-26"/>
      </object_component>
      <object_component id="oc-1aa">
         <name>GpioCtrlRegsFile</name>
         <uninitialized>true</uninitialized>
         <run_address>0x7c00</run_address>
         <size>0x180</size>
         <input_file_ref idref="fl-26"/>
      </object_component>
      <object_component id="oc-184">
         <name>GpioDataRegsFile</name>
         <uninitialized>true</uninitialized>
         <run_address>0x7f00</run_address>
         <size>0x30</size>
         <input_file_ref idref="fl-26"/>
      </object_component>
      <object_component id="oc-188">
         <name>OutputXbarRegsFile</name>
         <uninitialized>true</uninitialized>
         <run_address>0x7a80</run_address>
         <size>0x40</size>
         <input_file_ref idref="fl-26"/>
      </object_component>
      <object_component id="oc-179">
         <name>I2caRegsFile</name>
         <uninitialized>true</uninitialized>
         <run_address>0x7300</run_address>
         <size>0x22</size>
         <input_file_ref idref="fl-26"/>
      </object_component>
      <object_component id="oc-17b">
         <name>I2cbRegsFile</name>
         <uninitialized>true</uninitialized>
         <run_address>0x7340</run_address>
         <size>0x22</size>
         <input_file_ref idref="fl-26"/>
      </object_component>
      <object_component id="oc-170">
         <name>InputXbarRegsFile</name>
         <uninitialized>true</uninitialized>
         <run_address>0x7900</run_address>
         <size>0x20</size>
         <input_file_ref idref="fl-26"/>
      </object_component>
      <object_component id="oc-172">
         <name>XbarRegsFile</name>
         <uninitialized>true</uninitialized>
         <run_address>0x7920</run_address>
         <size>0x20</size>
         <input_file_ref idref="fl-26"/>
      </object_component>
      <object_component id="oc-17e">
         <name>IpcRegsFile</name>
         <uninitialized>true</uninitialized>
         <run_address>0x50000</run_address>
         <size>0x24</size>
         <input_file_ref idref="fl-26"/>
      </object_component>
      <object_component id="oc-144">
         <name>FlashPumpSemaphoreRegsFile</name>
         <uninitialized>true</uninitialized>
         <run_address>0x50024</run_address>
         <size>0x2</size>
         <input_file_ref idref="fl-26"/>
      </object_component>
      <object_component id="oc-145">
         <name>RomPrefetchRegsFile</name>
         <uninitialized>true</uninitialized>
         <run_address>0x5e608</run_address>
         <size>0x2</size>
         <input_file_ref idref="fl-26"/>
      </object_component>
      <object_component id="oc-194">
         <name>MemCfgRegsFile</name>
         <uninitialized>true</uninitialized>
         <run_address>0x5f400</run_address>
         <size>0x80</size>
         <input_file_ref idref="fl-26"/>
      </object_component>
      <object_component id="oc-173">
         <name>Emif1ConfigRegsFile</name>
         <uninitialized>true</uninitialized>
         <run_address>0x5f480</run_address>
         <size>0x20</size>
         <input_file_ref idref="fl-26"/>
      </object_component>
      <object_component id="oc-174">
         <name>Emif2ConfigRegsFile</name>
         <uninitialized>true</uninitialized>
         <run_address>0x5f4a0</run_address>
         <size>0x20</size>
         <input_file_ref idref="fl-26"/>
      </object_component>
      <object_component id="oc-189">
         <name>AccessProtectionRegsFile</name>
         <uninitialized>true</uninitialized>
         <run_address>0x5f4c0</run_address>
         <size>0x40</size>
         <input_file_ref idref="fl-26"/>
      </object_component>
      <object_component id="oc-18a">
         <name>MemoryErrorRegsFile</name>
         <uninitialized>true</uninitialized>
         <run_address>0x5f500</run_address>
         <size>0x40</size>
         <input_file_ref idref="fl-26"/>
      </object_component>
      <object_component id="oc-146">
         <name>RomWaitStateRegsFile</name>
         <uninitialized>true</uninitialized>
         <run_address>0x5f540</run_address>
         <size>0x2</size>
         <input_file_ref idref="fl-26"/>
      </object_component>
      <object_component id="oc-17f">
         <name>McbspaRegsFile</name>
         <uninitialized>true</uninitialized>
         <run_address>0x6000</run_address>
         <size>0x24</size>
         <input_file_ref idref="fl-26"/>
      </object_component>
      <object_component id="oc-181">
         <name>McbspbRegsFile</name>
         <uninitialized>true</uninitialized>
         <run_address>0x6040</run_address>
         <size>0x24</size>
         <input_file_ref idref="fl-26"/>
      </object_component>
      <object_component id="oc-18c">
         <name>UppRegsFile</name>
         <uninitialized>true</uninitialized>
         <run_address>0x6200</run_address>
         <size>0x48</size>
         <input_file_ref idref="fl-26"/>
      </object_component>
      <object_component id="oc-149">
         <name>NmiIntruptRegsFile</name>
         <uninitialized>true</uninitialized>
         <run_address>0x7060</run_address>
         <size>0x7</size>
         <input_file_ref idref="fl-26"/>
      </object_component>
      <object_component id="oc-160">
         <name>PieCtrlRegsFile</name>
         <uninitialized>true</uninitialized>
         <run_address>0xce0</run_address>
         <size>0x1a</size>
         <input_file_ref idref="fl-26"/>
      </object_component>
      <object_component id="oc-152">
         <name>SciaRegsFile</name>
         <uninitialized>true</uninitialized>
         <run_address>0x7200</run_address>
         <size>0x10</size>
         <input_file_ref idref="fl-26"/>
      </object_component>
      <object_component id="oc-154">
         <name>ScibRegsFile</name>
         <uninitialized>true</uninitialized>
         <run_address>0x7210</run_address>
         <size>0x10</size>
         <input_file_ref idref="fl-26"/>
      </object_component>
      <object_component id="oc-155">
         <name>ScicRegsFile</name>
         <uninitialized>true</uninitialized>
         <run_address>0x7220</run_address>
         <size>0x10</size>
         <input_file_ref idref="fl-26"/>
      </object_component>
      <object_component id="oc-156">
         <name>ScidRegsFile</name>
         <uninitialized>true</uninitialized>
         <run_address>0x7230</run_address>
         <size>0x10</size>
         <input_file_ref idref="fl-26"/>
      </object_component>
      <object_component id="oc-195">
         <name>Sdfm1RegsFile</name>
         <uninitialized>true</uninitialized>
         <run_address>0x5e00</run_address>
         <size>0x80</size>
         <input_file_ref idref="fl-26"/>
      </object_component>
      <object_component id="oc-197">
         <name>Sdfm2RegsFile</name>
         <uninitialized>true</uninitialized>
         <run_address>0x5e80</run_address>
         <size>0x80</size>
         <input_file_ref idref="fl-26"/>
      </object_component>
      <object_component id="oc-157">
         <name>SpiaRegsFile</name>
         <uninitialized>true</uninitialized>
         <run_address>0x6100</run_address>
         <size>0x10</size>
         <input_file_ref idref="fl-26"/>
      </object_component>
      <object_component id="oc-159">
         <name>SpibRegsFile</name>
         <uninitialized>true</uninitialized>
         <run_address>0x6110</run_address>
         <size>0x10</size>
         <input_file_ref idref="fl-26"/>
      </object_component>
      <object_component id="oc-15a">
         <name>SpicRegsFile</name>
         <uninitialized>true</uninitialized>
         <run_address>0x6120</run_address>
         <size>0x10</size>
         <input_file_ref idref="fl-26"/>
      </object_component>
      <object_component id="oc-1a7">
         <name>DevCfgRegsFile</name>
         <uninitialized>true</uninitialized>
         <run_address>0x5d000</run_address>
         <size>0x12e</size>
         <input_file_ref idref="fl-26"/>
      </object_component>
      <object_component id="oc-185">
         <name>ClkCfgRegsFile</name>
         <uninitialized>true</uninitialized>
         <run_address>0x5d200</run_address>
         <size>0x32</size>
         <input_file_ref idref="fl-26"/>
      </object_component>
      <object_component id="oc-198">
         <name>CpuSysRegsFile</name>
         <uninitialized>true</uninitialized>
         <run_address>0x5d300</run_address>
         <size>0x82</size>
         <input_file_ref idref="fl-26"/>
      </object_component>
      <object_component id="oc-148">
         <name>SyncSocRegsFile</name>
         <uninitialized>true</uninitialized>
         <run_address>0x7940</run_address>
         <size>0x6</size>
         <input_file_ref idref="fl-26"/>
      </object_component>
      <object_component id="oc-183">
         <name>WdRegsFile</name>
         <uninitialized>true</uninitialized>
         <run_address>0x7000</run_address>
         <size>0x2b</size>
         <input_file_ref idref="fl-26"/>
      </object_component>
      <object_component id="oc-151">
         <name>XintRegsFile</name>
         <uninitialized>true</uninitialized>
         <run_address>0x7070</run_address>
         <size>0xb</size>
         <input_file_ref idref="fl-26"/>
      </object_component>
      <object_component id="oc-85">
         <name>.debug_info</name>
         <load_address>0x0</load_address>
         <run_address>0x0</run_address>
         <size>0x4732</size>
         <input_file_ref idref="fl-2"/>
      </object_component>
      <object_component id="oc-8d">
         <name>.debug_info</name>
         <load_address>0x4732</load_address>
         <run_address>0x4732</run_address>
         <size>0xa39</size>
         <input_file_ref idref="fl-3"/>
      </object_component>
      <object_component id="oc-92">
         <name>.debug_info</name>
         <load_address>0x516b</load_address>
         <run_address>0x516b</run_address>
         <size>0x1dfae</size>
         <input_file_ref idref="fl-4"/>
      </object_component>
      <object_component id="oc-97">
         <name>.debug_info</name>
         <load_address>0x23119</load_address>
         <run_address>0x23119</run_address>
         <size>0x4655</size>
         <input_file_ref idref="fl-5"/>
      </object_component>
      <object_component id="oc-9e">
         <name>.debug_info</name>
         <load_address>0x2776e</load_address>
         <run_address>0x2776e</run_address>
         <size>0xf4</size>
         <input_file_ref idref="fl-6"/>
      </object_component>
      <object_component id="oc-a1">
         <name>.debug_info</name>
         <load_address>0x27862</load_address>
         <run_address>0x27862</run_address>
         <size>0x802</size>
         <input_file_ref idref="fl-7"/>
      </object_component>
      <object_component id="oc-a9">
         <name>.debug_info</name>
         <load_address>0x28064</load_address>
         <run_address>0x28064</run_address>
         <size>0xec</size>
         <input_file_ref idref="fl-8"/>
      </object_component>
      <object_component id="oc-ac">
         <name>.debug_info</name>
         <load_address>0x28150</load_address>
         <run_address>0x28150</run_address>
         <size>0x3c71</size>
         <input_file_ref idref="fl-9"/>
      </object_component>
      <object_component id="oc-b2">
         <name>.debug_info</name>
         <load_address>0x2bdc1</load_address>
         <run_address>0x2bdc1</run_address>
         <size>0x46e9</size>
         <input_file_ref idref="fl-a"/>
      </object_component>
      <object_component id="oc-b7">
         <name>.debug_info</name>
         <load_address>0x304aa</load_address>
         <run_address>0x304aa</run_address>
         <size>0x13e23</size>
         <input_file_ref idref="fl-b"/>
      </object_component>
      <object_component id="oc-bc">
         <name>.debug_info</name>
         <load_address>0x442cd</load_address>
         <run_address>0x442cd</run_address>
         <size>0xf3b1</size>
         <input_file_ref idref="fl-c"/>
      </object_component>
      <object_component id="oc-c1">
         <name>.debug_info</name>
         <load_address>0x5367e</load_address>
         <run_address>0x5367e</run_address>
         <size>0xf3b1</size>
         <input_file_ref idref="fl-d"/>
      </object_component>
      <object_component id="oc-c6">
         <name>.debug_info</name>
         <load_address>0x62a2f</load_address>
         <run_address>0x62a2f</run_address>
         <size>0x5539</size>
         <input_file_ref idref="fl-e"/>
      </object_component>
      <object_component id="oc-cb">
         <name>.debug_info</name>
         <load_address>0x67f68</load_address>
         <run_address>0x67f68</run_address>
         <size>0x1a006</size>
         <input_file_ref idref="fl-f"/>
      </object_component>
      <object_component id="oc-d0">
         <name>.debug_info</name>
         <load_address>0x81f6e</load_address>
         <run_address>0x81f6e</run_address>
         <size>0xf3b0</size>
         <input_file_ref idref="fl-10"/>
      </object_component>
      <object_component id="oc-d5">
         <name>.debug_info</name>
         <load_address>0x9131e</load_address>
         <run_address>0x9131e</run_address>
         <size>0x160d</size>
         <input_file_ref idref="fl-11"/>
      </object_component>
      <object_component id="oc-da">
         <name>.debug_info</name>
         <load_address>0x9292b</load_address>
         <run_address>0x9292b</run_address>
         <size>0x198e</size>
         <input_file_ref idref="fl-12"/>
      </object_component>
      <object_component id="oc-e5">
         <name>.debug_info</name>
         <load_address>0x942b9</load_address>
         <run_address>0x942b9</run_address>
         <size>0x48c2</size>
         <input_file_ref idref="fl-13"/>
      </object_component>
      <object_component id="oc-ea">
         <name>.debug_info</name>
         <load_address>0x98b7b</load_address>
         <run_address>0x98b7b</run_address>
         <size>0x17d31</size>
         <input_file_ref idref="fl-14"/>
      </object_component>
      <object_component id="oc-ef">
         <name>.debug_info</name>
         <load_address>0xb08ac</load_address>
         <run_address>0xb08ac</run_address>
         <size>0x10c53</size>
         <input_file_ref idref="fl-15"/>
      </object_component>
      <object_component id="oc-f4">
         <name>.debug_info</name>
         <load_address>0xc14ff</load_address>
         <run_address>0xc14ff</run_address>
         <size>0x3468</size>
         <input_file_ref idref="fl-16"/>
      </object_component>
      <object_component id="oc-f9">
         <name>.debug_info</name>
         <load_address>0xc4967</load_address>
         <run_address>0xc4967</run_address>
         <size>0x6623</size>
         <input_file_ref idref="fl-17"/>
      </object_component>
      <object_component id="oc-fe">
         <name>.debug_info</name>
         <load_address>0xcaf8a</load_address>
         <run_address>0xcaf8a</run_address>
         <size>0x17d</size>
         <input_file_ref idref="fl-18"/>
      </object_component>
      <object_component id="oc-100">
         <name>.debug_info</name>
         <load_address>0xcb107</load_address>
         <run_address>0xcb107</run_address>
         <size>0xfc98</size>
         <input_file_ref idref="fl-19"/>
      </object_component>
      <object_component id="oc-105">
         <name>.debug_info</name>
         <load_address>0xdad9f</load_address>
         <run_address>0xdad9f</run_address>
         <size>0xcc02</size>
         <input_file_ref idref="fl-1a"/>
      </object_component>
      <object_component id="oc-10a">
         <name>.debug_info</name>
         <load_address>0xe79a1</load_address>
         <run_address>0xe79a1</run_address>
         <size>0x4ea0</size>
         <input_file_ref idref="fl-1b"/>
      </object_component>
      <object_component id="oc-110">
         <name>.debug_info</name>
         <load_address>0xec841</load_address>
         <run_address>0xec841</run_address>
         <size>0x10953</size>
         <input_file_ref idref="fl-1c"/>
      </object_component>
      <object_component id="oc-115">
         <name>.debug_info</name>
         <load_address>0xfd194</load_address>
         <run_address>0xfd194</run_address>
         <size>0x29c9</size>
         <input_file_ref idref="fl-1d"/>
      </object_component>
      <object_component id="oc-11a">
         <name>.debug_info</name>
         <load_address>0xffb5d</load_address>
         <run_address>0xffb5d</run_address>
         <size>0x33ee</size>
         <input_file_ref idref="fl-1e"/>
      </object_component>
      <object_component id="oc-121">
         <name>.debug_info</name>
         <load_address>0x102f4b</load_address>
         <run_address>0x102f4b</run_address>
         <size>0x1fa2</size>
         <input_file_ref idref="fl-1f"/>
      </object_component>
      <object_component id="oc-126">
         <name>.debug_info</name>
         <load_address>0x104eed</load_address>
         <run_address>0x104eed</run_address>
         <size>0x104b0</size>
         <input_file_ref idref="fl-20"/>
      </object_component>
      <object_component id="oc-12a">
         <name>.debug_info</name>
         <load_address>0x11539d</load_address>
         <run_address>0x11539d</run_address>
         <size>0xef</size>
         <input_file_ref idref="fl-21"/>
      </object_component>
      <object_component id="oc-12d">
         <name>.debug_info</name>
         <load_address>0x11548c</load_address>
         <run_address>0x11548c</run_address>
         <size>0x12702</size>
         <input_file_ref idref="fl-22"/>
      </object_component>
      <object_component id="oc-132">
         <name>.debug_info</name>
         <load_address>0x127b8e</load_address>
         <run_address>0x127b8e</run_address>
         <size>0x469</size>
         <input_file_ref idref="fl-23"/>
      </object_component>
      <object_component id="oc-137">
         <name>.debug_info</name>
         <load_address>0x127ff7</load_address>
         <run_address>0x127ff7</run_address>
         <size>0x3f0</size>
         <input_file_ref idref="fl-24"/>
      </object_component>
      <object_component id="oc-13c">
         <name>.debug_info</name>
         <load_address>0x1283e7</load_address>
         <run_address>0x1283e7</run_address>
         <size>0x367</size>
         <input_file_ref idref="fl-25"/>
      </object_component>
      <object_component id="oc-141">
         <name>.debug_info</name>
         <load_address>0x12874e</load_address>
         <run_address>0x12874e</run_address>
         <size>0x50527</size>
         <input_file_ref idref="fl-26"/>
      </object_component>
      <object_component id="oc-1b0">
         <name>.debug_info</name>
         <load_address>0x178c75</load_address>
         <run_address>0x178c75</run_address>
         <size>0x174</size>
         <input_file_ref idref="fl-37"/>
      </object_component>
      <object_component id="oc-1b5">
         <name>.debug_info</name>
         <load_address>0x178de9</load_address>
         <run_address>0x178de9</run_address>
         <size>0x115</size>
         <input_file_ref idref="fl-38"/>
      </object_component>
      <object_component id="oc-1ba">
         <name>.debug_info</name>
         <load_address>0x178efe</load_address>
         <run_address>0x178efe</run_address>
         <size>0x177</size>
         <input_file_ref idref="fl-39"/>
      </object_component>
      <object_component id="oc-1be">
         <name>.debug_info</name>
         <load_address>0x179075</load_address>
         <run_address>0x179075</run_address>
         <size>0x562</size>
         <input_file_ref idref="fl-3a"/>
      </object_component>
      <object_component id="oc-1c3">
         <name>.debug_info</name>
         <load_address>0x1795d7</load_address>
         <run_address>0x1795d7</run_address>
         <size>0x43b</size>
         <input_file_ref idref="fl-3b"/>
      </object_component>
      <object_component id="oc-1c8">
         <name>.debug_info</name>
         <load_address>0x179a12</load_address>
         <run_address>0x179a12</run_address>
         <size>0x3ae</size>
         <input_file_ref idref="fl-3c"/>
      </object_component>
      <object_component id="oc-1cd">
         <name>.debug_info</name>
         <load_address>0x179dc0</load_address>
         <run_address>0x179dc0</run_address>
         <size>0x3ab</size>
         <input_file_ref idref="fl-3d"/>
      </object_component>
      <object_component id="oc-1d2">
         <name>.debug_info</name>
         <load_address>0x17a16b</load_address>
         <run_address>0x17a16b</run_address>
         <size>0x545</size>
         <input_file_ref idref="fl-3e"/>
      </object_component>
      <object_component id="oc-1d9">
         <name>.debug_info</name>
         <load_address>0x17a6b0</load_address>
         <run_address>0x17a6b0</run_address>
         <size>0x4cd</size>
         <input_file_ref idref="fl-3f"/>
      </object_component>
      <object_component id="oc-1de">
         <name>.debug_info</name>
         <load_address>0x17ab7d</load_address>
         <run_address>0x17ab7d</run_address>
         <size>0x468</size>
         <input_file_ref idref="fl-40"/>
      </object_component>
      <object_component id="oc-1e3">
         <name>.debug_info</name>
         <load_address>0x17afe5</load_address>
         <run_address>0x17afe5</run_address>
         <size>0x377</size>
         <input_file_ref idref="fl-41"/>
      </object_component>
      <object_component id="oc-291">
         <name>.debug_info</name>
         <load_address>0x17b35c</load_address>
         <run_address>0x17b35c</run_address>
         <size>0x9b</size>
      </object_component>
      <object_component id="oc-89">
         <name>.debug_frame</name>
         <load_address>0x0</load_address>
         <run_address>0x0</run_address>
         <size>0x68</size>
         <input_file_ref idref="fl-2"/>
      </object_component>
      <object_component id="oc-8e">
         <name>.debug_frame</name>
         <load_address>0x68</load_address>
         <run_address>0x68</run_address>
         <size>0x1c0</size>
         <input_file_ref idref="fl-3"/>
      </object_component>
      <object_component id="oc-93">
         <name>.debug_frame</name>
         <load_address>0x228</load_address>
         <run_address>0x228</run_address>
         <size>0x228</size>
         <input_file_ref idref="fl-4"/>
      </object_component>
      <object_component id="oc-98">
         <name>.debug_frame</name>
         <load_address>0x450</load_address>
         <run_address>0x450</run_address>
         <size>0x28</size>
         <input_file_ref idref="fl-5"/>
      </object_component>
      <object_component id="oc-a3">
         <name>.debug_frame</name>
         <load_address>0x478</load_address>
         <run_address>0x478</run_address>
         <size>0x28</size>
         <input_file_ref idref="fl-7"/>
      </object_component>
      <object_component id="oc-ae">
         <name>.debug_frame</name>
         <load_address>0x4a0</load_address>
         <run_address>0x4a0</run_address>
         <size>0x11d0</size>
         <input_file_ref idref="fl-9"/>
      </object_component>
      <object_component id="oc-b3">
         <name>.debug_frame</name>
         <load_address>0x1670</load_address>
         <run_address>0x1670</run_address>
         <size>0x28</size>
         <input_file_ref idref="fl-a"/>
      </object_component>
      <object_component id="oc-b8">
         <name>.debug_frame</name>
         <load_address>0x1698</load_address>
         <run_address>0x1698</run_address>
         <size>0x28</size>
         <input_file_ref idref="fl-b"/>
      </object_component>
      <object_component id="oc-bd">
         <name>.debug_frame</name>
         <load_address>0x16c0</load_address>
         <run_address>0x16c0</run_address>
         <size>0x28</size>
         <input_file_ref idref="fl-c"/>
      </object_component>
      <object_component id="oc-c2">
         <name>.debug_frame</name>
         <load_address>0x16e8</load_address>
         <run_address>0x16e8</run_address>
         <size>0x28</size>
         <input_file_ref idref="fl-d"/>
      </object_component>
      <object_component id="oc-c7">
         <name>.debug_frame</name>
         <load_address>0x1710</load_address>
         <run_address>0x1710</run_address>
         <size>0x28</size>
         <input_file_ref idref="fl-e"/>
      </object_component>
      <object_component id="oc-cc">
         <name>.debug_frame</name>
         <load_address>0x1738</load_address>
         <run_address>0x1738</run_address>
         <size>0x1a8</size>
         <input_file_ref idref="fl-f"/>
      </object_component>
      <object_component id="oc-d1">
         <name>.debug_frame</name>
         <load_address>0x18e0</load_address>
         <run_address>0x18e0</run_address>
         <size>0x28</size>
         <input_file_ref idref="fl-10"/>
      </object_component>
      <object_component id="oc-d6">
         <name>.debug_frame</name>
         <load_address>0x1908</load_address>
         <run_address>0x1908</run_address>
         <size>0x28</size>
         <input_file_ref idref="fl-11"/>
      </object_component>
      <object_component id="oc-e1">
         <name>.debug_frame</name>
         <load_address>0x1930</load_address>
         <run_address>0x1930</run_address>
         <size>0x28</size>
         <input_file_ref idref="fl-12"/>
      </object_component>
      <object_component id="oc-e6">
         <name>.debug_frame</name>
         <load_address>0x1958</load_address>
         <run_address>0x1958</run_address>
         <size>0x28</size>
         <input_file_ref idref="fl-13"/>
      </object_component>
      <object_component id="oc-eb">
         <name>.debug_frame</name>
         <load_address>0x1980</load_address>
         <run_address>0x1980</run_address>
         <size>0x28</size>
         <input_file_ref idref="fl-14"/>
      </object_component>
      <object_component id="oc-f0">
         <name>.debug_frame</name>
         <load_address>0x19a8</load_address>
         <run_address>0x19a8</run_address>
         <size>0x210</size>
         <input_file_ref idref="fl-15"/>
      </object_component>
      <object_component id="oc-f5">
         <name>.debug_frame</name>
         <load_address>0x1bb8</load_address>
         <run_address>0x1bb8</run_address>
         <size>0x28</size>
         <input_file_ref idref="fl-16"/>
      </object_component>
      <object_component id="oc-fa">
         <name>.debug_frame</name>
         <load_address>0x1be0</load_address>
         <run_address>0x1be0</run_address>
         <size>0x28</size>
         <input_file_ref idref="fl-17"/>
      </object_component>
      <object_component id="oc-101">
         <name>.debug_frame</name>
         <load_address>0x1c08</load_address>
         <run_address>0x1c08</run_address>
         <size>0x28</size>
         <input_file_ref idref="fl-19"/>
      </object_component>
      <object_component id="oc-106">
         <name>.debug_frame</name>
         <load_address>0x1c30</load_address>
         <run_address>0x1c30</run_address>
         <size>0x220</size>
         <input_file_ref idref="fl-1a"/>
      </object_component>
      <object_component id="oc-10c">
         <name>.debug_frame</name>
         <load_address>0x1e50</load_address>
         <run_address>0x1e50</run_address>
         <size>0x28</size>
         <input_file_ref idref="fl-1b"/>
      </object_component>
      <object_component id="oc-111">
         <name>.debug_frame</name>
         <load_address>0x1e78</load_address>
         <run_address>0x1e78</run_address>
         <size>0x28</size>
         <input_file_ref idref="fl-1c"/>
      </object_component>
      <object_component id="oc-116">
         <name>.debug_frame</name>
         <load_address>0x1ea0</load_address>
         <run_address>0x1ea0</run_address>
         <size>0x28</size>
         <input_file_ref idref="fl-1d"/>
      </object_component>
      <object_component id="oc-11d">
         <name>.debug_frame</name>
         <load_address>0x1ec8</load_address>
         <run_address>0x1ec8</run_address>
         <size>0x28</size>
         <input_file_ref idref="fl-1e"/>
      </object_component>
      <object_component id="oc-122">
         <name>.debug_frame</name>
         <load_address>0x1ef0</load_address>
         <run_address>0x1ef0</run_address>
         <size>0x28</size>
         <input_file_ref idref="fl-1f"/>
      </object_component>
      <object_component id="oc-12e">
         <name>.debug_frame</name>
         <load_address>0x1f18</load_address>
         <run_address>0x1f18</run_address>
         <size>0x94</size>
         <input_file_ref idref="fl-22"/>
      </object_component>
      <object_component id="oc-133">
         <name>.debug_frame</name>
         <load_address>0x1fac</load_address>
         <run_address>0x1fac</run_address>
         <size>0x28</size>
         <input_file_ref idref="fl-23"/>
      </object_component>
      <object_component id="oc-138">
         <name>.debug_frame</name>
         <load_address>0x1fd4</load_address>
         <run_address>0x1fd4</run_address>
         <size>0x28</size>
         <input_file_ref idref="fl-24"/>
      </object_component>
      <object_component id="oc-13d">
         <name>.debug_frame</name>
         <load_address>0x1ffc</load_address>
         <run_address>0x1ffc</run_address>
         <size>0x28</size>
         <input_file_ref idref="fl-25"/>
      </object_component>
      <object_component id="oc-1bf">
         <name>.debug_frame</name>
         <load_address>0x2024</load_address>
         <run_address>0x2024</run_address>
         <size>0x60</size>
         <input_file_ref idref="fl-3a"/>
      </object_component>
      <object_component id="oc-1c4">
         <name>.debug_frame</name>
         <load_address>0x2084</load_address>
         <run_address>0x2084</run_address>
         <size>0x40</size>
         <input_file_ref idref="fl-3b"/>
      </object_component>
      <object_component id="oc-1c9">
         <name>.debug_frame</name>
         <load_address>0x20c4</load_address>
         <run_address>0x20c4</run_address>
         <size>0x40</size>
         <input_file_ref idref="fl-3c"/>
      </object_component>
      <object_component id="oc-1ce">
         <name>.debug_frame</name>
         <load_address>0x2104</load_address>
         <run_address>0x2104</run_address>
         <size>0x40</size>
         <input_file_ref idref="fl-3d"/>
      </object_component>
      <object_component id="oc-1d5">
         <name>.debug_frame</name>
         <load_address>0x2144</load_address>
         <run_address>0x2144</run_address>
         <size>0x60</size>
         <input_file_ref idref="fl-3e"/>
      </object_component>
      <object_component id="oc-1da">
         <name>.debug_frame</name>
         <load_address>0x21a4</load_address>
         <run_address>0x21a4</run_address>
         <size>0x70</size>
         <input_file_ref idref="fl-3f"/>
      </object_component>
      <object_component id="oc-1df">
         <name>.debug_frame</name>
         <load_address>0x2214</load_address>
         <run_address>0x2214</run_address>
         <size>0x40</size>
         <input_file_ref idref="fl-40"/>
      </object_component>
      <object_component id="oc-1e4">
         <name>.debug_frame</name>
         <load_address>0x2254</load_address>
         <run_address>0x2254</run_address>
         <size>0x28</size>
         <input_file_ref idref="fl-41"/>
      </object_component>
      <object_component id="oc-8a">
         <name>.debug_line</name>
         <load_address>0x0</load_address>
         <run_address>0x0</run_address>
         <size>0x75</size>
         <input_file_ref idref="fl-2"/>
      </object_component>
      <object_component id="oc-8f">
         <name>.debug_line</name>
         <load_address>0x75</load_address>
         <run_address>0x75</run_address>
         <size>0x198</size>
         <input_file_ref idref="fl-3"/>
      </object_component>
      <object_component id="oc-94">
         <name>.debug_line</name>
         <load_address>0x20d</load_address>
         <run_address>0x20d</run_address>
         <size>0x333</size>
         <input_file_ref idref="fl-4"/>
      </object_component>
      <object_component id="oc-99">
         <name>.debug_line</name>
         <load_address>0x540</load_address>
         <run_address>0x540</run_address>
         <size>0x38</size>
         <input_file_ref idref="fl-5"/>
      </object_component>
      <object_component id="oc-9d">
         <name>.debug_line</name>
         <load_address>0x578</load_address>
         <run_address>0x578</run_address>
         <size>0x54</size>
         <input_file_ref idref="fl-6"/>
      </object_component>
      <object_component id="oc-a4">
         <name>.debug_line</name>
         <load_address>0x5cc</load_address>
         <run_address>0x5cc</run_address>
         <size>0x3e</size>
         <input_file_ref idref="fl-7"/>
      </object_component>
      <object_component id="oc-a8">
         <name>.debug_line</name>
         <load_address>0x60a</load_address>
         <run_address>0x60a</run_address>
         <size>0x4d</size>
         <input_file_ref idref="fl-8"/>
      </object_component>
      <object_component id="oc-af">
         <name>.debug_line</name>
         <load_address>0x657</load_address>
         <run_address>0x657</run_address>
         <size>0xce6</size>
         <input_file_ref idref="fl-9"/>
      </object_component>
      <object_component id="oc-b4">
         <name>.debug_line</name>
         <load_address>0x133d</load_address>
         <run_address>0x133d</run_address>
         <size>0x38</size>
         <input_file_ref idref="fl-a"/>
      </object_component>
      <object_component id="oc-b9">
         <name>.debug_line</name>
         <load_address>0x1375</load_address>
         <run_address>0x1375</run_address>
         <size>0x39</size>
         <input_file_ref idref="fl-b"/>
      </object_component>
      <object_component id="oc-be">
         <name>.debug_line</name>
         <load_address>0x13ae</load_address>
         <run_address>0x13ae</run_address>
         <size>0x39</size>
         <input_file_ref idref="fl-c"/>
      </object_component>
      <object_component id="oc-c3">
         <name>.debug_line</name>
         <load_address>0x13e7</load_address>
         <run_address>0x13e7</run_address>
         <size>0x39</size>
         <input_file_ref idref="fl-d"/>
      </object_component>
      <object_component id="oc-c8">
         <name>.debug_line</name>
         <load_address>0x1420</load_address>
         <run_address>0x1420</run_address>
         <size>0x39</size>
         <input_file_ref idref="fl-e"/>
      </object_component>
      <object_component id="oc-cd">
         <name>.debug_line</name>
         <load_address>0x1459</load_address>
         <run_address>0x1459</run_address>
         <size>0x26b</size>
         <input_file_ref idref="fl-f"/>
      </object_component>
      <object_component id="oc-d2">
         <name>.debug_line</name>
         <load_address>0x16c4</load_address>
         <run_address>0x16c4</run_address>
         <size>0x38</size>
         <input_file_ref idref="fl-10"/>
      </object_component>
      <object_component id="oc-d7">
         <name>.debug_line</name>
         <load_address>0x16fc</load_address>
         <run_address>0x16fc</run_address>
         <size>0x38</size>
         <input_file_ref idref="fl-11"/>
      </object_component>
      <object_component id="oc-e2">
         <name>.debug_line</name>
         <load_address>0x1734</load_address>
         <run_address>0x1734</run_address>
         <size>0x3f</size>
         <input_file_ref idref="fl-12"/>
      </object_component>
      <object_component id="oc-e7">
         <name>.debug_line</name>
         <load_address>0x1773</load_address>
         <run_address>0x1773</run_address>
         <size>0x44</size>
         <input_file_ref idref="fl-13"/>
      </object_component>
      <object_component id="oc-ec">
[...]
         <object_component_ref idref="oc-1f4"/>
      </symbol>
      <symbol id="sm-48e">
         <name>_SCI</name>
         <value>0xa89c</value>
         <object_component_ref idref="oc-1ed"/>
      </symbol>
      <symbol id="sm-49a">
         <name>_F28x_usDelay</name>
         <value>0x1e8</value>
         <object_component_ref idref="oc-128"/>
      </symbol>
      <symbol id="sm-4ac">
         <name>_I2C_O2O_SendBytes</name>
         <value>0x86a9</value>
         <object_component_ref idref="oc-1fc"/>
      </symbol>
      <symbol id="sm-4ad">
         <name>_I2C_O2O_Master_Init</name>
         <value>0x8685</value>
         <object_component_ref idref="oc-1fc"/>
      </symbol>
      <symbol id="sm-590">
         <name>_WdRegs</name>
         <value>0x7000</value>
         <object_component_ref idref="oc-183"/>
      </symbol>
      <symbol id="sm-591">
         <name>_CanaRegs</name>
         <value>0x48000</value>
         <object_component_ref idref="oc-1a8"/>
      </symbol>
      <symbol id="sm-592">
         <name>_GpioCtrlRegs</name>
         <value>0x7c00</value>
         <object_component_ref idref="oc-1aa"/>
      </symbol>
      <symbol id="sm-593">
         <name>_PieVectTable</name>
         <value>0xd00</value>
         <object_component_ref idref="oc-1ac"/>
      </symbol>
      <symbol id="sm-594">
         <name>_Cmpss6Regs</name>
         <value>0x5d20</value>
         <object_component_ref idref="oc-166"/>
      </symbol>
      <symbol id="sm-595">
         <name>_ClkCfgRegs</name>
         <value>0x5d200</value>
         <object_component_ref idref="oc-185"/>
      </symbol>
      <symbol id="sm-596">
         <name>_XbarRegs</name>
         <value>0x7920</value>
         <object_component_ref idref="oc-172"/>
      </symbol>
      <symbol id="sm-597">
         <name>_RomWaitStateRegs</name>
         <value>0x5f540</value>
         <object_component_ref idref="oc-146"/>
      </symbol>
      <symbol id="sm-598">
         <name>_AdcdRegs</name>
         <value>0x7580</value>
         <object_component_ref idref="oc-193"/>
      </symbol>
      <symbol id="sm-599">
         <name>_ScidRegs</name>
         <value>0x7230</value>
         <object_component_ref idref="oc-156"/>
      </symbol>
      <symbol id="sm-59a">
         <name>_EmuBMode</name>
         <value>0xd00</value>
         <object_component_ref idref="oc-142"/>
      </symbol>
      <symbol id="sm-59b">
         <name>_ECap4Regs</name>
         <value>0x5060</value>
         <object_component_ref idref="oc-16d"/>
      </symbol>
      <symbol id="sm-59c">
         <name>_Flash0EccRegs</name>
         <value>0x5fb00</value>
         <object_component_ref idref="oc-182"/>
      </symbol>
      <symbol id="sm-59d">
         <name>_IpcRegs</name>
         <value>0x50000</value>
         <object_component_ref idref="oc-17e"/>
      </symbol>
      <symbol id="sm-59e">
         <name>_InputXbarRegs</name>
         <value>0x7900</value>
         <object_component_ref idref="oc-170"/>
      </symbol>
      <symbol id="sm-59f">
         <name>_EPwmXbarRegs</name>
         <value>0x7a00</value>
         <object_component_ref idref="oc-187"/>
      </symbol>
      <symbol id="sm-5a0">
         <name>_Cmpss7Regs</name>
         <value>0x5d40</value>
         <object_component_ref idref="oc-167"/>
      </symbol>
      <symbol id="sm-5a1">
         <name>_DcsmZ2Regs</name>
         <value>0x5f040</value>
         <object_component_ref idref="oc-17d"/>
      </symbol>
      <symbol id="sm-5a2">
         <name>_EPwm4Regs</name>
         <value>0x4300</value>
         <object_component_ref idref="oc-19e"/>
      </symbol>
      <symbol id="sm-5a3">
         <name>_FlashPumpSemaphoreRegs</name>
         <value>0x50024</value>
         <object_component_ref idref="oc-144"/>
      </symbol>
      <symbol id="sm-5a4">
         <name>_ECap5Regs</name>
         <value>0x5080</value>
         <object_component_ref idref="oc-16e"/>
      </symbol>
      <symbol id="sm-5a5">
         <name>_I2cbRegs</name>
         <value>0x7340</value>
         <object_component_ref idref="oc-17b"/>
      </symbol>
      <symbol id="sm-5a6">
         <name>_CpuTimer1Regs</name>
         <value>0xc08</value>
         <object_component_ref idref="oc-14e"/>
      </symbol>
      <symbol id="sm-5a7">
         <name>_RomPrefetchRegs</name>
         <value>0x5e608</value>
         <object_component_ref idref="oc-145"/>
      </symbol>
      <symbol id="sm-5a8">
         <name>_Cmpss4Regs</name>
         <value>0x5ce0</value>
         <object_component_ref idref="oc-164"/>
      </symbol>
      <symbol id="sm-5a9">
         <name>_EPwm5Regs</name>
         <value>0x4400</value>
         <object_component_ref idref="oc-19f"/>
      </symbol>
      <symbol id="sm-5aa">
         <name>_UppRegs</name>
         <value>0x6200</value>
         <object_component_ref idref="oc-18c"/>
      </symbol>
      <symbol id="sm-5ab">
         <name>_SpiaRegs</name>
         <value>0x6100</value>
         <object_component_ref idref="oc-157"/>
      </symbol>
      <symbol id="sm-5ac">
         <name>_CpuSysRegs</name>
         <value>0x5d300</value>
         <object_component_ref idref="oc-198"/>
      </symbol>
      <symbol id="sm-5ad">
         <name>_Cla1SoftIntRegs</name>
         <value>0xce0</value>
         <object_component_ref idref="oc-147"/>
      </symbol>
      <symbol id="sm-5ae">
         <name>_CanbRegs</name>
         <value>0x4a000</value>
         <object_component_ref idref="oc-1a9"/>
      </symbol>
      <symbol id="sm-5af">
         <name>_ECap6Regs</name>
         <value>0x50a0</value>
         <object_component_ref idref="oc-16f"/>
      </symbol>
      <symbol id="sm-5b0">
         <name>_DmaRegs</name>
         <value>0x1000</value>
         <object_component_ref idref="oc-199"/>
      </symbol>
      <symbol id="sm-5b1">
         <name>_EmuBootPins</name>
         <value>0xd01</value>
         <object_component_ref idref="oc-143"/>
      </symbol>
      <symbol id="sm-5b2">
         <name>_XintRegs</name>
         <value>0x7070</value>
         <object_component_ref idref="oc-151"/>
      </symbol>
      <symbol id="sm-5b3">
         <name>_CpuTimer0Regs</name>
         <value>0xc00</value>
         <object_component_ref idref="oc-14d"/>
      </symbol>
      <symbol id="sm-5b4">
         <name>_Cmpss5Regs</name>
         <value>0x5d00</value>
         <object_component_ref idref="oc-165"/>
      </symbol>
      <symbol id="sm-5b5">
         <name>_Emif1Regs</name>
         <value>0x47000</value>
         <object_component_ref idref="oc-18d"/>
      </symbol>
      <symbol id="sm-5b6">
         <name>_AccessProtectionRegs</name>
         <value>0x5f4c0</value>
         <object_component_ref idref="oc-189"/>
      </symbol>
      <symbol id="sm-5b7">
         <name>_MemCfgRegs</name>
         <value>0x5f400</value>
         <object_component_ref idref="oc-194"/>
      </symbol>
      <symbol id="sm-5b8">
         <name>_DacaRegs</name>
         <value>0x5c00</value>
         <object_component_ref idref="oc-14a"/>
      </symbol>
      <symbol id="sm-5b9">
         <name>_McbspbRegs</name>
         <value>0x6040</value>
         <object_component_ref idref="oc-181"/>
      </symbol>
      <symbol id="sm-5ba">
         <name>_EPwm6Regs</name>
         <value>0x4500</value>
         <object_component_ref idref="oc-1a0"/>
      </symbol>
      <symbol id="sm-5bb">
         <name>_AdcaRegs</name>
         <value>0x7400</value>
         <object_component_ref idref="oc-18f"/>
      </symbol>
      <symbol id="sm-5bc">
         <name>_SciaRegs</name>
         <value>0x7200</value>
         <object_component_ref idref="oc-152"/>
      </symbol>
      <symbol id="sm-5bd">
         <name>_EPwm11Regs</name>
         <value>0x4a00</value>
         <object_component_ref idref="oc-1a5"/>
      </symbol>
      <symbol id="sm-5be">
         <name>_GpioDataRegs</name>
         <value>0x7f00</value>
         <object_component_ref idref="oc-184"/>
      </symbol>
      <symbol id="sm-5bf">
         <name>_Sdfm1Regs</name>
         <value>0x5e00</value>
         <object_component_ref idref="oc-195"/>
      </symbol>
      <symbol id="sm-5c0">
         <name>_Cmpss2Regs</name>
         <value>0x5ca0</value>
         <object_component_ref idref="oc-162"/>
      </symbol>
      <symbol id="sm-5c1">
         <name>_Emif2Regs</name>
         <value>0x47800</value>
         <object_component_ref idref="oc-18e"/>
      </symbol>
      <symbol id="sm-5c2">
         <name>_DcsmZ1Regs</name>
         <value>0x5f000</value>
         <object_component_ref idref="oc-17c"/>
      </symbol>
      <symbol id="sm-5c3">
         <name>_Flash0CtrlRegs</name>
         <value>0x5f800</value>
         <object_component_ref idref="oc-1ab"/>
      </symbol>
      <symbol id="sm-5c4">
         <name>_EPwm7Regs</name>
         <value>0x4600</value>
         <object_component_ref idref="oc-1a1"/>
      </symbol>
      <symbol id="sm-5c5">
         <name>_SpicRegs</name>
         <value>0x6120</value>
         <object_component_ref idref="oc-15a"/>
      </symbol>
      <symbol id="sm-5c6">
         <name>_EPwm10Regs</name>
         <value>0x4900</value>
         <object_component_ref idref="oc-1a4"/>
      </symbol>
      <symbol id="sm-5c7">
         <name>_CpuTimer2Regs</name>
         <value>0xc10</value>
         <object_component_ref idref="oc-14f"/>
      </symbol>
      <symbol id="sm-5c8">
         <name>_DmaClaSrcSelRegs</name>
         <value>0x7980</value>
         <object_component_ref idref="oc-15f"/>
      </symbol>
      <symbol id="sm-5c9">
         <name>_AnalogSubsysRegs</name>
         <value>0x5d180</value>
         <object_component_ref idref="oc-18b"/>
      </symbol>
      <symbol id="sm-5ca">
         <name>_Cmpss3Regs</name>
         <value>0x5cc0</value>
         <object_component_ref idref="oc-163"/>
      </symbol>
      <symbol id="sm-5cb">
         <name>_DaccRegs</name>
         <value>0x5c20</value>
         <object_component_ref idref="oc-14c"/>
      </symbol>
      <symbol id="sm-5cc">
         <name>_PieCtrlRegs</name>
         <value>0xce0</value>
         <object_component_ref idref="oc-160"/>
      </symbol>
      <symbol id="sm-5cd">
         <name>_DevCfgRegs</name>
         <value>0x5d000</value>
         <object_component_ref idref="oc-1a7"/>
      </symbol>
      <symbol id="sm-5ce">
         <name>_SpibRegs</name>
         <value>0x6110</value>
         <object_component_ref idref="oc-159"/>
      </symbol>
      <symbol id="sm-5cf">
         <name>_AdccRegs</name>
         <value>0x7500</value>
         <object_component_ref idref="oc-192"/>
      </symbol>
      <symbol id="sm-5d0">
         <name>_ScicRegs</name>
         <value>0x7220</value>
         <object_component_ref idref="oc-155"/>
      </symbol>
      <symbol id="sm-5d1">
         <name>_ECap1Regs</name>
         <value>0x5000</value>
         <object_component_ref idref="oc-169"/>
      </symbol>
      <symbol id="sm-5d2">
         <name>_OutputXbarRegs</name>
         <value>0x7a80</value>
         <object_component_ref idref="oc-188"/>
      </symbol>
      <symbol id="sm-5d3">
         <name>_MemoryErrorRegs</name>
         <value>0x5f500</value>
         <object_component_ref idref="oc-18a"/>
      </symbol>
      <symbol id="sm-5d4">
         <name>_Cla1Regs</name>
         <value>0x1400</value>
         <object_component_ref idref="oc-186"/>
      </symbol>
      <symbol id="sm-5d5">
         <name>_EQep1Regs</name>
         <value>0x5100</value>
         <object_component_ref idref="oc-175"/>
      </symbol>
      <symbol id="sm-5d6">
         <name>_DacbRegs</name>
         <value>0x5c10</value>
         <object_component_ref idref="oc-14b"/>
      </symbol>
      <symbol id="sm-5d7">
         <name>_McbspaRegs</name>
         <value>0x6000</value>
         <object_component_ref idref="oc-17f"/>
      </symbol>
      <symbol id="sm-5d8">
         <name>_EPwm1Regs</name>
         <value>0x4000</value>
         <object_component_ref idref="oc-19a"/>
      </symbol>
      <symbol id="sm-5d9">
         <name>_AdcbRegs</name>
         <value>0x7480</value>
         <object_component_ref idref="oc-191"/>
      </symbol>
      <symbol id="sm-5da">
         <name>_ScibRegs</name>
         <value>0x7210</value>
         <object_component_ref idref="oc-154"/>
      </symbol>
      <symbol id="sm-5db">
         <name>_AdcaResultRegs</name>
         <value>0xb00</value>
         <object_component_ref idref="oc-15b"/>
      </symbol>
      <symbol id="sm-5dc">
         <name>_ECap2Regs</name>
         <value>0x5020</value>
         <object_component_ref idref="oc-16b"/>
      </symbol>
      <symbol id="sm-5dd">
         <name>_EPwm12Regs</name>
         <value>0x4b00</value>
         <object_component_ref idref="oc-1a6"/>
      </symbol>
      <symbol id="sm-5de">
         <name>_AdcbResultRegs</name>
         <value>0xb20</value>
         <object_component_ref idref="oc-15c"/>
      </symbol>
      <symbol id="sm-5df">
         <name>_AdccResultRegs</name>
         <value>0xb40</value>
         <object_component_ref idref="oc-15d"/>
      </symbol>
      <symbol id="sm-5e0">
         <name>_Emif1ConfigRegs</name>
         <value>0x5f480</value>
         <object_component_ref idref="oc-173"/>
      </symbol>
      <symbol id="sm-5e1">
         <name>_Sdfm2Regs</name>
         <value>0x5e80</value>
         <object_component_ref idref="oc-197"/>
      </symbol>
      <symbol id="sm-5e2">
         <name>_AdcdResultRegs</name>
         <value>0xb60</value>
         <object_component_ref idref="oc-15e"/>
      </symbol>
      <symbol id="sm-5e3">
         <name>_EQep2Regs</name>
         <value>0x5140</value>
         <object_component_ref idref="oc-177"/>
      </symbol>
      <symbol id="sm-5e4">
         <name>_Cmpss1Regs</name>
         <value>0x5c80</value>
         <object_component_ref idref="oc-161"/>
      </symbol>
      <symbol id="sm-5e5">
         <name>_EPwm8Regs</name>
         <value>0x4700</value>
         <object_component_ref idref="oc-1a2"/>
      </symbol>
      <symbol id="sm-5e6">
         <name>_Emif2ConfigRegs</name>
         <value>0x5f4a0</value>
         <object_component_ref idref="oc-174"/>
      </symbol>
      <symbol id="sm-5e7">
         <name>_DcsmCommonRegs</name>
         <value>0x5f070</value>
         <object_component_ref idref="oc-150"/>
      </symbol>
      <symbol id="sm-5e8">
         <name>_EPwm2Regs</name>
         <value>0x4100</value>
         <object_component_ref idref="oc-19c"/>
      </symbol>
      <symbol id="sm-5e9">
         <name>_ECap3Regs</name>
         <value>0x5040</value>
         <object_component_ref idref="oc-16c"/>
      </symbol>
      <symbol id="sm-5ea">
         <name>_Cmpss8Regs</name>
         <value>0x5d60</value>
         <object_component_ref idref="oc-168"/>
      </symbol>
      <symbol id="sm-5eb">
         <name>_EQep3Regs</name>
         <value>0x5180</value>
         <object_component_ref idref="oc-178"/>
      </symbol>
      <symbol id="sm-5ec">
         <name>_SyncSocRegs</name>
         <value>0x7940</value>
         <object_component_ref idref="oc-148"/>
      </symbol>
      <symbol id="sm-5ed">
         <name>_EPwm9Regs</name>
         <value>0x4800</value>
         <object_component_ref idref="oc-1a3"/>
      </symbol>
      <symbol id="sm-5ee">
         <name>_NmiIntruptRegs</name>
         <value>0x7060</value>
         <object_component_ref idref="oc-149"/>
      </symbol>
      <symbol id="sm-5ef">
         <name>_EPwm3Regs</name>
         <value>0x4200</value>
         <object_component_ref idref="oc-19d"/>
      </symbol>
      <symbol id="sm-5f0">
         <name>_I2caRegs</name>
         <value>0x7300</value>
         <object_component_ref idref="oc-179"/>
      </symbol>
      <symbol id="sm-60b">
         <name>_c_int00</name>
         <value>0x8765</value>
         <object_component_ref idref="oc-84"/>
      </symbol>
      <symbol id="sm-60c">
         <name>__stack</name>
         <value>0x400</value>
         <object_component_ref idref="oc-1ae"/>
      </symbol>
      <symbol id="sm-61d">
         <name>FS$$DIV</name>
         <value>0x86dd</value>
         <object_component_ref idref="oc-1b4"/>
      </symbol>
      <symbol id="sm-629">
         <name>LL$$AND</name>
         <value>0x8c57</value>
         <object_component_ref idref="oc-1b9"/>
      </symbol>
      <symbol id="sm-62a">
         <name>LL$$OR</name>
         <value>0x8c5f</value>
         <object_component_ref idref="oc-1b9"/>
      </symbol>
      <symbol id="sm-62b">
         <name>LL$$XOR</name>
         <value>0x8c67</value>
         <object_component_ref idref="oc-1b9"/>
      </symbol>
      <symbol id="sm-63a">
         <name>_copy_in</name>
         <value>0x8bfd</value>
         <object_component_ref idref="oc-1e9"/>
      </symbol>
      <symbol id="sm-64b">
         <name>_memcpy</name>
         <value>0x8c21</value>
         <object_component_ref idref="oc-1f7"/>
      </symbol>
      <symbol id="sm-657">
         <name>__system_pre_init</name>
         <value>0xb7fe</value>
         <object_component_ref idref="oc-1e8"/>
      </symbol>
      <symbol id="sm-664">
         <name>__system_post_cinit</name>
         <value>0x87fd</value>
         <object_component_ref idref="oc-1ea"/>
      </symbol>
      <symbol id="sm-678">
         <name>C$$EXIT</name>
         <value>0xb7c9</value>
         <object_component_ref idref="oc-1ec"/>
      </symbol>
      <symbol id="sm-679">
         <name>_exit</name>
         <value>0xb7cb</value>
         <object_component_ref idref="oc-1ec"/>
      </symbol>
      <symbol id="sm-67a">
         <name>___TI_cleanup_ptr</name>
         <value>0xa890</value>
         <object_component_ref idref="oc-1d4"/>
      </symbol>
      <symbol id="sm-67b">
         <name>___TI_enable_exit_profile_output</name>
         <value>0xa88e</value>
         <object_component_ref idref="oc-1d4"/>
      </symbol>
      <symbol id="sm-67c">
         <name>_abort</name>
         <value>0xb7c9</value>
         <object_component_ref idref="oc-1ec"/>
      </symbol>
      <symbol id="sm-67d">
         <name>___TI_dtors_ptr</name>
         <value>0xa892</value>
         <object_component_ref idref="oc-1d4"/>
      </symbol>
      <symbol id="sm-691">
         <name>__unlock</name>
         <value>0xa8a2</value>
         <object_component_ref idref="oc-203"/>
      </symbol>
      <symbol id="sm-692">
         <name>__lock</name>
         <value>0xa8a0</value>
         <object_component_ref idref="oc-1f9"/>
      </symbol>
      <symbol id="sm-693">
         <name>__register_lock</name>
         <value>0xb7f6</value>
         <object_component_ref idref="oc-1fe"/>
      </symbol>
      <symbol id="sm-694">
         <name>__nop</name>
         <value>0xb7fa</value>
         <object_component_ref idref="oc-1fe"/>
      </symbol>
      <symbol id="sm-695">
         <name>__register_unlock</name>
         <value>0xb7f2</value>
         <object_component_ref idref="oc-1fe"/>
      </symbol>
      <symbol id="sm-6a4">
         <name>__args_main</name>
         <value>0x8c3e</value>
         <object_component_ref idref="oc-1eb"/>
      </symbol>
   </symbol_table>
   <title>Link successful</title>
</link_info>
